                        Enregistrements erronés lors du chargement de relevés                    Date :09-SEP-2026  Page : 1

  N°     Contenu   
-------------------------------------------------------------------------------------------------------------------------------
01062 >  0130003    03620EUR2 00020183693  070926                                                  0000000000000{                
 Erreur 001 : Compte bancaire erroné                                                                              
        001 - 002 code enregistrement  = 01                                                                              
        003 - 005 code banque          = 30003                                                                           
        012 - 005 code guichet         = 03620                                                                           
        017 - 003 devise               = EUR                                                                             
        020 - 001 nombre de décimales  = 2                                                                               
        022 - 011 numéro de compte     = 00020183693                                                                     
        033 - 002 code opération AFB   =                                                                                 
        035 - 006 date d'opération     = 070926                                                                          
        091 - 014 ancien solde         = 0000000000000{                                                                  
01207 >  0130003    00080EUR2 00020343254  070926                                                  0000000000000{                
 Erreur 001 : Compte bancaire erroné                                                                              
        001 - 002 code enregistrement  = 01                                                                              
        003 - 005 code banque          = 30003                                                                           
        012 - 005 code guichet         = 00080                                                                           
        017 - 003 devise               = EUR                                                                             
        020 - 001 nombre de décimales  = 2                                                                               
        022 - 011 numéro de compte     = 00020343254                                                                     
        033 - 002 code opération AFB   =                                                                                 
        035 - 006 date d'opération     = 070926                                                                          
        091 - 014 ancien solde         = 0000000000000{                                                                  
02508 >  0130003    03620EUR2 00020137269  070926                                                  0000000000000{                
 Erreur 025 : Journée manquante (date supérieure à celle du dernier relevé chargé)                                
        001 - 002 code enregistrement  = 01                                                                              
        003 - 005 code banque          = 30003                                                                           
        012 - 005 code guichet         = 03620                                                                           
        017 - 003 devise               = EUR                                                                             
        020 - 001 nombre de décimales  = 2                                                                               
        022 - 011 numéro de compte     = 00020137269                                                                     
        033 - 002 code opération AFB   =                                                                                 
        035 - 006 date d'opération     = 070926                                                                          
        091 - 014 ancien solde         = 0000000000000{                                                                  
02886 >  0130003    03620EUR2 00020183677  070926                                                  0000000000000{                
 Erreur 001 : Compte bancaire erroné                                                                              
        001 - 002 code enregistrement  = 01                                                                              
        003 - 005 code banque          = 30003                                                                           
        012 - 005 code guichet         = 03620                                                                           
        017 - 003 devise               = EUR                                                                             
        020 - 001 nombre de décimales  = 2                                                                               
        022 - 011 numéro de compte     = 00020183677                                                                     
        033 - 002 code opération AFB   =                                                                                 
        035 - 006 date d'opération     = 070926                                                                          
        091 - 014 ancien solde         = 0000000000000{                                                                  
                        Enregistrements erronés lors du chargement de relevés                    Date :09-SEP-2026  Page : 2

  N°     Contenu   
-------------------------------------------------------------------------------------------------------------------------------
05770 >  0130003    04170EUR2 00029067075  070926                                                  0000000000000{                
 Erreur 001 : Compte bancaire erroné                                                                              
        001 - 002 code enregistrement  = 01                                                                              
        003 - 005 code banque          = 30003                                                                           
        012 - 005 code guichet         = 04170                                                                           
        017 - 003 devise               = EUR                                                                             
        020 - 001 nombre de décimales  = 2                                                                               
        022 - 011 numéro de compte     = 00029067075                                                                     
        033 - 002 code opération AFB   =                                                                                 
        035 - 006 date d'opération     = 070926                                                                          
        091 - 014 ancien solde         = 0000000000000{                                                                  
05848 >  0130003    03620EUR2 00020183636  070926                                                  0000000000000{                
 Erreur 001 : Compte bancaire erroné                                                                              
        001 - 002 code enregistrement  = 01                                                                              
        003 - 005 code banque          = 30003                                                                           
        012 - 005 code guichet         = 03620                                                                           
        017 - 003 devise               = EUR                                                                             
        020 - 001 nombre de décimales  = 2                                                                               
        022 - 011 numéro de compte     = 00020183636                                                                     
        033 - 002 code opération AFB   =                                                                                 
        035 - 006 date d'opération     = 070926                                                                          
        091 - 014 ancien solde         = 0000000000000{                                                                  
                        Synthèse des relevés, chargement N° 1010034                                   Date :09-SEP-2026  Page : 1

Fichier : /data/flf/files/PDBFINP1/data/in/AFB120.txt
Archivé : /data/flf/files/PDBFINP1/data/traite/AFB120.txt
Recyclé : /data/flf/files/PDBFINP1/data/log/AFB120.txt.err

Err. Relevé   Compte                         Dev Date début      Ancien solde  Date fin       Nouveau solde   Mouvements Debut-Fin
-----------------------------------------------------------------------------------------------------------------------------------
0    1        30003.03175.00020260581        EUR 07-SEP-2026             0.00  08-SEP-2026             0.00       0          1-2    
0    2        30003.03175.00020241599        EUR 07-SEP-2026             0.00  08-SEP-2026             0.00       4          3-19   
0    3        30003.03620.00020010714        EUR 07-SEP-2026             0.00  08-SEP-2026             0.00       0         20-21   
0    4        30003.00550.00020086607        EUR 07-SEP-2026             0.00  08-SEP-2026             0.00       5         22-44   
0    5        30003.01100.00020418951        EUR 07-SEP-2026             0.00  08-SEP-2026             0.00       2         45-50   
0    6        30003.03175.00020496565        EUR 07-SEP-2026             0.00  08-SEP-2026             0.00       0         51-52   
0    7        30003.03175.00020516180        EUR 07-SEP-2026             0.00  08-SEP-2026             0.00       8         53-94   
0    8        30003.03175.00020260524        EUR 07-SEP-2026             0.00  08-SEP-2026             0.00       0         95-96   
0    9        30003.01100.00020025343        EUR 07-SEP-2026             0.00  08-SEP-2026             0.00       111       97-240  
0    10       30003.03175.00020807365        EUR 07-SEP-2026             0.00  08-SEP-2026             0.00       0        241-242  
0    11       30003.03620.00020150049        EUR 07-SEP-2026             0.00  08-SEP-2026             0.00       0        243-244  
0    12       30003.01100.00020429297        EUR 07-SEP-2026             0.00  08-SEP-2026             0.00       0        245-246  
0    13       30003.03175.00020255979        EUR 07-SEP-2026             0.00  08-SEP-2026             0.00       2        247-252  
0    14       30003.03620.00020145213        EUR 07-SEP-2026             0.00  08-SEP-2026             0.00       2        253-258  
0    15       30003.03620.00020166755        EUR 07-SEP-2026             0.00  08-SEP-2026             0.00       3        259-273  
0    16       30003.03175.00020296890        EUR 07-SEP-2026             0.00  08-SEP-2026             0.00       0        274-275  
0    17       30003.03175.00020516081        EUR 07-SEP-2026             0.00  08-SEP-2026             0.00       19       276-369  
0    18       30003.03175.00020516115        EUR 07-SEP-2026             0.00  08-SEP-2026             0.00       0        370-371  
0    19       30003.03620.00020137293        EUR 07-SEP-2026             0.00  08-SEP-2026             0.00       0        372-373  
0    20       30003.03175.00020254030        EUR 07-SEP-2026             0.00  08-SEP-2026             0.00       5        374-400  
0    21       30003.03620.00020010565        EUR 07-SEP-2026             0.00  08-SEP-2026             0.00       4        401-414  
0    22       30003.03175.00020807357        EUR 07-SEP-2026             0.00  08-SEP-2026             0.00       6        415-438  
0    23       30003.02190.00020101501        EUR 07-SEP-2026             0.00  08-SEP-2026             0.00       0        439-440  
0    24       30003.03223.00020051099        EUR 07-SEP-2026             0.00  08-SEP-2026             0.00       2        441-448  
0    25       30003.03620.00020160600        EUR 07-SEP-2026             0.00  08-SEP-2026             0.00       0        449-450  
0    26       30003.01100.00020407558        EUR 07-SEP-2026             0.00  08-SEP-2026             0.00       0        451-452  
0    27       30003.04043.00025150149        EUR 07-SEP-2026             0.00  08-SEP-2026             0.00       7        453-485  
0    28       30003.03620.00020160592        EUR 07-SEP-2026             0.00  08-SEP-2026             0.00       0        486-487  
0    29       30003.01112.00020011356        EUR 07-SEP-2026             0.00  08-SEP-2026             0.00       75       488-874  
0    30       30003.03175.00020471501        EUR 07-SEP-2026             0.00  08-SEP-2026             0.00       2        875-880  
0    31       30003.03175.00020485402        EUR 07-SEP-2026             0.00  08-SEP-2026             0.00       5        881-901  
0    32       30003.03620.00020150056        EUR 07-SEP-2026             0.00  08-SEP-2026             0.00       13       902-949  
0    33       30003.03175.00020260508        EUR 07-SEP-2026             0.00  08-SEP-2026             0.00       10       950-975  
0    34       30003.03175.00020340532        EUR 07-SEP-2026             0.00  08-SEP-2026             0.00       2        976-981  
0    35       30003.03175.00020294614        EUR 07-SEP-2026             0.00  08-SEP-2026             0.00       2        982-987  
0    36       30003.03175.00020485428        EUR 07-SEP-2026             0.00  08-SEP-2026             0.00       3        988-996  
0    37       30003.03175.00020308026        EUR 07-SEP-2026             0.00  08-SEP-2026             0.00       5        997-1015 
0    38       30003.03175.00020285125        EUR 07-SEP-2026             0.00  08-SEP-2026             0.00       2       1016-1021 
0    39       30003.03175.00020516156        EUR 07-SEP-2026             0.00  08-SEP-2026             0.00       0       1022-1023 
0    40       30003.03175.00020282551        EUR 07-SEP-2026             0.00  08-SEP-2026             0.00       9       1024-1061 
1    41       30003.03620.00020183693        EUR 07-SEP-2026             0.00  08-SEP-2026             0.00       0       1062-1063 
0    42       30003.04170.00029067232        EUR 07-SEP-2026             0.00  08-SEP-2026             0.00       2       1064-1069 
0    43       30003.03175.00020175144        EUR 07-SEP-2026             0.00  08-SEP-2026             0.00       4       1070-1082 
0    44       30003.02250.00020001131        EUR 07-SEP-2026             0.00  08-SEP-2026             0.00       3       1083-1092 
0    45       30003.03175.00020340482        EUR 07-SEP-2026             0.00  08-SEP-2026             0.00       4       1093-1109 
0    46       30003.03620.00020150163        EUR 07-SEP-2026             0.00  08-SEP-2026             0.00       4       1110-1122 
                        Synthèse des relevés, chargement N° 1010034                                   Date :09-SEP-2026  Page : 2

Fichier : /data/flf/files/PDBFINP1/data/in/AFB120.txt
Archivé : /data/flf/files/PDBFINP1/data/traite/AFB120.txt
Recyclé : /data/flf/files/PDBFINP1/data/log/AFB120.txt.err

Err. Relevé   Compte                         Dev Date début      Ancien solde  Date fin       Nouveau solde   Mouvements Debut-Fin
-----------------------------------------------------------------------------------------------------------------------------------
0    47       30003.03620.00020139257        EUR 07-SEP-2026             0.00  08-SEP-2026             0.00       5       1123-1153 
0    48       30003.03175.00020340490        EUR 07-SEP-2026             0.00  08-SEP-2026             0.00       2       1154-1159 
0    49       30003.03620.00020010540        EUR 07-SEP-2026             0.00  08-SEP-2026             0.00       3       1160-1168 
0    50       30003.03175.00020288152        EUR 07-SEP-2026             0.00  08-SEP-2026             0.00       0       1169-1170 
0    51       30003.03175.00020294374        EUR 07-SEP-2026             0.00  08-SEP-2026             0.00       0       1171-1172 
0    52       30003.03175.00020258809        EUR 07-SEP-2026             0.00  08-SEP-2026             0.00       9       1173-1206 
1    53       30003.00080.00020343254        EUR 07-SEP-2026             0.00  08-SEP-2026             0.00       194     1207-2014 
0    54       30003.01469.00020891376        EUR 07-SEP-2026             0.00  08-SEP-2026             0.00       0       2015-2016 
0    55       30003.03175.00020260516        EUR 07-SEP-2026             0.00  08-SEP-2026             0.00       4       2017-2029 
0    56       30003.01100.00020411097        EUR 07-SEP-2026             0.00  08-SEP-2026             0.00       0       2030-2031 
0    57       30003.01100.00020410271        EUR 07-SEP-2026             0.00  08-SEP-2026             0.00       0       2032-2033 
0    58       30003.03620.00020150197        EUR 07-SEP-2026             0.00  08-SEP-2026             0.00       0       2034-2035 
0    59       30003.01100.00020406238        EUR 07-SEP-2026             0.00  08-SEP-2026             0.00       0       2036-2037 
0    60       30003.03620.00020010672        EUR 07-SEP-2026             0.00  08-SEP-2026             0.00       0       2038-2039 
0    61       30003.03175.00020496532        EUR 07-SEP-2026             0.00  08-SEP-2026             0.00       0       2040-2041 
0    62       30003.03175.00020485444        EUR 07-SEP-2026             0.00  08-SEP-2026             0.00       0       2042-2043 
0    63       30003.01240.00025150024        EUR 07-SEP-2026             0.00  08-SEP-2026             0.00       76      2044-2389 
0    64       30003.03175.00020516164        EUR 07-SEP-2026             0.00  08-SEP-2026             0.00       6       2390-2419 
0    65       30003.03175.00020471493        EUR 07-SEP-2026             0.00  08-SEP-2026             0.00       2       2420-2429 
0    66       30003.01100.00020398294        EUR 07-SEP-2026             0.00  08-SEP-2026             0.00       0       2430-2431 
0    67       30003.00050.00020022020        EUR 07-SEP-2026             0.00  08-SEP-2026             0.00       3       2432-2447 
0    68       30003.03859.00025150453        EUR 07-SEP-2026             0.00  08-SEP-2026             0.00       0       2448-2449 
0    69       30003.03175.00020297690        EUR 07-SEP-2026             0.00  08-SEP-2026             0.00       0       2450-2451 
0    70       30003.03175.00020294630        EUR 07-SEP-2026             0.00  08-SEP-2026             0.00       2       2452-2457 
0    71       30003.03175.00020260458        EUR 07-SEP-2026             0.00  08-SEP-2026             0.00       5       2458-2475 
0    72       30003.03175.00020496391        EUR 07-SEP-2026             0.00  08-SEP-2026             0.00       0       2476-2477 
0    73       30003.03620.00020150064        EUR 07-SEP-2026             0.00  08-SEP-2026             0.00       0       2478-2479 
0    74       30003.03175.00020297708        EUR 07-SEP-2026             0.00  08-SEP-2026             0.00       0       2480-2481 
0    75       30003.03620.00020160634        EUR 07-SEP-2026             0.00  08-SEP-2026             0.00       0       2482-2483 
0    76       30003.01100.00020404134        EUR 07-SEP-2026             0.00  08-SEP-2026             0.00       3       2484-2495 
0    77       30003.01785.00025156641        EUR 07-SEP-2026             0.00  08-SEP-2026             0.00       0       2496-2497 
0    78       30003.03620.00020575849        EUR 07-SEP-2026             0.00  08-SEP-2026             0.00       0       2498-2499 
0    79       30003.01100.00020273851        EUR 07-SEP-2026             0.00  08-SEP-2026             0.00       0       2500-2501 
0    80       30003.01100.00020428349        EUR 07-SEP-2026             0.00  08-SEP-2026             0.00       2       2502-2507 
1    81       30003.03620.00020137269        EUR 07-SEP-2026             0.00  08-SEP-2026             0.00       0       2508-2509 
0    82       30003.03620.00020167886        EUR 07-SEP-2026             0.00  08-SEP-2026             0.00       0       2510-2511 
0    83       30003.01100.00020409398        EUR 07-SEP-2026             0.00  08-SEP-2026             0.00       4       2512-2521 
0    84       30003.01100.00020392081        EUR 07-SEP-2026             0.00  08-SEP-2026             0.00       2       2522-2530 
0    85       30003.01100.00020417243        EUR 07-SEP-2026             0.00  08-SEP-2026             0.00       3       2531-2538 
0    86       30003.03620.00020674659        EUR 07-SEP-2026             0.00  08-SEP-2026             0.00       0       2539-2540 
0    87       30003.03175.00020176167        EUR 07-SEP-2026             0.00  08-SEP-2026             0.00       2       2541-2546 
0    88       30003.01467.00020728976        EUR 07-SEP-2026             0.00  08-SEP-2026             0.00       8       2547-2579 
0    89       30003.03620.00020010664        EUR 07-SEP-2026             0.00  08-SEP-2026             0.00       13      2580-2651 
0    90       30003.03175.00020255516        EUR 07-SEP-2026             0.00  08-SEP-2026             0.00       0       2652-2653 
0    91       30003.03175.00020359177        EUR 07-SEP-2026             0.00  08-SEP-2026             0.00       3       2654-2666 
0    92       30003.03620.00020010581        EUR 07-SEP-2026             0.00  08-SEP-2026             0.00       2       2667-2672 
0    93       30003.03175.00020294648        EUR 07-SEP-2026             0.00  08-SEP-2026             0.00       0       2673-2674 
                        Synthèse des relevés, chargement N° 1010034                                   Date :09-SEP-2026  Page : 3

Fichier : /data/flf/files/PDBFINP1/data/in/AFB120.txt
Archivé : /data/flf/files/PDBFINP1/data/traite/AFB120.txt
Recyclé : /data/flf/files/PDBFINP1/data/log/AFB120.txt.err

Err. Relevé   Compte                         Dev Date début      Ancien solde  Date fin       Nouveau solde   Mouvements Debut-Fin
-----------------------------------------------------------------------------------------------------------------------------------
0    94       30003.01100.00020410065        EUR 07-SEP-2026             0.00  08-SEP-2026             0.00       2       2675-2680 
0    95       30003.01100.00020416740        EUR 07-SEP-2026             0.00  08-SEP-2026             0.00       0       2681-2682 
0    96       30003.03620.00020169601        EUR 07-SEP-2026             0.00  08-SEP-2026             0.00       0       2683-2684 
0    97       30003.03175.00020283401        EUR 07-SEP-2026             0.00  08-SEP-2026             0.00       4       2685-2699 
0    98       30003.03620.00020150189        EUR 07-SEP-2026             0.00  08-SEP-2026             0.00       2       2700-2709 
0    99       30003.01100.00020419371        EUR 07-SEP-2026             0.00  08-SEP-2026             0.00       4       2710-2722 
0    100      30003.01100.00020394897        EUR 07-SEP-2026             0.00  08-SEP-2026             0.00       0       2723-2724 
0    101      30003.03175.00020485436        EUR 07-SEP-2026             0.00  08-SEP-2026             0.00       0       2725-2726 
0    102      30003.03620.00020010656        EUR 07-SEP-2026             0.00  08-SEP-2026             0.00       0       2727-2728 
0    103      30003.03175.00020317308        EUR 07-SEP-2026             0.00  08-SEP-2026             0.00       3       2729-2742 
0    104      30003.03620.00020551055        EUR 07-SEP-2026             0.00  08-SEP-2026             0.00       0       2743-2744 
0    105      30003.01100.00020427820        EUR 07-SEP-2026             0.00  08-SEP-2026             0.00       0       2745-2746 
0    106      30003.03175.00020807423        EUR 07-SEP-2026             0.00  08-SEP-2026             0.00       0       2747-2748 
0    107      30003.01469.00020890485        EUR 07-SEP-2026             0.00  08-SEP-2026             0.00       2       2749-2754 
0    108      30003.03620.00020150098        EUR 07-SEP-2026             0.00  08-SEP-2026             0.00       2       2755-2760 
0    109      30003.03620.00020167191        EUR 07-SEP-2026             0.00  08-SEP-2026             0.00       5       2761-2774 
0    110      30003.03175.00020172778        EUR 07-SEP-2026             0.00  08-SEP-2026             0.00       0       2775-2776 
0    111      30003.01100.00020410685        EUR 07-SEP-2026             0.00  08-SEP-2026             0.00       0       2777-2778 
0    112      30003.03175.00020294366        EUR 07-SEP-2026             0.00  08-SEP-2026             0.00       0       2779-2780 
0    113      30003.01112.00020006513        EUR 07-SEP-2026             0.00  08-SEP-2026             0.00       2       2781-2787 
0    114      30003.03620.00020010680        EUR 07-SEP-2026             0.00  08-SEP-2026             0.00       0       2788-2789 
0    115      30003.02360.00020117309        EUR 07-SEP-2026             0.00  08-SEP-2026             0.00       11      2790-2838 
0    116      30003.03175.00020103104        EUR 07-SEP-2026             0.00  08-SEP-2026             0.00       0       2839-2840 
0    117      30003.03175.00020255524        EUR 07-SEP-2026             0.00  08-SEP-2026             0.00       0       2841-2842 
0    118      30003.03175.00020304173        EUR 07-SEP-2026             0.00  08-SEP-2026             0.00       4       2843-2862 
0    119      30003.03175.00020279391        EUR 07-SEP-2026             0.00  08-SEP-2026             0.00       2       2863-2869 
0    120      30003.03175.00020340516        EUR 07-SEP-2026             0.00  08-SEP-2026             0.00       0       2870-2871 
0    121      30003.03620.00020012645        EUR 07-SEP-2026             0.00  08-SEP-2026             0.00       0       2872-2873 
0    122      30003.03175.00020289366        EUR 07-SEP-2026             0.00  08-SEP-2026             0.00       0       2874-2875 
0    123      30003.03620.00020010573        EUR 07-SEP-2026             0.00  08-SEP-2026             0.00       0       2876-2877 
0    124      30003.03620.00020160626        EUR 07-SEP-2026             0.00  08-SEP-2026             0.00       0       2878-2879 
0    125      30003.03175.00020281801        EUR 07-SEP-2026             0.00  08-SEP-2026             0.00       2       2880-2885 
1    126      30003.03620.00020183677        EUR 07-SEP-2026             0.00  08-SEP-2026             0.00       0       2886-2887 
0    127      30003.02280.00025150107        EUR 07-SEP-2026             0.00  08-SEP-2026             0.00       8       2888-2935 
0    128      30003.03175.00020170681        EUR 07-SEP-2026             0.00  08-SEP-2026             0.00       15      2936-3002 
0    129      30003.02280.00025150354        EUR 07-SEP-2026             0.00  08-SEP-2026             0.00       2       3003-3012 
0    130      30003.03175.00020285109        EUR 07-SEP-2026             0.00  08-SEP-2026             0.00       2       3013-3017 
0    131      30003.03175.00020203722        EUR 07-SEP-2026             0.00  08-SEP-2026             0.00       6       3018-3046 
0    132      30003.03175.00020444219        EUR 07-SEP-2026             0.00  08-SEP-2026             0.00       3       3047-3055 
0    133      30003.03175.00020250699        EUR 07-SEP-2026             0.00  08-SEP-2026             0.00       0       3056-3057 
0    134      30003.03620.00020169593        EUR 07-SEP-2026             0.00  08-SEP-2026             0.00       0       3058-3059 
0    135      30003.03175.00020295249        EUR 07-SEP-2026             0.00  08-SEP-2026             0.00       6       3060-3081 
0    136      30003.01100.00020411105        EUR 07-SEP-2026             0.00  08-SEP-2026             0.00       2       3082-3090 
0    137      30003.02280.00020405514        EUR 07-SEP-2026             0.00  08-SEP-2026             0.00       0       3091-3092 
0    138      30003.03620.00020150031        EUR 07-SEP-2026             0.00  08-SEP-2026             0.00       0       3093-3094 
0    139      30003.02280.00025150149        EUR 07-SEP-2026             0.00  08-SEP-2026             0.00       0       3095-3096 
0    140      30003.01207.00020186650        EUR 07-SEP-2026             0.00  08-SEP-2026             0.00       66      3097-3365 
                        Synthèse des relevés, chargement N° 1010034                                   Date :09-SEP-2026  Page : 4

Fichier : /data/flf/files/PDBFINP1/data/in/AFB120.txt
Archivé : /data/flf/files/PDBFINP1/data/traite/AFB120.txt
Recyclé : /data/flf/files/PDBFINP1/data/log/AFB120.txt.err

Err. Relevé   Compte                         Dev Date début      Ancien solde  Date fin       Nouveau solde   Mouvements Debut-Fin
-----------------------------------------------------------------------------------------------------------------------------------
0    141      30003.03175.00020807340        EUR 07-SEP-2026             0.00  08-SEP-2026             0.00       6       3366-3391 
0    142      30003.01100.00020415643        EUR 07-SEP-2026             0.00  08-SEP-2026             0.00       0       3392-3393 
0    143      30003.03620.00020137285        EUR 07-SEP-2026             0.00  08-SEP-2026             0.00       0       3394-3395 
0    144      30003.03175.00020516172        EUR 07-SEP-2026             0.00  08-SEP-2026             0.00       0       3396-3397 
0    145      30003.01100.00020411865        EUR 07-SEP-2026             0.00  08-SEP-2026             0.00       36      3398-3587 
0    146      30003.03620.00020169619        EUR 07-SEP-2026             0.00  08-SEP-2026             0.00       0       3588-3589 
0    147      30003.03620.00020150148        EUR 07-SEP-2026             0.00  08-SEP-2026             0.00       0       3590-3591 
0    148      30003.03175.00020496581        EUR 07-SEP-2026             0.00  08-SEP-2026             0.00       0       3592-3593 
0    149      30003.03175.00020496292        EUR 07-SEP-2026             0.00  08-SEP-2026             0.00       0       3594-3595 
0    150      30003.02280.00025150164        EUR 07-SEP-2026             0.00  08-SEP-2026             0.00       0       3596-3597 
0    151      30003.03175.00020177637        EUR 07-SEP-2026             0.00  08-SEP-2026             0.00       4       3598-3607 
0    152      30003.03175.00020471485        EUR 07-SEP-2026             0.00  08-SEP-2026             0.00       2       3608-3613 
0    153      30003.03620.00020150023        EUR 07-SEP-2026             0.00  08-SEP-2026             0.00       2       3614-3619 
0    154      30003.03175.00020288137        EUR 07-SEP-2026             0.00  08-SEP-2026             0.00       0       3620-3621 
0    155      30003.03859.00025150347        EUR 07-SEP-2026             0.00  08-SEP-2026             0.00       124     3622-4238 
0    156      30003.03175.00020468648        EUR 07-SEP-2026             0.00  08-SEP-2026             0.00       0       4239-4240 
0    157      30003.03175.00020250681        EUR 07-SEP-2026             0.00  08-SEP-2026             0.00       7       4241-4271 
0    158      30003.03175.00020120439        EUR 07-SEP-2026             0.00  08-SEP-2026             0.00       3       4272-4281 
0    159      30003.03175.00020288160        EUR 07-SEP-2026             0.00  08-SEP-2026             0.00       0       4282-4283 
0    160      30003.01100.00020415619        EUR 07-SEP-2026             0.00  08-SEP-2026             0.00       0       4284-4285 
0    161      30003.01100.00020415486        EUR 07-SEP-2026             0.00  08-SEP-2026             0.00       4       4286-4300 
0    162      30003.00400.00020039818        EUR 07-SEP-2026             0.00  08-SEP-2026             0.00       6       4301-4318 
0    163      30003.01469.00020843989        EUR 07-SEP-2026             0.00  08-SEP-2026             0.00       87      4319-4734 
0    164      30003.03175.00020256076        EUR 07-SEP-2026             0.00  08-SEP-2026             0.00       0       4735-4736 
0    165      30003.03175.00020471519        EUR 07-SEP-2026             0.00  08-SEP-2026             0.00       0       4737-4738 
0    166      30003.03175.00020262181        EUR 07-SEP-2026             0.00  08-SEP-2026             0.00       0       4739-4740 
0    167      30003.01785.00025155114        EUR 07-SEP-2026             0.00  08-SEP-2026             0.00       49      4741-4979 
0    168      30003.03175.00020496540        EUR 07-SEP-2026             0.00  08-SEP-2026             0.00       0       4980-4981 
0    169      30003.01240.00020277947        EUR 07-SEP-2026             0.00  08-SEP-2026             0.00       3       4982-4998 
0    170      30003.03175.00020496557        EUR 07-SEP-2026             0.00  08-SEP-2026             0.00       0       4999-5000 
0    171      30003.00370.00025100813        EUR 07-SEP-2026             0.00  08-SEP-2026             0.00       31      5001-5146 
0    172      30003.01100.00020414166        EUR 07-SEP-2026             0.00  08-SEP-2026             0.00       0       5147-5148 
0    173      30003.01240.00025151519        EUR 07-SEP-2026             0.00  08-SEP-2026             0.00       0       5149-5150 
0    174      30003.01100.00020415601        EUR 07-SEP-2026             0.00  08-SEP-2026             0.00       0       5151-5152 
0    175      30003.03175.00020185812        EUR 07-SEP-2026             0.00  08-SEP-2026             0.00       2       5153-5159 
0    176      30003.03175.00020516107        EUR 07-SEP-2026             0.00  08-SEP-2026             0.00       3       5160-5168 
0    177      30003.03620.00020150106        EUR 07-SEP-2026             0.00  08-SEP-2026             0.00       0       5169-5170 
0    178      30003.03175.00020241573        EUR 07-SEP-2026             0.00  08-SEP-2026             0.00       4       5171-5181 
0    179      30003.01100.00020417011        EUR 07-SEP-2026             0.00  08-SEP-2026             0.00       5       5182-5202 
0    180      30003.03620.00020150130        EUR 07-SEP-2026             0.00  08-SEP-2026             0.00       0       5203-5204 
0    181      30003.01100.00020070505        EUR 07-SEP-2026             0.00  08-SEP-2026             0.00       0       5205-5206 
0    182      30003.03175.00020496425        EUR 07-SEP-2026             0.00  08-SEP-2026             0.00       0       5207-5208 
0    183      30003.03620.00020030530        EUR 07-SEP-2026             0.00  08-SEP-2026             0.00       2       5209-5215 
0    184      30003.01100.00020415510        EUR 07-SEP-2026             0.00  08-SEP-2026             0.00       0       5216-5217 
0    185      30003.03175.00020103096        EUR 07-SEP-2026             0.00  08-SEP-2026             0.00       0       5218-5219 
0    186      30003.01100.00020414331        EUR 07-SEP-2026             0.00  08-SEP-2026             0.00       5       5220-5236 
0    187      30003.01100.00020399698        EUR 07-SEP-2026             0.00  08-SEP-2026             0.00       23      5237-5261 
                        Synthèse des relevés, chargement N° 1010034                                   Date :09-SEP-2026  Page : 5

Fichier : /data/flf/files/PDBFINP1/data/in/AFB120.txt
Archivé : /data/flf/files/PDBFINP1/data/traite/AFB120.txt
Recyclé : /data/flf/files/PDBFINP1/data/log/AFB120.txt.err

Err. Relevé   Compte                         Dev Date début      Ancien solde  Date fin       Nouveau solde   Mouvements Debut-Fin
-----------------------------------------------------------------------------------------------------------------------------------
0    188      30003.01240.00025151626        EUR 07-SEP-2026             0.00  08-SEP-2026             0.00       0       5262-5263 
0    189      30003.01100.00020389632        EUR 07-SEP-2026             0.00  08-SEP-2026             0.00       0       5264-5265 
0    190      30003.03175.00020103112        EUR 07-SEP-2026             0.00  08-SEP-2026             0.00       0       5266-5267 
0    191      30003.02280.00025150123        EUR 07-SEP-2026             0.00  08-SEP-2026             0.00       0       5268-5269 
0    192      30003.03620.00020674626        EUR 07-SEP-2026             0.00  08-SEP-2026             0.00       0       5270-5271 
0    193      30003.02280.00025720792        EUR 07-SEP-2026             0.00  08-SEP-2026             0.00       85      5272-5658 
0    194      30003.03620.00020137228        EUR 07-SEP-2026             0.00  08-SEP-2026             0.00       18      5659-5745 
0    195      30003.01100.00020073640        EUR 07-SEP-2026             0.00  08-SEP-2026             0.00       2       5746-5752 
0    196      30003.03175.00020294622        EUR 07-SEP-2026             0.00  08-SEP-2026             0.00       0       5753-5754 
0    197      30003.00580.00020006882        EUR 07-SEP-2026             0.00  08-SEP-2026             0.00       2       5755-5761 
0    198      30003.00550.00020079388        EUR 07-SEP-2026             0.00  08-SEP-2026             0.00       0       5762-5763 
0    199      30003.03175.00020496417        EUR 07-SEP-2026             0.00  08-SEP-2026             0.00       0       5764-5765 
0    200      30003.03620.00020175756        EUR 07-SEP-2026             0.00  08-SEP-2026             0.00       0       5766-5767 
0    201      30003.01100.00020410289        EUR 07-SEP-2026             0.00  08-SEP-2026             0.00       0       5768-5769 
1    202      30003.04170.00029067075        EUR 07-SEP-2026             0.00  08-SEP-2026             0.00       13      5770-5836 
0    203      30003.01100.00020398351        EUR 07-SEP-2026             0.00  08-SEP-2026             0.00       3       5837-5847 
1    204      30003.03620.00020183636        EUR 07-SEP-2026             0.00  08-SEP-2026             0.00       0       5848-5849 
0    205      30003.01100.00020394400        EUR 07-SEP-2026             0.00  08-SEP-2026             0.00       3       5850-5857 
0    206      30003.03175.00020485410        EUR 07-SEP-2026             0.00  08-SEP-2026             0.00       5       5858-5877 
0    207      30003.03175.00020354244        EUR 07-SEP-2026             0.00  08-SEP-2026             0.00       7       5878-5910 
0    208      30003.03620.00020169544        EUR 07-SEP-2026             0.00  08-SEP-2026             0.00       0       5911-5912 
0    209      30003.01100.00020416815        EUR 07-SEP-2026             0.00  08-SEP-2026             0.00       2       5913-5920 
0    210      30003.03620.00020160584        EUR 07-SEP-2026             0.00  08-SEP-2026             0.00       4       5921-5938 
0    211      30003.03175.00020251895        EUR 07-SEP-2026             0.00  08-SEP-2026             0.00       0       5939-5940 
0    212      30003.03175.00020285000        EUR 07-SEP-2026             0.00  08-SEP-2026             0.00       0       5941-5942 
0    213      30003.03175.00020297682        EUR 07-SEP-2026             0.00  08-SEP-2026             0.00       3       5943-5953 
-----------------------------------------------------------------------------------------------------------------------------------
                                             Relevés chargés 207      Lignes chargées 1181  
                                                     erreurs 6                erreurs 207   
                                                     total   213              total   1388  
