                        Enregistrements erronés lors du chargement de relevés                    Date :08-SEP-2026  Page : 1

  N°     Contenu   
-------------------------------------------------------------------------------------------------------------------------------
01343 >  0130003    03620EUR2 00020183677  040926                                                  0000000000000{                
 Erreur 001 : Compte bancaire erroné                                                                              
        001 - 002 code enregistrement  = 01                                                                              
        003 - 005 code banque          = 30003                                                                           
        012 - 005 code guichet         = 03620                                                                           
        017 - 003 devise               = EUR                                                                             
        020 - 001 nombre de décimales  = 2                                                                               
        022 - 011 numéro de compte     = 00020183677                                                                     
        033 - 002 code opération AFB   =                                                                                 
        035 - 006 date d'opération     = 040926                                                                          
        091 - 014 ancien solde         = 0000000000000{                                                                  
02301 >  0130003    03620EUR2 00020137269  040926                                                  0000000000000{                
 Erreur 025 : Journée manquante (date supérieure à celle du dernier relevé chargé)                                
        001 - 002 code enregistrement  = 01                                                                              
        003 - 005 code banque          = 30003                                                                           
        012 - 005 code guichet         = 03620                                                                           
        017 - 003 devise               = EUR                                                                             
        020 - 001 nombre de décimales  = 2                                                                               
        022 - 011 numéro de compte     = 00020137269                                                                     
        033 - 002 code opération AFB   =                                                                                 
        035 - 006 date d'opération     = 040926                                                                          
        091 - 014 ancien solde         = 0000000000000{                                                                  
03348 >  0130003    03620EUR2 00020183693  040926                                                  0000000000000{                
 Erreur 001 : Compte bancaire erroné                                                                              
        001 - 002 code enregistrement  = 01                                                                              
        003 - 005 code banque          = 30003                                                                           
        012 - 005 code guichet         = 03620                                                                           
        017 - 003 devise               = EUR                                                                             
        020 - 001 nombre de décimales  = 2                                                                               
        022 - 011 numéro de compte     = 00020183693                                                                     
        033 - 002 code opération AFB   =                                                                                 
        035 - 006 date d'opération     = 040926                                                                          
        091 - 014 ancien solde         = 0000000000000{                                                                  
03367 >  0130003    00080EUR2 00020343254  040926                                                  0000000000000{                
 Erreur 001 : Compte bancaire erroné                                                                              
        001 - 002 code enregistrement  = 01                                                                              
        003 - 005 code banque          = 30003                                                                           
        012 - 005 code guichet         = 00080                                                                           
        017 - 003 devise               = EUR                                                                             
        020 - 001 nombre de décimales  = 2                                                                               
        022 - 011 numéro de compte     = 00020343254                                                                     
        033 - 002 code opération AFB   =                                                                                 
        035 - 006 date d'opération     = 040926                                                                          
        091 - 014 ancien solde         = 0000000000000{                                                                  
                        Enregistrements erronés lors du chargement de relevés                    Date :08-SEP-2026  Page : 2

  N°     Contenu   
-------------------------------------------------------------------------------------------------------------------------------
05310 >  0130003    03620EUR2 00020183636  040926                                                  0000000000000{                
 Erreur 001 : Compte bancaire erroné                                                                              
        001 - 002 code enregistrement  = 01                                                                              
        003 - 005 code banque          = 30003                                                                           
        012 - 005 code guichet         = 03620                                                                           
        017 - 003 devise               = EUR                                                                             
        020 - 001 nombre de décimales  = 2                                                                               
        022 - 011 numéro de compte     = 00020183636                                                                     
        033 - 002 code opération AFB   =                                                                                 
        035 - 006 date d'opération     = 040926                                                                          
        091 - 014 ancien solde         = 0000000000000{                                                                  
05553 >  0130003    04170EUR2 00029067075  040926                                                  0000000000000{                
 Erreur 001 : Compte bancaire erroné                                                                              
        001 - 002 code enregistrement  = 01                                                                              
        003 - 005 code banque          = 30003                                                                           
        012 - 005 code guichet         = 04170                                                                           
        017 - 003 devise               = EUR                                                                             
        020 - 001 nombre de décimales  = 2                                                                               
        022 - 011 numéro de compte     = 00029067075                                                                     
        033 - 002 code opération AFB   =                                                                                 
        035 - 006 date d'opération     = 040926                                                                          
        091 - 014 ancien solde         = 0000000000000{                                                                  
                        Synthèse des relevés, chargement N° 1010031                                   Date :08-SEP-2026  Page : 1

Fichier : /data/flf/files/PDBFINP1/data/in/AFB120.txt
Archivé : /data/flf/files/PDBFINP1/data/traite/AFB120.txt
Recyclé : /data/flf/files/PDBFINP1/data/log/AFB120.txt.err

Err. Relevé   Compte                         Dev Date début      Ancien solde  Date fin       Nouveau solde   Mouvements Debut-Fin
-----------------------------------------------------------------------------------------------------------------------------------
0    1        30003.03620.00020137285        EUR 04-SEP-2026             0.00  07-SEP-2026             0.00       0          1-2    
0    2        30003.03175.00020260458        EUR 04-SEP-2026             0.00  07-SEP-2026             0.00       3          3-13   
0    3        30003.03175.00020294630        EUR 04-SEP-2026             0.00  07-SEP-2026             0.00       0         14-15   
0    4        30003.03175.00020288152        EUR 04-SEP-2026             0.00  07-SEP-2026             0.00       0         16-17   
0    5        30003.03620.00020010672        EUR 04-SEP-2026             0.00  07-SEP-2026             0.00       0         18-19   
0    6        30003.03175.00020516156        EUR 04-SEP-2026             0.00  07-SEP-2026             0.00       0         20-21   
0    7        30003.03175.00020340532        EUR 04-SEP-2026             0.00  07-SEP-2026             0.00       3         22-37   
0    8        30003.01100.00020398294        EUR 04-SEP-2026             0.00  07-SEP-2026             0.00       0         38-39   
0    9        30003.01100.00020417243        EUR 04-SEP-2026             0.00  07-SEP-2026             0.00       3         40-51   
0    10       30003.03175.00020177637        EUR 04-SEP-2026             0.00  07-SEP-2026             0.00       4         52-70   
0    11       30003.03620.00020175756        EUR 04-SEP-2026             0.00  07-SEP-2026             0.00       0         71-72   
0    12       30003.03620.00020167191        EUR 04-SEP-2026             0.00  07-SEP-2026             0.00       5         73-85   
0    13       30003.03175.00020251895        EUR 04-SEP-2026             0.00  07-SEP-2026             0.00       9         86-125  
0    14       30003.01240.00025150024        EUR 04-SEP-2026             0.00  07-SEP-2026             0.00       73       126-450  
0    15       30003.03620.00020169619        EUR 04-SEP-2026             0.00  07-SEP-2026             0.00       0        451-452  
0    16       30003.03620.00020674659        EUR 04-SEP-2026             0.00  07-SEP-2026             0.00       0        453-454  
0    17       30003.03175.00020294648        EUR 04-SEP-2026             0.00  07-SEP-2026             0.00       2        455-462  
0    18       30003.03175.00020807357        EUR 04-SEP-2026             0.00  07-SEP-2026             0.00       17       463-537  
0    19       30003.01100.00020429297        EUR 04-SEP-2026             0.00  07-SEP-2026             0.00       0        538-539  
0    20       30003.01100.00020410289        EUR 04-SEP-2026             0.00  07-SEP-2026             0.00       0        540-541  
0    21       30003.01469.00020843989        EUR 04-SEP-2026             0.00  07-SEP-2026             0.00       95       542-951  
0    22       30003.03620.00020012645        EUR 04-SEP-2026             0.00  07-SEP-2026             0.00       0        952-953  
0    23       30003.03175.00020294614        EUR 04-SEP-2026             0.00  07-SEP-2026             0.00       0        954-955  
0    24       30003.03175.00020285109        EUR 04-SEP-2026             0.00  07-SEP-2026             0.00       3        956-968  
0    25       30003.01100.00020417011        EUR 04-SEP-2026             0.00  07-SEP-2026             0.00       5        969-981  
0    26       30003.03175.00020296890        EUR 04-SEP-2026             0.00  07-SEP-2026             0.00       0        982-983  
0    27       30003.00550.00020079388        EUR 04-SEP-2026             0.00  07-SEP-2026             0.00       0        984-985  
0    28       30003.03175.00020516164        EUR 04-SEP-2026             0.00  07-SEP-2026             0.00       26       986-1115 
0    29       30003.03620.00020150130        EUR 04-SEP-2026             0.00  07-SEP-2026             0.00       0       1116-1117 
0    30       30003.01240.00020277947        EUR 04-SEP-2026             0.00  07-SEP-2026             0.00       21      1118-1245 
0    31       30003.03175.00020289366        EUR 04-SEP-2026             0.00  07-SEP-2026             0.00       0       1246-1247 
0    32       30003.03175.00020304173        EUR 04-SEP-2026             0.00  07-SEP-2026             0.00       3       1248-1260 
0    33       30003.01100.00020414331        EUR 04-SEP-2026             0.00  07-SEP-2026             0.00       2       1261-1270 
0    34       30003.03175.00020288137        EUR 04-SEP-2026             0.00  07-SEP-2026             0.00       0       1271-1272 
0    35       30003.01100.00020392081        EUR 04-SEP-2026             0.00  07-SEP-2026             0.00       3       1273-1289 
0    36       30003.03620.00020169593        EUR 04-SEP-2026             0.00  07-SEP-2026             0.00       0       1290-1291 
0    37       30003.03620.00020010581        EUR 04-SEP-2026             0.00  07-SEP-2026             0.00       3       1292-1304 
0    38       30003.03620.00020674626        EUR 04-SEP-2026             0.00  07-SEP-2026             0.00       0       1305-1306 
0    39       30003.03175.00020241573        EUR 04-SEP-2026             0.00  07-SEP-2026             0.00       0       1307-1308 
0    40       30003.01100.00020416740        EUR 04-SEP-2026             0.00  07-SEP-2026             0.00       0       1309-1310 
0    41       30003.01100.00020415643        EUR 04-SEP-2026             0.00  07-SEP-2026             0.00       0       1311-1312 
0    42       30003.01100.00020415601        EUR 04-SEP-2026             0.00  07-SEP-2026             0.00       0       1313-1314 
0    43       30003.03175.00020297690        EUR 04-SEP-2026             0.00  07-SEP-2026             0.00       0       1315-1316 
0    44       30003.03859.00025150453        EUR 04-SEP-2026             0.00  07-SEP-2026             0.00       0       1317-1318 
0    45       30003.03175.00020203722        EUR 04-SEP-2026             0.00  07-SEP-2026             0.00       2       1319-1326 
0    46       30003.00550.00020086607        EUR 04-SEP-2026             0.00  07-SEP-2026             0.00       0       1327-1328 
                        Synthèse des relevés, chargement N° 1010031                                   Date :08-SEP-2026  Page : 2

Fichier : /data/flf/files/PDBFINP1/data/in/AFB120.txt
Archivé : /data/flf/files/PDBFINP1/data/traite/AFB120.txt
Recyclé : /data/flf/files/PDBFINP1/data/log/AFB120.txt.err

Err. Relevé   Compte                         Dev Date début      Ancien solde  Date fin       Nouveau solde   Mouvements Debut-Fin
-----------------------------------------------------------------------------------------------------------------------------------
0    47       30003.01467.00020728976        EUR 04-SEP-2026             0.00  07-SEP-2026             0.00       3       1329-1340 
0    48       30003.01100.00020416815        EUR 04-SEP-2026             0.00  07-SEP-2026             0.00       0       1341-1342 
1    49       30003.03620.00020183677        EUR 04-SEP-2026             0.00  07-SEP-2026             0.00       0       1343-1344 
0    50       30003.02280.00025150123        EUR 04-SEP-2026             0.00  07-SEP-2026             0.00       0       1345-1346 
0    51       30003.04170.00029067232        EUR 04-SEP-2026             0.00  07-SEP-2026             0.00       3       1347-1358 
0    52       30003.03620.00020139257        EUR 04-SEP-2026             0.00  07-SEP-2026             0.00       7       1359-1402 
0    53       30003.03620.00020150189        EUR 04-SEP-2026             0.00  07-SEP-2026             0.00       0       1403-1404 
0    54       30003.03175.00020294622        EUR 04-SEP-2026             0.00  07-SEP-2026             0.00       0       1405-1406 
0    55       30003.03175.00020485410        EUR 04-SEP-2026             0.00  07-SEP-2026             0.00       23      1407-1532 
0    56       30003.03175.00020496532        EUR 04-SEP-2026             0.00  07-SEP-2026             0.00       3       1533-1543 
0    57       30003.03175.00020281801        EUR 04-SEP-2026             0.00  07-SEP-2026             0.00       2       1544-1549 
0    58       30003.01100.00020427820        EUR 04-SEP-2026             0.00  07-SEP-2026             0.00       4       1550-1567 
0    59       30003.02190.00020101501        EUR 04-SEP-2026             0.00  07-SEP-2026             0.00       0       1568-1569 
0    60       30003.03620.00020010573        EUR 04-SEP-2026             0.00  07-SEP-2026             0.00       0       1570-1571 
0    61       30003.01112.00020011356        EUR 04-SEP-2026             0.00  07-SEP-2026             0.00       95      1572-2024 
0    62       30003.03175.00020260524        EUR 04-SEP-2026             0.00  07-SEP-2026             0.00       0       2025-2026 
0    63       30003.03620.00020160584        EUR 04-SEP-2026             0.00  07-SEP-2026             0.00       5       2027-2044 
0    64       30003.03175.00020120439        EUR 04-SEP-2026             0.00  07-SEP-2026             0.00       0       2045-2046 
0    65       30003.03175.00020471519        EUR 04-SEP-2026             0.00  07-SEP-2026             0.00       0       2047-2048 
0    66       30003.03620.00020551055        EUR 04-SEP-2026             0.00  07-SEP-2026             0.00       0       2049-2050 
0    67       30003.03620.00020145213        EUR 04-SEP-2026             0.00  07-SEP-2026             0.00       2       2051-2058 
0    68       30003.03620.00020030530        EUR 04-SEP-2026             0.00  07-SEP-2026             0.00       3       2059-2073 
0    69       30003.02280.00025150149        EUR 04-SEP-2026             0.00  07-SEP-2026             0.00       0       2074-2075 
0    70       30003.03175.00020283401        EUR 04-SEP-2026             0.00  07-SEP-2026             0.00       0       2076-2077 
0    71       30003.03175.00020279391        EUR 04-SEP-2026             0.00  07-SEP-2026             0.00       5       2078-2104 
0    72       30003.03175.00020471501        EUR 04-SEP-2026             0.00  07-SEP-2026             0.00       0       2105-2106 
0    73       30003.03175.00020262181        EUR 04-SEP-2026             0.00  07-SEP-2026             0.00       0       2107-2108 
0    74       30003.03175.00020807340        EUR 04-SEP-2026             0.00  07-SEP-2026             0.00       2       2109-2118 
0    75       30003.01100.00020073640        EUR 04-SEP-2026             0.00  07-SEP-2026             0.00       0       2119-2120 
0    76       30003.03175.00020516180        EUR 04-SEP-2026             0.00  07-SEP-2026             0.00       7       2121-2155 
0    77       30003.02280.00025150107        EUR 04-SEP-2026             0.00  07-SEP-2026             0.00       20      2156-2286 
0    78       30003.03175.00020256076        EUR 04-SEP-2026             0.00  07-SEP-2026             0.00       0       2287-2288 
0    79       30003.03175.00020297708        EUR 04-SEP-2026             0.00  07-SEP-2026             0.00       0       2289-2290 
0    80       30003.03620.00020160634        EUR 04-SEP-2026             0.00  07-SEP-2026             0.00       0       2291-2292 
0    81       30003.03620.00020167886        EUR 04-SEP-2026             0.00  07-SEP-2026             0.00       0       2293-2294 
0    82       30003.03620.00020150148        EUR 04-SEP-2026             0.00  07-SEP-2026             0.00       0       2295-2296 
0    83       30003.01100.00020410271        EUR 04-SEP-2026             0.00  07-SEP-2026             0.00       0       2297-2298 
0    84       30003.01100.00020389632        EUR 04-SEP-2026             0.00  07-SEP-2026             0.00       0       2299-2300 
1    85       30003.03620.00020137269        EUR 04-SEP-2026             0.00  07-SEP-2026             0.00       0       2301-2302 
0    86       30003.03175.00020496540        EUR 04-SEP-2026             0.00  07-SEP-2026             0.00       0       2303-2304 
0    87       30003.01100.00020418951        EUR 04-SEP-2026             0.00  07-SEP-2026             0.00       2       2305-2313 
0    88       30003.03175.00020103096        EUR 04-SEP-2026             0.00  07-SEP-2026             0.00       0       2314-2315 
0    89       30003.03175.00020175144        EUR 04-SEP-2026             0.00  07-SEP-2026             0.00       9       2316-2350 
0    90       30003.02280.00025720792        EUR 04-SEP-2026             0.00  07-SEP-2026             0.00       102     2351-2826 
0    91       30003.01100.00020419371        EUR 04-SEP-2026             0.00  07-SEP-2026             0.00       0       2827-2828 
0    92       30003.03620.00020150163        EUR 04-SEP-2026             0.00  07-SEP-2026             0.00       15      2829-2912 
0    93       30003.03620.00020166755        EUR 04-SEP-2026             0.00  07-SEP-2026             0.00       0       2913-2914 
                        Synthèse des relevés, chargement N° 1010031                                   Date :08-SEP-2026  Page : 3

Fichier : /data/flf/files/PDBFINP1/data/in/AFB120.txt
Archivé : /data/flf/files/PDBFINP1/data/traite/AFB120.txt
Recyclé : /data/flf/files/PDBFINP1/data/log/AFB120.txt.err

Err. Relevé   Compte                         Dev Date début      Ancien solde  Date fin       Nouveau solde   Mouvements Debut-Fin
-----------------------------------------------------------------------------------------------------------------------------------
0    94       30003.03620.00020150056        EUR 04-SEP-2026             0.00  07-SEP-2026             0.00       11      2915-2966 
0    95       30003.03620.00020010680        EUR 04-SEP-2026             0.00  07-SEP-2026             0.00       0       2967-2968 
0    96       30003.03175.00020285000        EUR 04-SEP-2026             0.00  07-SEP-2026             0.00       0       2969-2970 
0    97       30003.01100.00020415510        EUR 04-SEP-2026             0.00  07-SEP-2026             0.00       0       2971-2972 
0    98       30003.01100.00020398351        EUR 04-SEP-2026             0.00  07-SEP-2026             0.00       5       2973-2992 
0    99       30003.03620.00020010565        EUR 04-SEP-2026             0.00  07-SEP-2026             0.00       0       2993-2994 
0    100      30003.01785.00025156641        EUR 04-SEP-2026             0.00  07-SEP-2026             0.00       2       2995-3002 
0    101      30003.01240.00025151626        EUR 04-SEP-2026             0.00  07-SEP-2026             0.00       0       3003-3004 
0    102      30003.03175.00020255524        EUR 04-SEP-2026             0.00  07-SEP-2026             0.00       0       3005-3006 
0    103      30003.03175.00020260581        EUR 04-SEP-2026             0.00  07-SEP-2026             0.00       0       3007-3008 
0    104      30003.03620.00020575849        EUR 04-SEP-2026             0.00  07-SEP-2026             0.00       0       3009-3010 
0    105      30003.03175.00020496292        EUR 04-SEP-2026             0.00  07-SEP-2026             0.00       0       3011-3012 
0    106      30003.03620.00020150049        EUR 04-SEP-2026             0.00  07-SEP-2026             0.00       0       3013-3014 
0    107      30003.01100.00020411865        EUR 04-SEP-2026             0.00  07-SEP-2026             0.00       35      3015-3225 
0    108      30003.01100.00020404134        EUR 04-SEP-2026             0.00  07-SEP-2026             0.00       2       3226-3235 
0    109      30003.03175.00020340516        EUR 04-SEP-2026             0.00  07-SEP-2026             0.00       0       3236-3237 
0    110      30003.03620.00020160626        EUR 04-SEP-2026             0.00  07-SEP-2026             0.00       0       3238-3239 
0    111      30003.01100.00020411097        EUR 04-SEP-2026             0.00  07-SEP-2026             0.00       0       3240-3241 
0    112      30003.03175.00020254030        EUR 04-SEP-2026             0.00  07-SEP-2026             0.00       0       3242-3243 
0    113      30003.03175.00020807423        EUR 04-SEP-2026             0.00  07-SEP-2026             0.00       3       3244-3255 
0    114      30003.03175.00020496557        EUR 04-SEP-2026             0.00  07-SEP-2026             0.00       0       3256-3257 
0    115      30003.03175.00020496391        EUR 04-SEP-2026             0.00  07-SEP-2026             0.00       0       3258-3259 
0    116      30003.03175.00020496425        EUR 04-SEP-2026             0.00  07-SEP-2026             0.00       0       3260-3261 
0    117      30003.04043.00025150149        EUR 04-SEP-2026             0.00  07-SEP-2026             0.00       4       3262-3279 
0    118      30003.03175.00020185812        EUR 04-SEP-2026             0.00  07-SEP-2026             0.00       4       3280-3297 
0    119      30003.03175.00020340482        EUR 04-SEP-2026             0.00  07-SEP-2026             0.00       9       3298-3340 
0    120      30003.03175.00020176167        EUR 04-SEP-2026             0.00  07-SEP-2026             0.00       2       3341-3347 
1    121      30003.03620.00020183693        EUR 04-SEP-2026             0.00  07-SEP-2026             0.00       0       3348-3349 
0    122      30003.01100.00020414166        EUR 04-SEP-2026             0.00  07-SEP-2026             0.00       0       3350-3351 
0    123      30003.00580.00020006882        EUR 04-SEP-2026             0.00  07-SEP-2026             0.00       3       3352-3362 
0    124      30003.03175.00020496565        EUR 04-SEP-2026             0.00  07-SEP-2026             0.00       0       3363-3364 
0    125      30003.03175.00020468648        EUR 04-SEP-2026             0.00  07-SEP-2026             0.00       0       3365-3366 
1    126      30003.00080.00020343254        EUR 04-SEP-2026             0.00  07-SEP-2026             0.00       252     3367-4361 
0    127      30003.03859.00025150347        EUR 04-SEP-2026             0.00  07-SEP-2026             0.00       137     4362-4962 
0    128      30003.03175.00020260516        EUR 04-SEP-2026             0.00  07-SEP-2026             0.00       10      4963-5001 
0    129      30003.01100.00020415486        EUR 04-SEP-2026             0.00  07-SEP-2026             0.00       0       5002-5003 
0    130      30003.01469.00020890485        EUR 04-SEP-2026             0.00  07-SEP-2026             0.00       2       5004-5011 
0    131      30003.03620.00020010656        EUR 04-SEP-2026             0.00  07-SEP-2026             0.00       0       5012-5013 
0    132      30003.03175.00020317308        EUR 04-SEP-2026             0.00  07-SEP-2026             0.00       6       5014-5041 
0    133      30003.03175.00020516172        EUR 04-SEP-2026             0.00  07-SEP-2026             0.00       0       5042-5043 
0    134      30003.01100.00020410685        EUR 04-SEP-2026             0.00  07-SEP-2026             0.00       0       5044-5045 
0    135      30003.03175.00020485428        EUR 04-SEP-2026             0.00  07-SEP-2026             0.00       12      5046-5107 
0    136      30003.01100.00020070505        EUR 04-SEP-2026             0.00  07-SEP-2026             0.00       0       5108-5109 
0    137      30003.00400.00020039818        EUR 04-SEP-2026             0.00  07-SEP-2026             0.00       32      5110-5309 
1    138      30003.03620.00020183636        EUR 04-SEP-2026             0.00  07-SEP-2026             0.00       0       5310-5311 
0    139      30003.03175.00020255516        EUR 04-SEP-2026             0.00  07-SEP-2026             0.00       0       5312-5313 
0    140      30003.03620.00020010664        EUR 04-SEP-2026             0.00  07-SEP-2026             0.00       5       5314-5336 
                        Synthèse des relevés, chargement N° 1010031                                   Date :08-SEP-2026  Page : 4

Fichier : /data/flf/files/PDBFINP1/data/in/AFB120.txt
Archivé : /data/flf/files/PDBFINP1/data/traite/AFB120.txt
Recyclé : /data/flf/files/PDBFINP1/data/log/AFB120.txt.err

Err. Relevé   Compte                         Dev Date début      Ancien solde  Date fin       Nouveau solde   Mouvements Debut-Fin
-----------------------------------------------------------------------------------------------------------------------------------
0    141      30003.02280.00025150354        EUR 04-SEP-2026             0.00  07-SEP-2026             0.00       0       5337-5338 
0    142      30003.03175.00020485436        EUR 04-SEP-2026             0.00  07-SEP-2026             0.00       0       5339-5340 
0    143      30003.01100.00020411105        EUR 04-SEP-2026             0.00  07-SEP-2026             0.00       0       5341-5342 
0    144      30003.03175.00020250699        EUR 04-SEP-2026             0.00  07-SEP-2026             0.00       0       5343-5344 
0    145      30003.03175.00020471493        EUR 04-SEP-2026             0.00  07-SEP-2026             0.00       0       5345-5346 
0    146      30003.03620.00020150064        EUR 04-SEP-2026             0.00  07-SEP-2026             0.00       0       5347-5348 
0    147      30003.02250.00020001131        EUR 04-SEP-2026             0.00  07-SEP-2026             0.00       0       5349-5350 
0    148      30003.03175.00020359177        EUR 04-SEP-2026             0.00  07-SEP-2026             0.00       3       5351-5363 
0    149      30003.03175.00020103104        EUR 04-SEP-2026             0.00  07-SEP-2026             0.00       0       5364-5365 
0    150      30003.01100.00020025343        EUR 04-SEP-2026             0.00  07-SEP-2026             0.00       100     5366-5516 
0    151      30003.03175.00020295249        EUR 04-SEP-2026             0.00  07-SEP-2026             0.00       6       5517-5544 
0    152      30003.03175.00020516115        EUR 04-SEP-2026             0.00  07-SEP-2026             0.00       0       5545-5546 
0    153      30003.01100.00020428349        EUR 04-SEP-2026             0.00  07-SEP-2026             0.00       0       5547-5548 
0    154      30003.01240.00025151519        EUR 04-SEP-2026             0.00  07-SEP-2026             0.00       0       5549-5550 
0    155      30003.03620.00020150023        EUR 04-SEP-2026             0.00  07-SEP-2026             0.00       0       5551-5552 
1    156      30003.04170.00029067075        EUR 04-SEP-2026             0.00  07-SEP-2026             0.00       13      5553-5604 
0    157      30003.01100.00020415619        EUR 04-SEP-2026             0.00  07-SEP-2026             0.00       0       5605-5606 
0    158      30003.03175.00020282551        EUR 04-SEP-2026             0.00  07-SEP-2026             0.00       13      5607-5668 
0    159      30003.03620.00020160592        EUR 04-SEP-2026             0.00  07-SEP-2026             0.00       0       5669-5670 
0    160      30003.02280.00020405514        EUR 04-SEP-2026             0.00  07-SEP-2026             0.00       16      5671-5774 
0    161      30003.03620.00020150031        EUR 04-SEP-2026             0.00  07-SEP-2026             0.00       0       5775-5776 
0    162      30003.03620.00020160600        EUR 04-SEP-2026             0.00  07-SEP-2026             0.00       0       5777-5778 
0    163      30003.01112.00020006513        EUR 04-SEP-2026             0.00  07-SEP-2026             0.00       2       5779-5784 
0    164      30003.03175.00020260508        EUR 04-SEP-2026             0.00  07-SEP-2026             0.00       8       5785-5794 
0    165      30003.03175.00020297682        EUR 04-SEP-2026             0.00  07-SEP-2026             0.00       0       5795-5796 
0    166      30003.03175.00020241599        EUR 04-SEP-2026             0.00  07-SEP-2026             0.00       2       5797-5804 
0    167      30003.03175.00020485444        EUR 04-SEP-2026             0.00  07-SEP-2026             0.00       0       5805-5806 
0    168      30003.03620.00020169601        EUR 04-SEP-2026             0.00  07-SEP-2026             0.00       0       5807-5808 
0    169      30003.00050.00020022020        EUR 04-SEP-2026             0.00  07-SEP-2026             0.00       2       5809-5816 
0    170      30003.03175.00020496581        EUR 04-SEP-2026             0.00  07-SEP-2026             0.00       0       5817-5818 
0    171      30003.03175.00020294374        EUR 04-SEP-2026             0.00  07-SEP-2026             0.00       0       5819-5820 
0    172      30003.01100.00020407558        EUR 04-SEP-2026             0.00  07-SEP-2026             0.00       0       5821-5822 
0    173      30003.01100.00020406238        EUR 04-SEP-2026             0.00  07-SEP-2026             0.00       0       5823-5824 
0    174      30003.03175.00020170681        EUR 04-SEP-2026             0.00  07-SEP-2026             0.00       4       5825-5840 
0    175      30003.03175.00020288160        EUR 04-SEP-2026             0.00  07-SEP-2026             0.00       0       5841-5842 
0    176      30003.03620.00020150106        EUR 04-SEP-2026             0.00  07-SEP-2026             0.00       0       5843-5844 
0    177      30003.01100.00020399698        EUR 04-SEP-2026             0.00  07-SEP-2026             0.00       28      5845-5874 
0    178      30003.03175.00020485402        EUR 04-SEP-2026             0.00  07-SEP-2026             0.00       7       5875-5900 
0    179      30003.02360.00020117309        EUR 04-SEP-2026             0.00  07-SEP-2026             0.00       14      5901-5968 
0    180      30003.03175.00020258809        EUR 04-SEP-2026             0.00  07-SEP-2026             0.00       3       5969-5978 
0    181      30003.03175.00020807365        EUR 04-SEP-2026             0.00  07-SEP-2026             0.00       0       5979-5980 
0    182      30003.03175.00020444219        EUR 04-SEP-2026             0.00  07-SEP-2026             0.00       0       5981-5982 
0    183      30003.01785.00025155114        EUR 04-SEP-2026             0.00  07-SEP-2026             0.00       94      5983-6457 
0    184      30003.01100.00020273851        EUR 04-SEP-2026             0.00  07-SEP-2026             0.00       0       6458-6459 
0    185      30003.03175.00020471485        EUR 04-SEP-2026             0.00  07-SEP-2026             0.00       0       6460-6461 
0    186      30003.03620.00020137228        EUR 04-SEP-2026             0.00  07-SEP-2026             0.00       8       6462-6493 
0    187      30003.03175.00020294366        EUR 04-SEP-2026             0.00  07-SEP-2026             0.00       0       6494-6495 
                        Synthèse des relevés, chargement N° 1010031                                   Date :08-SEP-2026  Page : 5

Fichier : /data/flf/files/PDBFINP1/data/in/AFB120.txt
Archivé : /data/flf/files/PDBFINP1/data/traite/AFB120.txt
Recyclé : /data/flf/files/PDBFINP1/data/log/AFB120.txt.err

Err. Relevé   Compte                         Dev Date début      Ancien solde  Date fin       Nouveau solde   Mouvements Debut-Fin
-----------------------------------------------------------------------------------------------------------------------------------
0    188      30003.01100.00020394897        EUR 04-SEP-2026             0.00  07-SEP-2026             0.00       0       6496-6497 
0    189      30003.01469.00020891376        EUR 04-SEP-2026             0.00  07-SEP-2026             0.00       6       6498-6535 
0    190      30003.01100.00020410065        EUR 04-SEP-2026             0.00  07-SEP-2026             0.00       0       6536-6537 
0    191      30003.03175.00020255979        EUR 04-SEP-2026             0.00  07-SEP-2026             0.00       0       6538-6539 
0    192      30003.01207.00020186650        EUR 04-SEP-2026             0.00  07-SEP-2026             0.00       115     6540-7021 
0    193      30003.03175.00020285125        EUR 04-SEP-2026             0.00  07-SEP-2026             0.00       2       7022-7028 
0    194      30003.02280.00025150164        EUR 04-SEP-2026             0.00  07-SEP-2026             0.00       0       7029-7030 
0    195      30003.03175.00020172778        EUR 04-SEP-2026             0.00  07-SEP-2026             0.00       0       7031-7032 
0    196      30003.01100.00020394400        EUR 04-SEP-2026             0.00  07-SEP-2026             0.00       2       7033-7041 
0    197      30003.03175.00020496417        EUR 04-SEP-2026             0.00  07-SEP-2026             0.00       0       7042-7043 
0    198      30003.03175.00020250681        EUR 04-SEP-2026             0.00  07-SEP-2026             0.00       3       7044-7056 
0    199      30003.03223.00020051099        EUR 04-SEP-2026             0.00  07-SEP-2026             0.00       0       7057-7058 
0    200      30003.03620.00020010714        EUR 04-SEP-2026             0.00  07-SEP-2026             0.00       0       7059-7060 
0    201      30003.00370.00025100813        EUR 04-SEP-2026             0.00  07-SEP-2026             0.00       50      7061-7289 
0    202      30003.03620.00020169544        EUR 04-SEP-2026             0.00  07-SEP-2026             0.00       0       7290-7291 
0    203      30003.03175.00020516081        EUR 04-SEP-2026             0.00  07-SEP-2026             0.00       10      7292-7340 
0    204      30003.03175.00020103112        EUR 04-SEP-2026             0.00  07-SEP-2026             0.00       0       7341-7342 
0    205      30003.03175.00020340490        EUR 04-SEP-2026             0.00  07-SEP-2026             0.00       0       7343-7344 
0    206      30003.03620.00020150098        EUR 04-SEP-2026             0.00  07-SEP-2026             0.00       0       7345-7346 
0    207      30003.03620.00020150197        EUR 04-SEP-2026             0.00  07-SEP-2026             0.00       0       7347-7348 
0    208      30003.03175.00020308026        EUR 04-SEP-2026             0.00  07-SEP-2026             0.00       2       7349-7357 
0    209      30003.01100.00020409398        EUR 04-SEP-2026             0.00  07-SEP-2026             0.00       2       7358-7361 
0    210      30003.03620.00020010540        EUR 04-SEP-2026             0.00  07-SEP-2026             0.00       0       7362-7363 
0    211      30003.03175.00020354244        EUR 04-SEP-2026             0.00  07-SEP-2026             0.00       35      7364-7570 
0    212      30003.03620.00020137293        EUR 04-SEP-2026             0.00  07-SEP-2026             0.00       0       7571-7572 
0    213      30003.03175.00020516107        EUR 04-SEP-2026             0.00  07-SEP-2026             0.00       0       7573-7574 
-----------------------------------------------------------------------------------------------------------------------------------
                                             Relevés chargés 207      Lignes chargées 1415  
                                                     erreurs 6                erreurs 265   
                                                     total   213              total   1680  
