                        Enregistrements erronés lors du chargement de relevés                    Date :10-SEP-2026  Page : 1

  N°     Contenu   
-------------------------------------------------------------------------------------------------------------------------------
03028 >  0130003    00080EUR2 00020343254  080926                                                  0000000000000{                
 Erreur 001 : Compte bancaire erroné                                                                              
        001 - 002 code enregistrement  = 01                                                                              
        003 - 005 code banque          = 30003                                                                           
        012 - 005 code guichet         = 00080                                                                           
        017 - 003 devise               = EUR                                                                             
        020 - 001 nombre de décimales  = 2                                                                               
        022 - 011 numéro de compte     = 00020343254                                                                     
        033 - 002 code opération AFB   =                                                                                 
        035 - 006 date d'opération     = 080926                                                                          
        091 - 014 ancien solde         = 0000000000000{                                                                  
04647 >  0130003    03620EUR2 00020137269  080926                                                  0000000000000{                
 Erreur 025 : Journée manquante (date supérieure à celle du dernier relevé chargé)                                
        001 - 002 code enregistrement  = 01                                                                              
        003 - 005 code banque          = 30003                                                                           
        012 - 005 code guichet         = 03620                                                                           
        017 - 003 devise               = EUR                                                                             
        020 - 001 nombre de décimales  = 2                                                                               
        022 - 011 numéro de compte     = 00020137269                                                                     
        033 - 002 code opération AFB   =                                                                                 
        035 - 006 date d'opération     = 080926                                                                          
        091 - 014 ancien solde         = 0000000000000{                                                                  
04805 >  0130003    03620EUR2 00020183636  080926                                                  0000000000000{                
 Erreur 001 : Compte bancaire erroné                                                                              
        001 - 002 code enregistrement  = 01                                                                              
        003 - 005 code banque          = 30003                                                                           
        012 - 005 code guichet         = 03620                                                                           
        017 - 003 devise               = EUR                                                                             
        020 - 001 nombre de décimales  = 2                                                                               
        022 - 011 numéro de compte     = 00020183636                                                                     
        033 - 002 code opération AFB   =                                                                                 
        035 - 006 date d'opération     = 080926                                                                          
        091 - 014 ancien solde         = 0000000000000{                                                                  
05253 >  0130003    03620EUR2 00020183693  080926                                                  0000000000000{                
 Erreur 001 : Compte bancaire erroné                                                                              
        001 - 002 code enregistrement  = 01                                                                              
        003 - 005 code banque          = 30003                                                                           
        012 - 005 code guichet         = 03620                                                                           
        017 - 003 devise               = EUR                                                                             
        020 - 001 nombre de décimales  = 2                                                                               
        022 - 011 numéro de compte     = 00020183693                                                                     
        033 - 002 code opération AFB   =                                                                                 
        035 - 006 date d'opération     = 080926                                                                          
        091 - 014 ancien solde         = 0000000000000{                                                                  
                        Enregistrements erronés lors du chargement de relevés                    Date :10-SEP-2026  Page : 2

  N°     Contenu   
-------------------------------------------------------------------------------------------------------------------------------
05502 >  0130003    03620EUR2 00020183677  080926                                                  0000000000000{                
 Erreur 001 : Compte bancaire erroné                                                                              
        001 - 002 code enregistrement  = 01                                                                              
        003 - 005 code banque          = 30003                                                                           
        012 - 005 code guichet         = 03620                                                                           
        017 - 003 devise               = EUR                                                                             
        020 - 001 nombre de décimales  = 2                                                                               
        022 - 011 numéro de compte     = 00020183677                                                                     
        033 - 002 code opération AFB   =                                                                                 
        035 - 006 date d'opération     = 080926                                                                          
        091 - 014 ancien solde         = 0000000000000{                                                                  
06881 >  0130003    04170EUR2 00029067075  080926                                                  0000000000000{                
 Erreur 001 : Compte bancaire erroné                                                                              
        001 - 002 code enregistrement  = 01                                                                              
        003 - 005 code banque          = 30003                                                                           
        012 - 005 code guichet         = 04170                                                                           
        017 - 003 devise               = EUR                                                                             
        020 - 001 nombre de décimales  = 2                                                                               
        022 - 011 numéro de compte     = 00029067075                                                                     
        033 - 002 code opération AFB   =                                                                                 
        035 - 006 date d'opération     = 080926                                                                          
        091 - 014 ancien solde         = 0000000000000{                                                                  
                        Synthèse des relevés, chargement N° 1010037                                   Date :10-SEP-2026  Page : 1

Fichier : /data/flf/files/PDBFINP1/data/in/AFB120.txt
Archivé : /data/flf/files/PDBFINP1/data/traite/AFB120.txt
Recyclé : /data/flf/files/PDBFINP1/data/log/AFB120.txt.err

Err. Relevé   Compte                         Dev Date début      Ancien solde  Date fin       Nouveau solde   Mouvements Debut-Fin
-----------------------------------------------------------------------------------------------------------------------------------
0    1        30003.01100.00020415619        EUR 08-SEP-2026             0.00  09-SEP-2026             0.00       0          1-2    
0    2        30003.01112.00020006513        EUR 08-SEP-2026             0.00  09-SEP-2026             0.00       0          3-4    
0    3        30003.01100.00020073640        EUR 08-SEP-2026             0.00  09-SEP-2026             0.00       0          5-6    
0    4        30003.00400.00020039818        EUR 08-SEP-2026             0.00  09-SEP-2026             0.00       11         7-67   
0    5        30003.01100.00020398351        EUR 08-SEP-2026             0.00  09-SEP-2026             0.00       3         68-76   
0    6        30003.03620.00020169593        EUR 08-SEP-2026             0.00  09-SEP-2026             0.00       0         77-78   
0    7        30003.01100.00020411865        EUR 08-SEP-2026             0.00  09-SEP-2026             0.00       16        79-178  
0    8        30003.03175.00020807365        EUR 08-SEP-2026             0.00  09-SEP-2026             0.00       0        179-180  
0    9        30003.03175.00020340482        EUR 08-SEP-2026             0.00  09-SEP-2026             0.00       2        181-188  
0    10       30003.03175.00020496581        EUR 08-SEP-2026             0.00  09-SEP-2026             0.00       0        189-190  
0    11       30003.03175.00020103112        EUR 08-SEP-2026             0.00  09-SEP-2026             0.00       2        191-200  
0    12       30003.03175.00020283401        EUR 08-SEP-2026             0.00  09-SEP-2026             0.00       3        201-212  
0    13       30003.01100.00020410289        EUR 08-SEP-2026             0.00  09-SEP-2026             0.00       0        213-214  
0    14       30003.03175.00020516164        EUR 08-SEP-2026             0.00  09-SEP-2026             0.00       2        215-223  
0    15       30003.03175.00020354244        EUR 08-SEP-2026             0.00  09-SEP-2026             0.00       7        224-260  
0    16       30003.02280.00025150123        EUR 08-SEP-2026             0.00  09-SEP-2026             0.00       0        261-262  
0    17       30003.01100.00020414166        EUR 08-SEP-2026             0.00  09-SEP-2026             0.00       0        263-264  
0    18       30003.03859.00025150347        EUR 08-SEP-2026             0.00  09-SEP-2026             0.00       90       265-709  
0    19       30003.03175.00020359177        EUR 08-SEP-2026             0.00  09-SEP-2026             0.00       5        710-732  
0    20       30003.03620.00020137285        EUR 08-SEP-2026             0.00  09-SEP-2026             0.00       0        733-734  
0    21       30003.01100.00020419371        EUR 08-SEP-2026             0.00  09-SEP-2026             0.00       0        735-736  
0    22       30003.03620.00020030530        EUR 08-SEP-2026             0.00  09-SEP-2026             0.00       2        737-742  
0    23       30003.03620.00020166755        EUR 08-SEP-2026             0.00  09-SEP-2026             0.00       2        743-748  
0    24       30003.03175.00020185812        EUR 08-SEP-2026             0.00  09-SEP-2026             0.00       2        749-755  
0    25       30003.03175.00020496557        EUR 08-SEP-2026             0.00  09-SEP-2026             0.00       2        756-761  
0    26       30003.03175.00020177637        EUR 08-SEP-2026             0.00  09-SEP-2026             0.00       20       762-856  
0    27       30003.03175.00020496417        EUR 08-SEP-2026             0.00  09-SEP-2026             0.00       0        857-858  
0    28       30003.01100.00020417243        EUR 08-SEP-2026             0.00  09-SEP-2026             0.00       0        859-860  
0    29       30003.01100.00020415486        EUR 08-SEP-2026             0.00  09-SEP-2026             0.00       2        861-866  
0    30       30003.03175.00020471501        EUR 08-SEP-2026             0.00  09-SEP-2026             0.00       0        867-868  
0    31       30003.03175.00020485444        EUR 08-SEP-2026             0.00  09-SEP-2026             0.00       0        869-870  
0    32       30003.01100.00020411105        EUR 08-SEP-2026             0.00  09-SEP-2026             0.00       3        871-883  
0    33       30003.01100.00020273851        EUR 08-SEP-2026             0.00  09-SEP-2026             0.00       0        884-885  
0    34       30003.01100.00020415510        EUR 08-SEP-2026             0.00  09-SEP-2026             0.00       0        886-887  
0    35       30003.03175.00020175144        EUR 08-SEP-2026             0.00  09-SEP-2026             0.00       19       888-965  
0    36       30003.01100.00020399698        EUR 08-SEP-2026             0.00  09-SEP-2026             0.00       21       966-988  
0    37       30003.03620.00020010680        EUR 08-SEP-2026             0.00  09-SEP-2026             0.00       0        989-990  
0    38       30003.03620.00020575849        EUR 08-SEP-2026             0.00  09-SEP-2026             0.00       0        991-992  
0    39       30003.03175.00020258809        EUR 08-SEP-2026             0.00  09-SEP-2026             0.00       3        993-1001 
0    40       30003.04170.00029067232        EUR 08-SEP-2026             0.00  09-SEP-2026             0.00       3       1002-1012 
0    41       30003.00550.00020079388        EUR 08-SEP-2026             0.00  09-SEP-2026             0.00       0       1013-1014 
0    42       30003.03620.00020551055        EUR 08-SEP-2026             0.00  09-SEP-2026             0.00       0       1015-1016 
0    43       30003.03175.00020172778        EUR 08-SEP-2026             0.00  09-SEP-2026             0.00       0       1017-1018 
0    44       30003.03175.00020496565        EUR 08-SEP-2026             0.00  09-SEP-2026             0.00       0       1019-1020 
0    45       30003.03175.00020255516        EUR 08-SEP-2026             0.00  09-SEP-2026             0.00       0       1021-1022 
0    46       30003.03620.00020169619        EUR 08-SEP-2026             0.00  09-SEP-2026             0.00       0       1023-1024 
                        Synthèse des relevés, chargement N° 1010037                                   Date :10-SEP-2026  Page : 2

Fichier : /data/flf/files/PDBFINP1/data/in/AFB120.txt
Archivé : /data/flf/files/PDBFINP1/data/traite/AFB120.txt
Recyclé : /data/flf/files/PDBFINP1/data/log/AFB120.txt.err

Err. Relevé   Compte                         Dev Date début      Ancien solde  Date fin       Nouveau solde   Mouvements Debut-Fin
-----------------------------------------------------------------------------------------------------------------------------------
0    47       30003.03175.00020294622        EUR 08-SEP-2026             0.00  09-SEP-2026             0.00       0       1025-1026 
0    48       30003.03175.00020255979        EUR 08-SEP-2026             0.00  09-SEP-2026             0.00       0       1027-1028 
0    49       30003.03175.00020288160        EUR 08-SEP-2026             0.00  09-SEP-2026             0.00       0       1029-1030 
0    50       30003.01785.00025155114        EUR 08-SEP-2026             0.00  09-SEP-2026             0.00       76      1031-1428 
0    51       30003.02250.00020001131        EUR 08-SEP-2026             0.00  09-SEP-2026             0.00       5       1429-1450 
0    52       30003.03175.00020281801        EUR 08-SEP-2026             0.00  09-SEP-2026             0.00       0       1451-1452 
0    53       30003.00580.00020006882        EUR 08-SEP-2026             0.00  09-SEP-2026             0.00       2       1453-1462 
0    54       30003.03175.00020241573        EUR 08-SEP-2026             0.00  09-SEP-2026             0.00       2       1463-1468 
0    55       30003.03175.00020468648        EUR 08-SEP-2026             0.00  09-SEP-2026             0.00       0       1469-1470 
0    56       30003.03175.00020807340        EUR 08-SEP-2026             0.00  09-SEP-2026             0.00       2       1471-1476 
0    57       30003.02280.00025150164        EUR 08-SEP-2026             0.00  09-SEP-2026             0.00       0       1477-1478 
0    58       30003.01100.00020415643        EUR 08-SEP-2026             0.00  09-SEP-2026             0.00       0       1479-1480 
0    59       30003.03175.00020254030        EUR 08-SEP-2026             0.00  09-SEP-2026             0.00       0       1481-1482 
0    60       30003.03620.00020137293        EUR 08-SEP-2026             0.00  09-SEP-2026             0.00       0       1483-1484 
0    61       30003.01240.00025151519        EUR 08-SEP-2026             0.00  09-SEP-2026             0.00       0       1485-1486 
0    62       30003.03175.00020516156        EUR 08-SEP-2026             0.00  09-SEP-2026             0.00       0       1487-1488 
0    63       30003.03175.00020296890        EUR 08-SEP-2026             0.00  09-SEP-2026             0.00       22      1489-1578 
0    64       30003.03620.00020175756        EUR 08-SEP-2026             0.00  09-SEP-2026             0.00       0       1579-1580 
0    65       30003.03175.00020516081        EUR 08-SEP-2026             0.00  09-SEP-2026             0.00       2       1581-1586 
0    66       30003.03175.00020255524        EUR 08-SEP-2026             0.00  09-SEP-2026             0.00       3       1587-1603 
0    67       30003.03175.00020260524        EUR 08-SEP-2026             0.00  09-SEP-2026             0.00       0       1604-1605 
0    68       30003.03620.00020137228        EUR 08-SEP-2026             0.00  09-SEP-2026             0.00       7       1606-1643 
0    69       30003.03175.00020485410        EUR 08-SEP-2026             0.00  09-SEP-2026             0.00       6       1644-1676 
0    70       30003.03620.00020674659        EUR 08-SEP-2026             0.00  09-SEP-2026             0.00       0       1677-1678 
0    71       30003.01100.00020394897        EUR 08-SEP-2026             0.00  09-SEP-2026             0.00       0       1679-1680 
0    72       30003.03620.00020150163        EUR 08-SEP-2026             0.00  09-SEP-2026             0.00       4       1681-1694 
0    73       30003.01100.00020416815        EUR 08-SEP-2026             0.00  09-SEP-2026             0.00       0       1695-1696 
0    74       30003.03175.00020294648        EUR 08-SEP-2026             0.00  09-SEP-2026             0.00       2       1697-1702 
0    75       30003.03620.00020010664        EUR 08-SEP-2026             0.00  09-SEP-2026             0.00       2       1703-1708 
0    76       30003.01240.00020277947        EUR 08-SEP-2026             0.00  09-SEP-2026             0.00       5       1709-1739 
0    77       30003.01100.00020418951        EUR 08-SEP-2026             0.00  09-SEP-2026             0.00       0       1740-1741 
0    78       30003.03620.00020169544        EUR 08-SEP-2026             0.00  09-SEP-2026             0.00       0       1742-1743 
0    79       30003.01100.00020428349        EUR 08-SEP-2026             0.00  09-SEP-2026             0.00       0       1744-1745 
0    80       30003.02280.00025150107        EUR 08-SEP-2026             0.00  09-SEP-2026             0.00       15      1746-1846 
0    81       30003.01469.00020890485        EUR 08-SEP-2026             0.00  09-SEP-2026             0.00       2       1847-1852 
0    82       30003.03175.00020260508        EUR 08-SEP-2026             0.00  09-SEP-2026             0.00       5       1853-1861 
0    83       30003.03175.00020260458        EUR 08-SEP-2026             0.00  09-SEP-2026             0.00       3       1862-1874 
0    84       30003.03175.00020516172        EUR 08-SEP-2026             0.00  09-SEP-2026             0.00       0       1875-1876 
0    85       30003.03175.00020340490        EUR 08-SEP-2026             0.00  09-SEP-2026             0.00       4       1877-1894 
0    86       30003.02190.00020101501        EUR 08-SEP-2026             0.00  09-SEP-2026             0.00       0       1895-1896 
0    87       30003.03175.00020294630        EUR 08-SEP-2026             0.00  09-SEP-2026             0.00       2       1897-1902 
0    88       30003.01100.00020410271        EUR 08-SEP-2026             0.00  09-SEP-2026             0.00       0       1903-1904 
0    89       30003.03175.00020485436        EUR 08-SEP-2026             0.00  09-SEP-2026             0.00       0       1905-1906 
0    90       30003.01100.00020025343        EUR 08-SEP-2026             0.00  09-SEP-2026             0.00       99      1907-2017 
0    91       30003.03620.00020010656        EUR 08-SEP-2026             0.00  09-SEP-2026             0.00       0       2018-2019 
0    92       30003.01100.00020410065        EUR 08-SEP-2026             0.00  09-SEP-2026             0.00       2       2020-2025 
0    93       30003.01100.00020417011        EUR 08-SEP-2026             0.00  09-SEP-2026             0.00       11      2026-2077 
                        Synthèse des relevés, chargement N° 1010037                                   Date :10-SEP-2026  Page : 3

Fichier : /data/flf/files/PDBFINP1/data/in/AFB120.txt
Archivé : /data/flf/files/PDBFINP1/data/traite/AFB120.txt
Recyclé : /data/flf/files/PDBFINP1/data/log/AFB120.txt.err

Err. Relevé   Compte                         Dev Date début      Ancien solde  Date fin       Nouveau solde   Mouvements Debut-Fin
-----------------------------------------------------------------------------------------------------------------------------------
0    94       30003.03175.00020496540        EUR 08-SEP-2026             0.00  09-SEP-2026             0.00       0       2078-2079 
0    95       30003.03175.00020203722        EUR 08-SEP-2026             0.00  09-SEP-2026             0.00       2       2080-2085 
0    96       30003.03620.00020150148        EUR 08-SEP-2026             0.00  09-SEP-2026             0.00       0       2086-2087 
0    97       30003.03175.00020485402        EUR 08-SEP-2026             0.00  09-SEP-2026             0.00       6       2088-2112 
0    98       30003.03620.00020674626        EUR 08-SEP-2026             0.00  09-SEP-2026             0.00       0       2113-2114 
0    99       30003.02280.00025150354        EUR 08-SEP-2026             0.00  09-SEP-2026             0.00       2       2115-2120 
0    100      30003.03175.00020297708        EUR 08-SEP-2026             0.00  09-SEP-2026             0.00       0       2121-2122 
0    101      30003.03175.00020294366        EUR 08-SEP-2026             0.00  09-SEP-2026             0.00       0       2123-2124 
0    102      30003.03175.00020103104        EUR 08-SEP-2026             0.00  09-SEP-2026             0.00       0       2125-2126 
0    103      30003.03175.00020279391        EUR 08-SEP-2026             0.00  09-SEP-2026             0.00       2       2127-2132 
0    104      30003.03620.00020150023        EUR 08-SEP-2026             0.00  09-SEP-2026             0.00       0       2133-2134 
0    105      30003.03175.00020471493        EUR 08-SEP-2026             0.00  09-SEP-2026             0.00       12      2135-2192 
0    106      30003.03620.00020139257        EUR 08-SEP-2026             0.00  09-SEP-2026             0.00       2       2193-2202 
0    107      30003.03620.00020010714        EUR 08-SEP-2026             0.00  09-SEP-2026             0.00       0       2203-2204 
0    108      30003.01240.00025150024        EUR 08-SEP-2026             0.00  09-SEP-2026             0.00       48      2205-2432 
0    109      30003.01100.00020411097        EUR 08-SEP-2026             0.00  09-SEP-2026             0.00       0       2433-2434 
0    110      30003.03620.00020010672        EUR 08-SEP-2026             0.00  09-SEP-2026             0.00       0       2435-2436 
0    111      30003.01100.00020070505        EUR 08-SEP-2026             0.00  09-SEP-2026             0.00       0       2437-2438 
0    112      30003.03620.00020169601        EUR 08-SEP-2026             0.00  09-SEP-2026             0.00       0       2439-2440 
0    113      30003.03175.00020807357        EUR 08-SEP-2026             0.00  09-SEP-2026             0.00       6       2441-2458 
0    114      30003.01112.00020011356        EUR 08-SEP-2026             0.00  09-SEP-2026             0.00       112     2459-3021 
0    115      30003.01100.00020406238        EUR 08-SEP-2026             0.00  09-SEP-2026             0.00       0       3022-3023 
0    116      30003.03175.00020496425        EUR 08-SEP-2026             0.00  09-SEP-2026             0.00       0       3024-3025 
0    117      30003.03175.00020294374        EUR 08-SEP-2026             0.00  09-SEP-2026             0.00       0       3026-3027 
1    118      30003.00080.00020343254        EUR 08-SEP-2026             0.00  09-SEP-2026             0.00       183     3028-3768 
0    119      30003.03175.00020285109        EUR 08-SEP-2026             0.00  09-SEP-2026             0.00       2       3769-3775 
0    120      30003.00050.00020022020        EUR 08-SEP-2026             0.00  09-SEP-2026             0.00       3       3776-3789 
0    121      30003.03175.00020297690        EUR 08-SEP-2026             0.00  09-SEP-2026             0.00       0       3790-3791 
0    122      30003.03175.00020288137        EUR 08-SEP-2026             0.00  09-SEP-2026             0.00       2       3792-3797 
0    123      30003.01100.00020398294        EUR 08-SEP-2026             0.00  09-SEP-2026             0.00       0       3798-3799 
0    124      30003.03175.00020496391        EUR 08-SEP-2026             0.00  09-SEP-2026             0.00       0       3800-3801 
0    125      30003.02360.00020117309        EUR 08-SEP-2026             0.00  09-SEP-2026             0.00       30      3802-3941 
0    126      30003.03175.00020241599        EUR 08-SEP-2026             0.00  09-SEP-2026             0.00       5       3942-3966 
0    127      30003.01100.00020410685        EUR 08-SEP-2026             0.00  09-SEP-2026             0.00       0       3967-3968 
0    128      30003.02280.00025150149        EUR 08-SEP-2026             0.00  09-SEP-2026             0.00       0       3969-3970 
0    129      30003.01100.00020407558        EUR 08-SEP-2026             0.00  09-SEP-2026             0.00       0       3971-3972 
0    130      30003.03620.00020145213        EUR 08-SEP-2026             0.00  09-SEP-2026             0.00       8       3973-4010 
0    131      30003.03175.00020288152        EUR 08-SEP-2026             0.00  09-SEP-2026             0.00       0       4011-4012 
0    132      30003.01100.00020416740        EUR 08-SEP-2026             0.00  09-SEP-2026             0.00       0       4013-4014 
0    133      30003.03175.00020251895        EUR 08-SEP-2026             0.00  09-SEP-2026             0.00       2       4015-4020 
0    134      30003.03620.00020150056        EUR 08-SEP-2026             0.00  09-SEP-2026             0.00       14      4021-4093 
0    135      30003.03175.00020317308        EUR 08-SEP-2026             0.00  09-SEP-2026             0.00       0       4094-4095 
0    136      30003.03620.00020010581        EUR 08-SEP-2026             0.00  09-SEP-2026             0.00       0       4096-4097 
0    137      30003.01469.00020843989        EUR 08-SEP-2026             0.00  09-SEP-2026             0.00       79      4098-4491 
0    138      30003.01785.00025156641        EUR 08-SEP-2026             0.00  09-SEP-2026             0.00       0       4492-4493 
0    139      30003.03620.00020150189        EUR 08-SEP-2026             0.00  09-SEP-2026             0.00       0       4494-4495 
0    140      30003.03175.00020471519        EUR 08-SEP-2026             0.00  09-SEP-2026             0.00       0       4496-4497 
                        Synthèse des relevés, chargement N° 1010037                                   Date :10-SEP-2026  Page : 4

Fichier : /data/flf/files/PDBFINP1/data/in/AFB120.txt
Archivé : /data/flf/files/PDBFINP1/data/traite/AFB120.txt
Recyclé : /data/flf/files/PDBFINP1/data/log/AFB120.txt.err

Err. Relevé   Compte                         Dev Date début      Ancien solde  Date fin       Nouveau solde   Mouvements Debut-Fin
-----------------------------------------------------------------------------------------------------------------------------------
0    141      30003.01100.00020392081        EUR 08-SEP-2026             0.00  09-SEP-2026             0.00       2       4498-4503 
0    142      30003.03620.00020150064        EUR 08-SEP-2026             0.00  09-SEP-2026             0.00       0       4504-4505 
0    143      30003.03620.00020160584        EUR 08-SEP-2026             0.00  09-SEP-2026             0.00       3       4506-4516 
0    144      30003.03620.00020010565        EUR 08-SEP-2026             0.00  09-SEP-2026             0.00       2       4517-4522 
0    145      30003.01240.00025151626        EUR 08-SEP-2026             0.00  09-SEP-2026             0.00       0       4523-4524 
0    146      30003.03175.00020295249        EUR 08-SEP-2026             0.00  09-SEP-2026             0.00       15      4525-4605 
0    147      30003.03620.00020160592        EUR 08-SEP-2026             0.00  09-SEP-2026             0.00       0       4606-4607 
0    148      30003.03175.00020516107        EUR 08-SEP-2026             0.00  09-SEP-2026             0.00       2       4608-4613 
0    149      30003.03175.00020304173        EUR 08-SEP-2026             0.00  09-SEP-2026             0.00       3       4614-4629 
0    150      30003.01100.00020404134        EUR 08-SEP-2026             0.00  09-SEP-2026             0.00       3       4630-4640 
0    151      30003.03175.00020285000        EUR 08-SEP-2026             0.00  09-SEP-2026             0.00       2       4641-4646 
1    152      30003.03620.00020137269        EUR 08-SEP-2026             0.00  09-SEP-2026             0.00       0       4647-4648 
0    153      30003.03175.00020103096        EUR 08-SEP-2026             0.00  09-SEP-2026             0.00       0       4649-4650 
0    154      30003.01467.00020728976        EUR 08-SEP-2026             0.00  09-SEP-2026             0.00       7       4651-4679 
0    155      30003.03620.00020150098        EUR 08-SEP-2026             0.00  09-SEP-2026             0.00       2       4680-4685 
0    156      30003.03175.00020308026        EUR 08-SEP-2026             0.00  09-SEP-2026             0.00       16      4686-4769 
0    157      30003.01100.00020389632        EUR 08-SEP-2026             0.00  09-SEP-2026             0.00       3       4770-4776 
0    158      30003.01100.00020414331        EUR 08-SEP-2026             0.00  09-SEP-2026             0.00       2       4777-4782 
0    159      30003.03620.00020010540        EUR 08-SEP-2026             0.00  09-SEP-2026             0.00       3       4783-4793 
0    160      30003.01100.00020427820        EUR 08-SEP-2026             0.00  09-SEP-2026             0.00       3       4794-4804 
1    161      30003.03620.00020183636        EUR 08-SEP-2026             0.00  09-SEP-2026             0.00       0       4805-4806 
0    162      30003.03175.00020516180        EUR 08-SEP-2026             0.00  09-SEP-2026             0.00       3       4807-4817 
0    163      30003.04043.00025150149        EUR 08-SEP-2026             0.00  09-SEP-2026             0.00       8       4818-4855 
0    164      30003.03175.00020250681        EUR 08-SEP-2026             0.00  09-SEP-2026             0.00       6       4856-4886 
0    165      30003.03175.00020516115        EUR 08-SEP-2026             0.00  09-SEP-2026             0.00       0       4887-4888 
0    166      30003.03620.00020150197        EUR 08-SEP-2026             0.00  09-SEP-2026             0.00       0       4889-4890 
0    167      30003.03620.00020150106        EUR 08-SEP-2026             0.00  09-SEP-2026             0.00       0       4891-4892 
0    168      30003.03620.00020150049        EUR 08-SEP-2026             0.00  09-SEP-2026             0.00       0       4893-4894 
0    169      30003.03175.00020176167        EUR 08-SEP-2026             0.00  09-SEP-2026             0.00       5       4895-4917 
0    170      30003.00370.00025100813        EUR 08-SEP-2026             0.00  09-SEP-2026             0.00       73      4918-5252 
1    171      30003.03620.00020183693        EUR 08-SEP-2026             0.00  09-SEP-2026             0.00       0       5253-5254 
0    172      30003.03175.00020294614        EUR 08-SEP-2026             0.00  09-SEP-2026             0.00       2       5255-5260 
0    173      30003.03175.00020340532        EUR 08-SEP-2026             0.00  09-SEP-2026             0.00       43      5261-5501 
1    174      30003.03620.00020183677        EUR 08-SEP-2026             0.00  09-SEP-2026             0.00       0       5502-5503 
0    175      30003.03175.00020444219        EUR 08-SEP-2026             0.00  09-SEP-2026             0.00       2       5504-5509 
0    176      30003.03175.00020807423        EUR 08-SEP-2026             0.00  09-SEP-2026             0.00       0       5510-5511 
0    177      30003.03620.00020150031        EUR 08-SEP-2026             0.00  09-SEP-2026             0.00       0       5512-5513 
0    178      30003.03175.00020262181        EUR 08-SEP-2026             0.00  09-SEP-2026             0.00       0       5514-5515 
0    179      30003.03175.00020485428        EUR 08-SEP-2026             0.00  09-SEP-2026             0.00       4       5516-5529 
0    180      30003.03175.00020260516        EUR 08-SEP-2026             0.00  09-SEP-2026             0.00       4       5530-5543 
0    181      30003.03620.00020167886        EUR 08-SEP-2026             0.00  09-SEP-2026             0.00       0       5544-5545 
0    182      30003.03620.00020167191        EUR 08-SEP-2026             0.00  09-SEP-2026             0.00       9       5546-5587 
0    183      30003.02280.00025720792        EUR 08-SEP-2026             0.00  09-SEP-2026             0.00       126     5588-6129 
0    184      30003.03175.00020471485        EUR 08-SEP-2026             0.00  09-SEP-2026             0.00       2       6130-6135 
0    185      30003.03175.00020282551        EUR 08-SEP-2026             0.00  09-SEP-2026             0.00       12      6136-6184 
0    186      30003.03859.00025150453        EUR 08-SEP-2026             0.00  09-SEP-2026             0.00       0       6185-6186 
0    187      30003.03223.00020051099        EUR 08-SEP-2026             0.00  09-SEP-2026             0.00       0       6187-6188 
                        Synthèse des relevés, chargement N° 1010037                                   Date :10-SEP-2026  Page : 5

Fichier : /data/flf/files/PDBFINP1/data/in/AFB120.txt
Archivé : /data/flf/files/PDBFINP1/data/traite/AFB120.txt
Recyclé : /data/flf/files/PDBFINP1/data/log/AFB120.txt.err

Err. Relevé   Compte                         Dev Date début      Ancien solde  Date fin       Nouveau solde   Mouvements Debut-Fin
-----------------------------------------------------------------------------------------------------------------------------------
0    188      30003.03620.00020160634        EUR 08-SEP-2026             0.00  09-SEP-2026             0.00       0       6189-6190 
0    189      30003.03175.00020496532        EUR 08-SEP-2026             0.00  09-SEP-2026             0.00       3       6191-6201 
0    190      30003.03175.00020250699        EUR 08-SEP-2026             0.00  09-SEP-2026             0.00       2       6202-6207 
0    191      30003.01100.00020415601        EUR 08-SEP-2026             0.00  09-SEP-2026             0.00       0       6208-6209 
0    192      30003.02280.00020405514        EUR 08-SEP-2026             0.00  09-SEP-2026             0.00       6       6210-6243 
0    193      30003.03620.00020010573        EUR 08-SEP-2026             0.00  09-SEP-2026             0.00       0       6244-6245 
0    194      30003.00550.00020086607        EUR 08-SEP-2026             0.00  09-SEP-2026             0.00       2       6246-6251 
0    195      30003.03620.00020160600        EUR 08-SEP-2026             0.00  09-SEP-2026             0.00       0       6252-6253 
0    196      30003.03175.00020260581        EUR 08-SEP-2026             0.00  09-SEP-2026             0.00       0       6254-6255 
0    197      30003.01100.00020394400        EUR 08-SEP-2026             0.00  09-SEP-2026             0.00       5       6256-6286 
0    198      30003.03175.00020285125        EUR 08-SEP-2026             0.00  09-SEP-2026             0.00       2       6287-6292 
0    199      30003.03175.00020297682        EUR 08-SEP-2026             0.00  09-SEP-2026             0.00       2       6293-6302 
0    200      30003.03175.00020170681        EUR 08-SEP-2026             0.00  09-SEP-2026             0.00       29      6303-6463 
0    201      30003.03175.00020120439        EUR 08-SEP-2026             0.00  09-SEP-2026             0.00       0       6464-6465 
0    202      30003.01100.00020409398        EUR 08-SEP-2026             0.00  09-SEP-2026             0.00       3       6466-6472 
0    203      30003.03620.00020012645        EUR 08-SEP-2026             0.00  09-SEP-2026             0.00       0       6473-6474 
0    204      30003.01469.00020891376        EUR 08-SEP-2026             0.00  09-SEP-2026             0.00       5       6475-6505 
0    205      30003.03620.00020160626        EUR 08-SEP-2026             0.00  09-SEP-2026             0.00       0       6506-6507 
0    206      30003.01207.00020186650        EUR 08-SEP-2026             0.00  09-SEP-2026             0.00       83      6508-6870 
0    207      30003.03175.00020256076        EUR 08-SEP-2026             0.00  09-SEP-2026             0.00       0       6871-6872 
0    208      30003.03175.00020496292        EUR 08-SEP-2026             0.00  09-SEP-2026             0.00       0       6873-6874 
0    209      30003.03175.00020289366        EUR 08-SEP-2026             0.00  09-SEP-2026             0.00       0       6875-6876 
0    210      30003.01100.00020429297        EUR 08-SEP-2026             0.00  09-SEP-2026             0.00       0       6877-6878 
0    211      30003.03620.00020150130        EUR 08-SEP-2026             0.00  09-SEP-2026             0.00       0       6879-6880 
1    212      30003.04170.00029067075        EUR 08-SEP-2026             0.00  09-SEP-2026             0.00       10      6881-6927 
0    213      30003.03175.00020340516        EUR 08-SEP-2026             0.00  09-SEP-2026             0.00       3       6928-6939 
-----------------------------------------------------------------------------------------------------------------------------------
                                             Relevés chargés 207      Lignes chargées 1352  
                                                     erreurs 6                erreurs 193   
                                                     total   213              total   1545  
