                        Enregistrements erronés lors du chargement de relevés                    Date :12-SEP-2026  Page : 1

  N°     Contenu   
-------------------------------------------------------------------------------------------------------------------------------
01002 >  0130003    03175SAR2 05520506116  100926                                                  0000000707197A                
 Erreur 001 : Compte bancaire erroné                                                                              
        001 - 002 code enregistrement  = 01                                                                              
        003 - 005 code banque          = 30003                                                                           
        012 - 005 code guichet         = 03175                                                                           
        017 - 003 devise               = SAR                                                                             
        020 - 001 nombre de décimales  = 2                                                                               
        022 - 011 numéro de compte     = 05520506116                                                                     
        033 - 002 code opération AFB   =                                                                                 
        035 - 006 date d'opération     = 100926                                                                          
        091 - 014 ancien solde         = 0000000707197A                                                                  
01072 >  0130004    00828SAR2 00010181961  100926                                                  0000002251854A                
 Erreur 001 : Compte bancaire erroné                                                                              
        001 - 002 code enregistrement  = 01                                                                              
        003 - 005 code banque          = 30004                                                                           
        012 - 005 code guichet         = 00828                                                                           
        017 - 003 devise               = SAR                                                                             
        020 - 001 nombre de décimales  = 2                                                                               
        022 - 011 numéro de compte     = 00010181961                                                                     
        033 - 002 code opération AFB   =                                                                                 
        035 - 006 date d'opération     = 100926                                                                          
        091 - 014 ancien solde         = 0000002251854A                                                                  
01548 >  0199375    99999EUR2 87786070000  100926                                                  0000001130439D                
 Erreur 001 : Compte bancaire erroné                                                                              
        001 - 002 code enregistrement  = 01                                                                              
        003 - 005 code banque          = 99375                                                                           
        012 - 005 code guichet         = 99999                                                                           
        017 - 003 devise               = EUR                                                                             
        020 - 001 nombre de décimales  = 2                                                                               
        022 - 011 numéro de compte     = 87786070000                                                                     
        033 - 002 code opération AFB   =                                                                                 
        035 - 006 date d'opération     = 100926                                                                          
        091 - 014 ancien solde         = 0000001130439D                                                                  
01772 >  0130004    00828AED2 00010158205  100926                                                  0000001311097A                
 Erreur 001 : Compte bancaire erroné                                                                              
        001 - 002 code enregistrement  = 01                                                                              
        003 - 005 code banque          = 30004                                                                           
        012 - 005 code guichet         = 00828                                                                           
        017 - 003 devise               = AED                                                                             
        020 - 001 nombre de décimales  = 2                                                                               
        022 - 011 numéro de compte     = 00010158205                                                                     
        033 - 002 code opération AFB   =                                                                                 
        035 - 006 date d'opération     = 100926                                                                          
        091 - 014 ancien solde         = 0000001311097A                                                                  
                        Enregistrements erronés lors du chargement de relevés                    Date :12-SEP-2026  Page : 2

  N°     Contenu   
-------------------------------------------------------------------------------------------------------------------------------
02039 >  01CH260    87050EUR2 00003064302  100926SGABCHZZ   08705000003064302                      0000000520119HM000000008145651
 Erreur 001 : Compte bancaire erroné                                                                              
        001 - 002 code enregistrement  = 01                                                                              
        003 - 005 code banque          = CH260                                                                           
        012 - 005 code guichet         = 87050                                                                           
        017 - 003 devise               = EUR                                                                             
        020 - 001 nombre de décimales  = 2                                                                               
        022 - 011 numéro de compte     = 00003064302                                                                     
        033 - 002 code opération AFB   =                                                                                 
        035 - 006 date d'opération     = 100926                                                                          
        091 - 014 ancien solde         = 0000000520119H                                                                  
02054 >  0130004    00819PLN2 00010130370  100926                                                  0000020196981E                
 Erreur 001 : Compte bancaire erroné                                                                              
        001 - 002 code enregistrement  = 01                                                                              
        003 - 005 code banque          = 30004                                                                           
        012 - 005 code guichet         = 00819                                                                           
        017 - 003 devise               = PLN                                                                             
        020 - 001 nombre de décimales  = 2                                                                               
        022 - 011 numéro de compte     = 00010130370                                                                     
        033 - 002 code opération AFB   =                                                                                 
        035 - 006 date d'opération     = 100926                                                                          
        091 - 014 ancien solde         = 0000020196981E                                                                  
02244 >  0130004    00113EUR2 00021686449  100926                                                  0000000000000{                
 Erreur 001 : Compte bancaire erroné                                                                              
        001 - 002 code enregistrement  = 01                                                                              
        003 - 005 code banque          = 30004                                                                           
        012 - 005 code guichet         = 00113                                                                           
        017 - 003 devise               = EUR                                                                             
        020 - 001 nombre de décimales  = 2                                                                               
        022 - 011 numéro de compte     = 00021686449                                                                     
        033 - 002 code opération AFB   =                                                                                 
        035 - 006 date d'opération     = 100926                                                                          
        091 - 014 ancien solde         = 0000000000000{                                                                  
02604 >  0130004    00828CHF2 00010128133  100926                                                  0000000131422G                
 Erreur 001 : Compte bancaire erroné                                                                              
        001 - 002 code enregistrement  = 01                                                                              
        003 - 005 code banque          = 30004                                                                           
        012 - 005 code guichet         = 00828                                                                           
        017 - 003 devise               = CHF                                                                             
        020 - 001 nombre de décimales  = 2                                                                               
        022 - 011 numéro de compte     = 00010128133                                                                     
        033 - 002 code opération AFB   =                                                                                 
        035 - 006 date d'opération     = 100926                                                                          
        091 - 014 ancien solde         = 0000000131422G                                                                  
                        Enregistrements erronés lors du chargement de relevés                    Date :12-SEP-2026  Page : 3

  N°     Contenu   
-------------------------------------------------------------------------------------------------------------------------------
02618 >  0130004    00819USD2 00010116773  100926                                                  0000000078473I                
 Erreur 001 : Compte bancaire erroné                                                                              
        001 - 002 code enregistrement  = 01                                                                              
        003 - 005 code banque          = 30004                                                                           
        012 - 005 code guichet         = 00819                                                                           
        017 - 003 devise               = USD                                                                             
        020 - 001 nombre de décimales  = 2                                                                               
        022 - 011 numéro de compte     = 00010116773                                                                     
        033 - 002 code opération AFB   =                                                                                 
        035 - 006 date d'opération     = 100926                                                                          
        091 - 014 ancien solde         = 0000000078473I                                                                  
02644 >  0130004    00819GBP2 00010118761  100926                                                  0000000454605{                
 Erreur 001 : Compte bancaire erroné                                                                              
        001 - 002 code enregistrement  = 01                                                                              
        003 - 005 code banque          = 30004                                                                           
        012 - 005 code guichet         = 00819                                                                           
        017 - 003 devise               = GBP                                                                             
        020 - 001 nombre de décimales  = 2                                                                               
        022 - 011 numéro de compte     = 00010118761                                                                     
        033 - 002 code opération AFB   =                                                                                 
        035 - 006 date d'opération     = 100926                                                                          
        091 - 014 ancien solde         = 0000000454605{                                                                  
02691 >  0130004    00819USD2 00010120847  100926                                                  0000001325291{                
 Erreur 001 : Compte bancaire erroné                                                                              
        001 - 002 code enregistrement  = 01                                                                              
        003 - 005 code banque          = 30004                                                                           
        012 - 005 code guichet         = 00819                                                                           
        017 - 003 devise               = USD                                                                             
        020 - 001 nombre de décimales  = 2                                                                               
        022 - 011 numéro de compte     = 00010120847                                                                     
        033 - 002 code opération AFB   =                                                                                 
        035 - 006 date d'opération     = 100926                                                                          
        091 - 014 ancien solde         = 0000001325291{                                                                  
02896 >  0130004    00828USD2 00010148139  100926                                                  0000000136103G                
 Erreur 001 : Compte bancaire erroné                                                                              
        001 - 002 code enregistrement  = 01                                                                              
        003 - 005 code banque          = 30004                                                                           
        012 - 005 code guichet         = 00828                                                                           
        017 - 003 devise               = USD                                                                             
        020 - 001 nombre de décimales  = 2                                                                               
        022 - 011 numéro de compte     = 00010148139                                                                     
        033 - 002 code opération AFB   =                                                                                 
        035 - 006 date d'opération     = 100926                                                                          
        091 - 014 ancien solde         = 0000000136103G                                                                  
                        Enregistrements erronés lors du chargement de relevés                    Date :12-SEP-2026  Page : 4

  N°     Contenu   
-------------------------------------------------------------------------------------------------------------------------------
03056 >  0130003    03620EUR2 00020131908  100926                                                  0000007864509B                
 Erreur 001 : Compte bancaire erroné                                                                              
        001 - 002 code enregistrement  = 01                                                                              
        003 - 005 code banque          = 30003                                                                           
        012 - 005 code guichet         = 03620                                                                           
        017 - 003 devise               = EUR                                                                             
        020 - 001 nombre de décimales  = 2                                                                               
        022 - 011 numéro de compte     = 00020131908                                                                     
        033 - 002 code opération AFB   =                                                                                 
        035 - 006 date d'opération     = 100926                                                                          
        091 - 014 ancien solde         = 0000007864509B                                                                  
03814 >  0130004    00828USD2 00010169770  100926                                                  0000000147315G                
 Erreur 001 : Compte bancaire erroné                                                                              
        001 - 002 code enregistrement  = 01                                                                              
        003 - 005 code banque          = 30004                                                                           
        012 - 005 code guichet         = 00828                                                                           
        017 - 003 devise               = USD                                                                             
        020 - 001 nombre de décimales  = 2                                                                               
        022 - 011 numéro de compte     = 00010169770                                                                     
        033 - 002 code opération AFB   =                                                                                 
        035 - 006 date d'opération     = 100926                                                                          
        091 - 014 ancien solde         = 0000000147315G                                                                  
03855 >  0130004    00828AED2 00010181873  100926                                                  0000000471292D                
 Erreur 001 : Compte bancaire erroné                                                                              
        001 - 002 code enregistrement  = 01                                                                              
        003 - 005 code banque          = 30004                                                                           
        012 - 005 code guichet         = 00828                                                                           
        017 - 003 devise               = AED                                                                             
        020 - 001 nombre de décimales  = 2                                                                               
        022 - 011 numéro de compte     = 00010181873                                                                     
        033 - 002 code opération AFB   =                                                                                 
        035 - 006 date d'opération     = 100926                                                                          
        091 - 014 ancien solde         = 0000000471292D                                                                  
04222 >  0130004    00819GBP2 00010120701  100926                                                  0000001273134C                
 Erreur 001 : Compte bancaire erroné                                                                              
        001 - 002 code enregistrement  = 01                                                                              
        003 - 005 code banque          = 30004                                                                           
        012 - 005 code guichet         = 00819                                                                           
        017 - 003 devise               = GBP                                                                             
        020 - 001 nombre de décimales  = 2                                                                               
        022 - 011 numéro de compte     = 00010120701                                                                     
        033 - 002 code opération AFB   =                                                                                 
        035 - 006 date d'opération     = 100926                                                                          
        091 - 014 ancien solde         = 0000001273134C                                                                  
                        Enregistrements erronés lors du chargement de relevés                    Date :12-SEP-2026  Page : 5

  N°     Contenu   
-------------------------------------------------------------------------------------------------------------------------------
04226 >  0130004    00828QAR2 00010181747  100926                                                  0000000037708G                
 Erreur 001 : Compte bancaire erroné                                                                              
        001 - 002 code enregistrement  = 01                                                                              
        003 - 005 code banque          = 30004                                                                           
        012 - 005 code guichet         = 00828                                                                           
        017 - 003 devise               = QAR                                                                             
        020 - 001 nombre de décimales  = 2                                                                               
        022 - 011 numéro de compte     = 00010181747                                                                     
        033 - 002 code opération AFB   =                                                                                 
        035 - 006 date d'opération     = 100926                                                                          
        091 - 014 ancien solde         = 0000000037708G                                                                  
04228 >  0130004    00819EUR2 00011828480  100926                                                  0000000000000{                
 Erreur 001 : Compte bancaire erroné                                                                              
        001 - 002 code enregistrement  = 01                                                                              
        003 - 005 code banque          = 30004                                                                           
        012 - 005 code guichet         = 00819                                                                           
        017 - 003 devise               = EUR                                                                             
        020 - 001 nombre de décimales  = 2                                                                               
        022 - 011 numéro de compte     = 00011828480                                                                     
        033 - 002 code opération AFB   =                                                                                 
        035 - 006 date d'opération     = 100926                                                                          
        091 - 014 ancien solde         = 0000000000000{                                                                  
04307 >  0113825RLV 00200EUR2 08016346445  100926PAYS DE GEX ENERGIES          COMPTE COURANT      0000069311983A50016593        
 Erreur 001 : Compte bancaire erroné                                                                              
        001 - 002 code enregistrement  = 01                                                                              
        003 - 005 code banque          = 13825                                                                           
        012 - 005 code guichet         = 00200                                                                           
        017 - 003 devise               = EUR                                                                             
        020 - 001 nombre de décimales  = 2                                                                               
        022 - 011 numéro de compte     = 08016346445                                                                     
        033 - 002 code opération AFB   =                                                                                 
        035 - 006 date d'opération     = 100926                                                                          
        091 - 014 ancien solde         = 0000069311983A                                                                  
                        Synthèse des relevés, chargement N° 1010041                                   Date :12-SEP-2026  Page : 1

Fichier : /data/flf/files/PDBFINP1/data/in/AFB120.txt
Archivé : /data/flf/files/PDBFINP1/data/traite/AFB120.txt
Recyclé : /data/flf/files/PDBFINP1/data/log/AFB120.txt.err

Err. Relevé   Compte                         Dev Date début      Ancien solde  Date fin       Nouveau solde   Mouvements Debut-Fin
-----------------------------------------------------------------------------------------------------------------------------------
0    1        30004.00819.00011848268        EUR 10-SEP-2026             0.00  11-SEP-2026             0.00       5          1-24   
0    2        30004.02811.00010490615        EUR 10-SEP-2026             0.00  11-SEP-2026             0.00       15        25-98   
0    3        30004.00828.00013171492        EUR 10-SEP-2026             0.00  11-SEP-2026             0.00       0         99-100  
0    4        30004.00342.00020107073        EUR 10-SEP-2026             0.00  11-SEP-2026             0.00       110      101-752  
0    5        30004.00819.00011842836        EUR 10-SEP-2026             0.00  11-SEP-2026             0.00       0        753-754  
0    6        30004.00828.00012846445        EUR 10-SEP-2026             0.00  11-SEP-2026             0.00       2        755-763  
0    7        30004.00819.00011912579        EUR 10-SEP-2026             0.00  11-SEP-2026             0.00       0        764-765  
0    8        30004.00828.00013338332        EUR 10-SEP-2026             0.00  11-SEP-2026             0.00       0        766-767  
0    9        30004.00819.00012032471        EUR 10-SEP-2026             0.00  11-SEP-2026             0.00       0        768-769  
0    10       30004.00819.00011834494        EUR 10-SEP-2026             0.00  11-SEP-2026             0.00       2        770-778  
0    11       30004.00819.00011775518        EUR 10-SEP-2026             0.00  11-SEP-2026             0.00       0        779-780  
0    12       30004.00819.00012032956        EUR 10-SEP-2026             0.00  11-SEP-2026             0.00       17       781-891  
0    13       30004.00828.00012487933        EUR 10-SEP-2026             0.00  11-SEP-2026             0.00       2        892-897  
0    14       30004.00828.00013172365        EUR 10-SEP-2026             0.00  11-SEP-2026             0.00       0        898-899  
0    15       30004.00828.00013531071        EUR 10-SEP-2026             0.00  11-SEP-2026             0.00       0        900-901  
0    16       30004.02532.00010098442        EUR 10-SEP-2026             0.00  11-SEP-2026             0.00       3        902-909  
0    17       30004.00828.00012498312        EUR 10-SEP-2026             0.00  11-SEP-2026             0.00       0        910-911  
0    18       30004.01328.00010332736        EUR 10-SEP-2026             0.00  11-SEP-2026             0.00       7        912-951  
0    19       30004.00828.00013338720        EUR 10-SEP-2026             0.00  11-SEP-2026             0.00       5        952-975  
0    20       30004.00828.00012910950        EUR 10-SEP-2026             0.00  11-SEP-2026             0.00       0        976-977  
0    21       30004.01328.00010555157        EUR 10-SEP-2026             0.00  11-SEP-2026             0.00       3        978-988  
0    22       30004.00819.00011831778        EUR 10-SEP-2026             0.00  11-SEP-2026             0.00       0        989-990  
0    23       30004.00819.00011933143        EUR 10-SEP-2026             0.00  11-SEP-2026             0.00       0        991-992  
0    24       30004.00819.00011980188        EUR 10-SEP-2026             0.00  11-SEP-2026             0.00       2        993-999  
0    25       30004.00828.00013337944        EUR 10-SEP-2026             0.00  11-SEP-2026             0.00       0       1000-1001 
1    26       30003.03175.05520506116        SAR 10-SEP-2026         70719.71  11-SEP-2026         70719.71       0       1002-1003 
0    27       30004.00828.00013338429        EUR 10-SEP-2026             0.00  11-SEP-2026             0.00       0       1004-1005 
0    28       30004.00819.00011903170        EUR 10-SEP-2026             0.00  11-SEP-2026             0.00       9       1006-1051 
0    29       30004.02532.00010106105        EUR 10-SEP-2026             0.00  11-SEP-2026             0.00       2       1052-1057 
0    30       30004.00828.00012846833        EUR 10-SEP-2026             0.00  11-SEP-2026             0.00       3       1058-1071 
1    31       30004.00828.00010181961        SAR 10-SEP-2026        225185.41  11-SEP-2026        225185.41       0       1072-1073 
0    32       30004.00819.00011842933        EUR 10-SEP-2026             0.00  11-SEP-2026             0.00       11      1074-1124 
0    33       30004.00819.00011974368        EUR 10-SEP-2026             0.00  11-SEP-2026             0.00       0       1125-1126 
0    34       30004.00828.00013508858        EUR 10-SEP-2026             0.00  11-SEP-2026             0.00       0       1127-1128 
0    35       30004.00828.00013134632        EUR 10-SEP-2026             0.00  11-SEP-2026             0.00       0       1129-1130 
0    36       30004.00283.00022327235        EUR 10-SEP-2026             0.00  11-SEP-2026             0.00       0       1131-1132 
0    37       30003.04250.00020626944        EUR 10-SEP-2026             0.00  11-SEP-2026             0.00       0       1133-1134 
0    38       30004.00828.00012846930        EUR 10-SEP-2026             0.00  11-SEP-2026             0.00       6       1135-1165 
0    39       30004.00828.00013530780        EUR 10-SEP-2026             0.00  11-SEP-2026             0.00       0       1166-1167 
0    40       30004.00819.00011828771        EUR 10-SEP-2026             0.00  11-SEP-2026             0.00       10      1168-1237 
0    41       30004.00819.00011833524        EUR 10-SEP-2026             0.00  11-SEP-2026             0.00       2       1238-1244 
0    42       30004.00828.00013172268        EUR 10-SEP-2026             0.00  11-SEP-2026             0.00       0       1245-1246 
0    43       30004.00828.00013323006        EUR 10-SEP-2026             0.00  11-SEP-2026             0.00       2       1247-1252 
0    44       30004.00828.00013172074        EUR 10-SEP-2026             0.00  11-SEP-2026             0.00       0       1253-1254 
0    45       30004.00828.00013338235        EUR 10-SEP-2026             0.00  11-SEP-2026             0.00       0       1255-1256 
0    46       30004.00828.00013335131        EUR 10-SEP-2026             0.00  11-SEP-2026             0.00       18      1257-1349 
                        Synthèse des relevés, chargement N° 1010041                                   Date :12-SEP-2026  Page : 2

Fichier : /data/flf/files/PDBFINP1/data/in/AFB120.txt
Archivé : /data/flf/files/PDBFINP1/data/traite/AFB120.txt
Recyclé : /data/flf/files/PDBFINP1/data/log/AFB120.txt.err

Err. Relevé   Compte                         Dev Date début      Ancien solde  Date fin       Nouveau solde   Mouvements Debut-Fin
-----------------------------------------------------------------------------------------------------------------------------------
0    47       30004.00819.00011903558        EUR 10-SEP-2026             0.00  11-SEP-2026             0.00       0       1350-1351 
0    48       30004.00819.00011848462        EUR 10-SEP-2026             0.00  11-SEP-2026             0.00       35      1352-1547 
1    49       99375.99999.87786070000        EUR 10-SEP-2026        113043.94  11-SEP-2026        113043.94       0       1548-1549 
0    50       30004.00828.00013171589        EUR 10-SEP-2026             0.00  11-SEP-2026             0.00       2       1550-1560 
0    51       30003.04250.00020626902        EUR 10-SEP-2026             0.00  11-SEP-2026             0.00       0       1561-1562 
0    52       30004.00819.00011904916        EUR 10-SEP-2026             0.00  11-SEP-2026             0.00       0       1563-1564 
0    53       30004.00828.00013338817        EUR 10-SEP-2026             0.00  11-SEP-2026             0.00       0       1565-1566 
0    54       30004.00819.00012031695        EUR 10-SEP-2026             0.00  11-SEP-2026             0.00       22      1567-1670 
0    55       30004.00819.00011940127        EUR 10-SEP-2026             0.00  11-SEP-2026             0.00       0       1671-1672 
0    56       30004.00819.00012032083        EUR 10-SEP-2026             0.00  11-SEP-2026             0.00       20      1673-1771 
1    57       30004.00828.00010158205        AED 10-SEP-2026        131109.71  11-SEP-2026        131109.71       0       1772-1773 
0    58       30004.01328.00010554672        EUR 10-SEP-2026             0.00  11-SEP-2026             0.00       5       1774-1784 
0    59       30004.00819.00011843127        EUR 10-SEP-2026             0.00  11-SEP-2026             0.00       5       1785-1805 
0    60       30004.00819.00011912676        EUR 10-SEP-2026             0.00  11-SEP-2026             0.00       29      1806-1977 
0    61       30004.00828.00013172171        EUR 10-SEP-2026             0.00  11-SEP-2026             0.00       0       1978-1979 
0    62       30004.02561.00010596807        EUR 10-SEP-2026       1469780.62  11-SEP-2026       1469780.62       0       1980-1981 
0    63       30004.00828.00012846639        EUR 10-SEP-2026             0.00  11-SEP-2026             0.00       4       1982-2000 
0    64       30004.00828.00012498409        EUR 10-SEP-2026             0.00  11-SEP-2026             0.00       0       2001-2002 
0    65       30004.01328.00010554478        EUR 10-SEP-2026             0.00  11-SEP-2026             0.00       0       2003-2004 
0    66       30004.00819.00012032568        EUR 10-SEP-2026             0.00  11-SEP-2026             0.00       7       2005-2036 
0    67       30004.00819.00012031792        EUR 10-SEP-2026             0.00  11-SEP-2026             0.00       0       2037-2038 
1    68       CH260.87050.00003064302        EUR 10-SEP-2026         52011.98  11-SEP-2026         52011.98       0       2039-2040 
0    69       30003.04250.00020626928        EUR 10-SEP-2026             0.00  11-SEP-2026             0.00       0       2041-2042 
0    70       30004.00819.00012032374        EUR 10-SEP-2026             0.00  11-SEP-2026             0.00       2       2043-2053 
1    71       30004.00819.00010130370        PLN 10-SEP-2026       2019698.15  11-SEP-2026       2019698.15       0       2054-2055 
0    72       30004.00819.00011903655        EUR 10-SEP-2026             0.00  11-SEP-2026             0.00       2       2056-2065 
0    73       30003.04250.00020626936        EUR 10-SEP-2026             0.00  11-SEP-2026             0.00       0       2066-2067 
0    74       30004.00819.00011906080        EUR 10-SEP-2026             0.00  11-SEP-2026             0.00       0       2068-2069 
0    75       30004.00828.00013171880        EUR 10-SEP-2026             0.00  11-SEP-2026             0.00       11      2070-2136 
0    76       30004.00828.00012517712        EUR 10-SEP-2026             0.00  11-SEP-2026             0.00       6       2137-2172 
0    77       30004.00819.00011852148        EUR 10-SEP-2026             0.00  11-SEP-2026             0.00       2       2173-2178 
0    78       30004.00828.00013171977        EUR 10-SEP-2026             0.00  11-SEP-2026             0.00       12      2179-2243 
1    79       30004.00113.00021686449        EUR 10-SEP-2026             0.00  11-SEP-2026             0.00       67      2244-2597 
0    80       30004.00828.00013338623        EUR 10-SEP-2026             0.00  11-SEP-2026             0.00       0       2598-2599 
0    81       30004.01328.00010554866        EUR 10-SEP-2026             0.00  11-SEP-2026             0.00       0       2600-2601 
0    82       30003.04250.00020626977        EUR 10-SEP-2026      22628424.15  11-SEP-2026      22628424.15       0       2602-2603 
1    83       30004.00828.00010128133        CHF 10-SEP-2026         13142.27  11-SEP-2026         13142.27       0       2604-2605 
0    84       30004.00515.00022556860        EUR 10-SEP-2026             0.00  11-SEP-2026             0.00       2       2606-2615 
0    85       30004.00819.00012004147        EUR 10-SEP-2026             0.00  11-SEP-2026             0.00       0       2616-2617 
1    86       30004.00819.00010116773        USD 10-SEP-2026          7847.39  11-SEP-2026          7847.39       0       2618-2619 
0    87       CH530.87050.00003064301        CHF 10-SEP-2026       1436736.57  11-SEP-2026       1436736.57       0       2620-2621 
0    88       30004.00828.00012504617        EUR 10-SEP-2026             0.00  11-SEP-2026             0.00       0       2622-2623 
0    89       30004.00828.00013171783        EUR 10-SEP-2026             0.00  11-SEP-2026             0.00       0       2624-2625 
0    90       30004.00819.00011851954        EUR 10-SEP-2026             0.00  11-SEP-2026             0.00       4       2626-2643 
1    91       30004.00819.00010118761        GBP 10-SEP-2026         45460.50  11-SEP-2026         45460.50       0       2644-2645 
0    92       30003.04250.00020626910        EUR 10-SEP-2026             0.00  11-SEP-2026             0.00       0       2646-2647 
0    93       30004.00828.00013508082        EUR 10-SEP-2026             0.00  11-SEP-2026             0.00       0       2648-2649 
                        Synthèse des relevés, chargement N° 1010041                                   Date :12-SEP-2026  Page : 3

Fichier : /data/flf/files/PDBFINP1/data/in/AFB120.txt
Archivé : /data/flf/files/PDBFINP1/data/traite/AFB120.txt
Recyclé : /data/flf/files/PDBFINP1/data/log/AFB120.txt.err

Err. Relevé   Compte                         Dev Date début      Ancien solde  Date fin       Nouveau solde   Mouvements Debut-Fin
-----------------------------------------------------------------------------------------------------------------------------------
0    94       30004.00828.00012650893        EUR 10-SEP-2026             0.00  11-SEP-2026             0.00       8       2650-2688 
0    95       30004.00828.00013338526        EUR 10-SEP-2026             0.00  11-SEP-2026             0.00       0       2689-2690 
1    96       30004.00819.00010120847        USD 10-SEP-2026        132529.10  11-SEP-2026        119018.10       1       2691-2700 
0    97       30004.00819.00011852051        EUR 10-SEP-2026             0.00  11-SEP-2026             0.00       0       2701-2702 
0    98       30004.00828.00013338041        EUR 10-SEP-2026             0.00  11-SEP-2026             0.00       0       2703-2704 
0    99       30004.02532.00010098248        EUR 10-SEP-2026         86932.81  11-SEP-2026         86932.81       0       2705-2706 
0    100      30004.00819.00011962049        EUR 10-SEP-2026             0.00  11-SEP-2026             0.00       2       2707-2715 
0    101      30004.00819.00011944589        EUR 10-SEP-2026             0.00  11-SEP-2026             0.00       2       2716-2721 
0    102      30004.00828.00013177603        EUR 10-SEP-2026         28855.78  11-SEP-2026         28855.78       0       2722-2723 
0    103      30004.00819.00011834203        EUR 10-SEP-2026             0.00  11-SEP-2026             0.00       0       2724-2725 
0    104      30004.00819.00012033053        EUR 10-SEP-2026             0.00  11-SEP-2026             0.00       15      2726-2813 
0    105      30004.00515.00022604972        EUR 10-SEP-2026             0.00  11-SEP-2026             0.00       0       2814-2815 
0    106      30003.03175.00020172521        EUR 10-SEP-2026          9684.30  11-SEP-2026          9684.30       0       2816-2817 
0    107      30003.03620.00020169577        EUR 10-SEP-2026         -1190.82  11-SEP-2026         -1190.82       0       2818-2819 
0    108      30003.04250.00020626951        EUR 10-SEP-2026             0.00  11-SEP-2026             0.00       0       2820-2821 
0    109      30004.00819.00012031986        EUR 10-SEP-2026             0.00  11-SEP-2026             0.00       6       2822-2850 
0    110      30004.00819.00012033150        EUR 10-SEP-2026             0.00  11-SEP-2026             0.00       2       2851-2860 
0    111      30004.00828.00013508955        EUR 10-SEP-2026             0.00  11-SEP-2026             0.00       0       2861-2862 
0    112      30004.00828.00012607146        EUR 10-SEP-2026             0.00  11-SEP-2026             0.00       2       2863-2871 
0    113      30004.00828.00013530586        EUR 10-SEP-2026             0.00  11-SEP-2026             0.00       0       2872-2873 
0    114      30004.00828.00013508276        EUR 10-SEP-2026             0.00  11-SEP-2026             0.00       0       2874-2875 
0    115      30004.00819.00011831681        EUR 10-SEP-2026             0.00  11-SEP-2026             0.00       4       2876-2895 
1    116      30004.00828.00010148139        USD 10-SEP-2026         13610.37  11-SEP-2026         13610.37       0       2896-2897 
0    117      30004.00828.00012846736        EUR 10-SEP-2026             0.00  11-SEP-2026             0.00       5       2898-2919 
0    118      30004.00828.00013530974        EUR 10-SEP-2026             0.00  11-SEP-2026             0.00       0       2920-2921 
0    119      30004.01328.00010937531        EUR 10-SEP-2026             0.00  11-SEP-2026             0.00       0       2922-2923 
0    120      30004.00828.00013530877        EUR 10-SEP-2026             0.00  11-SEP-2026             0.00       0       2924-2925 
0    121      30004.00819.00011852342        EUR 10-SEP-2026             0.00  11-SEP-2026             0.00       3       2926-2933 
0    122      30004.00819.00011912773        EUR 10-SEP-2026             0.00  11-SEP-2026             0.00       9       2934-2987 
0    123      30004.00819.00011903364        EUR 10-SEP-2026             0.00  11-SEP-2026             0.00       4       2988-3007 
0    124      30004.00819.00011852245        EUR 10-SEP-2026             0.00  11-SEP-2026             0.00       0       3008-3009 
0    125      30004.00828.00012646334        EUR 10-SEP-2026             0.00  11-SEP-2026             0.00       0       3010-3011 
0    126      30004.00819.00011905983        EUR 10-SEP-2026             0.00  11-SEP-2026             0.00       9       3012-3055 
1    127      30003.03620.00020131908        EUR 10-SEP-2026        786450.92  11-SEP-2026        785668.92       1       3056-3061 
0    128      30004.00819.00012032180        EUR 10-SEP-2026             0.00  11-SEP-2026             0.00       5       3062-3090 
0    129      30004.00828.00012646043        EUR 10-SEP-2026       6423641.43  11-SEP-2026       6972643.47       48      3091-3358 
0    130      30004.00819.00012032277        EUR 10-SEP-2026             0.00  11-SEP-2026             0.00       23      3359-3499 
0    131      30003.04250.00020626969        EUR 10-SEP-2026             0.00  11-SEP-2026             0.00       0       3500-3501 
0    132      30003.01504.00020107938        EUR 10-SEP-2026        134750.88  11-SEP-2026         29998.14       3       3502-3519 
0    133      30004.00828.00013324170        EUR 10-SEP-2026             0.00  11-SEP-2026             0.00       2       3520-3529 
0    134      30004.00819.00011903461        EUR 10-SEP-2026             0.00  11-SEP-2026             0.00       5       3530-3559 
0    135      30004.00828.00012650214        EUR 10-SEP-2026             0.00  11-SEP-2026             0.00       0       3560-3561 
0    136      30004.00819.00011843030        EUR 10-SEP-2026             0.00  11-SEP-2026             0.00       4       3562-3575 
0    137      30004.00819.00012063026        EUR 10-SEP-2026             0.00  11-SEP-2026             0.00       32      3576-3760 
0    138      30004.00828.00012541768        EUR 10-SEP-2026             0.00  11-SEP-2026             0.00       0       3761-3762 
0    139      30004.00819.00012032859        EUR 10-SEP-2026             0.00  11-SEP-2026             0.00       10      3763-3813 
1    140      30004.00828.00010169770        USD 10-SEP-2026         14731.57  11-SEP-2026         14731.57       0       3814-3815 
                        Synthèse des relevés, chargement N° 1010041                                   Date :12-SEP-2026  Page : 4

Fichier : /data/flf/files/PDBFINP1/data/in/AFB120.txt
Archivé : /data/flf/files/PDBFINP1/data/traite/AFB120.txt
Recyclé : /data/flf/files/PDBFINP1/data/log/AFB120.txt.err

Err. Relevé   Compte                         Dev Date début      Ancien solde  Date fin       Nouveau solde   Mouvements Debut-Fin
-----------------------------------------------------------------------------------------------------------------------------------
0    141      30003.03175.00050178205        EUR 10-SEP-2026           118.54  11-SEP-2026           118.54       0       3816-3817 
0    142      30004.00819.00011906274        EUR 10-SEP-2026             0.00  11-SEP-2026             0.00       5       3818-3841 
0    143      30004.00828.00013298174        EUR 10-SEP-2026             0.00  11-SEP-2026             0.00       0       3842-3843 
0    144      30004.02532.00010095338        EUR 10-SEP-2026             0.00  11-SEP-2026             0.00       0       3844-3845 
0    145      30004.00819.00011843224        EUR 10-SEP-2026             0.00  11-SEP-2026             0.00       2       3846-3854 
1    146      30004.00828.00010181873        AED 10-SEP-2026         47129.24  11-SEP-2026         47129.24       0       3855-3856 
0    147      30004.01328.00010189758        EUR 10-SEP-2026             0.00  11-SEP-2026             0.00       103     3857-4219 
0    148      30004.00828.00013508179        EUR 10-SEP-2026             0.00  11-SEP-2026             0.00       0       4220-4221 
1    149      30004.00819.00010120701        GBP 10-SEP-2026        127313.43  11-SEP-2026        127313.43       0       4222-4223 
0    150      30004.02532.00010114738        EUR 10-SEP-2026        308085.95  11-SEP-2026        308085.95       0       4224-4225 
1    151      30004.00828.00010181747        QAR 10-SEP-2026          3770.87  11-SEP-2026          3770.87       0       4226-4227 
1    152      30004.00819.00011828480        EUR 10-SEP-2026             0.00  11-SEP-2026             0.00       0       4228-4229 
0    153      30004.00828.00012632851        EUR 10-SEP-2026             0.00  11-SEP-2026             0.00       12      4230-4306 
1    154      13825.00200.08016346445        EUR 10-SEP-2026       6931198.31  11-SEP-2026       6936315.67       1       4307-4314 
0    155      30004.00828.00013329117        EUR 10-SEP-2026             0.00  11-SEP-2026             0.00       0       4315-4316 
0    156      30004.00828.00012846542        EUR 10-SEP-2026             0.00  11-SEP-2026             0.00       4       4317-4330 
0    157      30004.02532.00010098345        EUR 10-SEP-2026        748851.57  11-SEP-2026        748851.57       0       4331-4332 
0    158      30004.00819.00012032762        EUR 10-SEP-2026             0.00  11-SEP-2026             0.00       9       4333-4372 
0    159      30004.00828.00013171686        EUR 10-SEP-2026             0.00  11-SEP-2026             0.00       0       4373-4374 
0    160      30004.00828.00012541865        EUR 10-SEP-2026             0.00  11-SEP-2026             0.00       0       4375-4376 
-----------------------------------------------------------------------------------------------------------------------------------
                                             Relevés chargés 141      Lignes chargées 744   
                                                     erreurs 19               erreurs 70    
                                                     total   160              total   814   
