                        Enregistrements erronés lors du chargement de relevés                    Date :11-SEP-2026  Page : 1

  N°     Contenu   
-------------------------------------------------------------------------------------------------------------------------------
01861 >  0130003    03620EUR2 00020183677  090926                                                  0000000000000{                
 Erreur 001 : Compte bancaire erroné                                                                              
        001 - 002 code enregistrement  = 01                                                                              
        003 - 005 code banque          = 30003                                                                           
        012 - 005 code guichet         = 03620                                                                           
        017 - 003 devise               = EUR                                                                             
        020 - 001 nombre de décimales  = 2                                                                               
        022 - 011 numéro de compte     = 00020183677                                                                     
        033 - 002 code opération AFB   =                                                                                 
        035 - 006 date d'opération     = 090926                                                                          
        091 - 014 ancien solde         = 0000000000000{                                                                  
02835 >  0130003    03620EUR2 00020137269  090926                                                  0000000000000{                
 Erreur 025 : Journée manquante (date supérieure à celle du dernier relevé chargé)                                
        001 - 002 code enregistrement  = 01                                                                              
        003 - 005 code banque          = 30003                                                                           
        012 - 005 code guichet         = 03620                                                                           
        017 - 003 devise               = EUR                                                                             
        020 - 001 nombre de décimales  = 2                                                                               
        022 - 011 numéro de compte     = 00020137269                                                                     
        033 - 002 code opération AFB   =                                                                                 
        035 - 006 date d'opération     = 090926                                                                          
        091 - 014 ancien solde         = 0000000000000{                                                                  
04114 >  0130003    04170EUR2 00029067075  090926                                                  0000000000000{                
 Erreur 001 : Compte bancaire erroné                                                                              
        001 - 002 code enregistrement  = 01                                                                              
        003 - 005 code banque          = 30003                                                                           
        012 - 005 code guichet         = 04170                                                                           
        017 - 003 devise               = EUR                                                                             
        020 - 001 nombre de décimales  = 2                                                                               
        022 - 011 numéro de compte     = 00029067075                                                                     
        033 - 002 code opération AFB   =                                                                                 
        035 - 006 date d'opération     = 090926                                                                          
        091 - 014 ancien solde         = 0000000000000{                                                                  
05117 >  0130003    00080EUR2 00020343254  090926                                                  0000000000000{                
 Erreur 001 : Compte bancaire erroné                                                                              
        001 - 002 code enregistrement  = 01                                                                              
        003 - 005 code banque          = 30003                                                                           
        012 - 005 code guichet         = 00080                                                                           
        017 - 003 devise               = EUR                                                                             
        020 - 001 nombre de décimales  = 2                                                                               
        022 - 011 numéro de compte     = 00020343254                                                                     
        033 - 002 code opération AFB   =                                                                                 
        035 - 006 date d'opération     = 090926                                                                          
        091 - 014 ancien solde         = 0000000000000{                                                                  
                        Enregistrements erronés lors du chargement de relevés                    Date :11-SEP-2026  Page : 2

  N°     Contenu   
-------------------------------------------------------------------------------------------------------------------------------
06208 >  0130003    03620EUR2 00020183636  090926                                                  0000000000000{                
 Erreur 001 : Compte bancaire erroné                                                                              
        001 - 002 code enregistrement  = 01                                                                              
        003 - 005 code banque          = 30003                                                                           
        012 - 005 code guichet         = 03620                                                                           
        017 - 003 devise               = EUR                                                                             
        020 - 001 nombre de décimales  = 2                                                                               
        022 - 011 numéro de compte     = 00020183636                                                                     
        033 - 002 code opération AFB   =                                                                                 
        035 - 006 date d'opération     = 090926                                                                          
        091 - 014 ancien solde         = 0000000000000{                                                                  
07260 >  0130003    03620EUR2 00020183693  090926                                                  0000000000000{                
 Erreur 001 : Compte bancaire erroné                                                                              
        001 - 002 code enregistrement  = 01                                                                              
        003 - 005 code banque          = 30003                                                                           
        012 - 005 code guichet         = 03620                                                                           
        017 - 003 devise               = EUR                                                                             
        020 - 001 nombre de décimales  = 2                                                                               
        022 - 011 numéro de compte     = 00020183693                                                                     
        033 - 002 code opération AFB   =                                                                                 
        035 - 006 date d'opération     = 090926                                                                          
        091 - 014 ancien solde         = 0000000000000{                                                                  
                        Synthèse des relevés, chargement N° 1010040                                   Date :11-SEP-2026  Page : 1

Fichier : /data/flf/files/PDBFINP1/data/in/AFB120.txt
Archivé : /data/flf/files/PDBFINP1/data/traite/AFB120.txt
Recyclé : /data/flf/files/PDBFINP1/data/log/AFB120.txt.err

Err. Relevé   Compte                         Dev Date début      Ancien solde  Date fin       Nouveau solde   Mouvements Debut-Fin
-----------------------------------------------------------------------------------------------------------------------------------
0    1        30003.03175.00020103104        EUR 09-SEP-2026             0.00  10-SEP-2026             0.00       0          1-2    
0    2        30003.02280.00025150107        EUR 09-SEP-2026             0.00  10-SEP-2026             0.00       10         3-60   
0    3        30003.01100.00020392081        EUR 09-SEP-2026             0.00  10-SEP-2026             0.00       2         61-66   
0    4        30003.03175.00020103096        EUR 09-SEP-2026             0.00  10-SEP-2026             0.00       0         67-68   
0    5        30003.01100.00020410065        EUR 09-SEP-2026             0.00  10-SEP-2026             0.00       0         69-70   
0    6        30003.03175.00020471485        EUR 09-SEP-2026             0.00  10-SEP-2026             0.00       0         71-72   
0    7        30003.03620.00020010680        EUR 09-SEP-2026             0.00  10-SEP-2026             0.00       0         73-74   
0    8        30003.03620.00020010672        EUR 09-SEP-2026             0.00  10-SEP-2026             0.00       0         75-76   
0    9        30003.03620.00020169593        EUR 09-SEP-2026             0.00  10-SEP-2026             0.00       0         77-78   
0    10       30003.03175.00020260524        EUR 09-SEP-2026             0.00  10-SEP-2026             0.00       0         79-80   
0    11       30003.01240.00025150024        EUR 09-SEP-2026             0.00  10-SEP-2026             0.00       82        81-455  
0    12       30003.03620.00020160634        EUR 09-SEP-2026             0.00  10-SEP-2026             0.00       0        456-457  
0    13       30003.01100.00020416815        EUR 09-SEP-2026             0.00  10-SEP-2026             0.00       2        458-466  
0    14       30003.03175.00020176167        EUR 09-SEP-2026             0.00  10-SEP-2026             0.00       0        467-468  
0    15       30003.03175.00020296890        EUR 09-SEP-2026             0.00  10-SEP-2026             0.00       2        469-474  
0    16       30003.01469.00020890485        EUR 09-SEP-2026             0.00  10-SEP-2026             0.00       0        475-476  
0    17       30003.03175.00020496417        EUR 09-SEP-2026             0.00  10-SEP-2026             0.00       0        477-478  
0    18       30003.03175.00020317308        EUR 09-SEP-2026             0.00  10-SEP-2026             0.00       0        479-480  
0    19       30003.02280.00020405514        EUR 09-SEP-2026             0.00  10-SEP-2026             0.00       10       481-526  
0    20       30003.03620.00020137293        EUR 09-SEP-2026             0.00  10-SEP-2026             0.00       0        527-528  
0    21       30003.03175.00020516164        EUR 09-SEP-2026             0.00  10-SEP-2026             0.00       0        529-530  
0    22       30003.03175.00020185812        EUR 09-SEP-2026             0.00  10-SEP-2026             0.00       2        531-536  
0    23       30003.03620.00020010656        EUR 09-SEP-2026             0.00  10-SEP-2026             0.00       0        537-538  
0    24       30003.03175.00020485428        EUR 09-SEP-2026             0.00  10-SEP-2026             0.00       27       539-698  
0    25       30003.01100.00020427820        EUR 09-SEP-2026             0.00  10-SEP-2026             0.00       2        699-704  
0    26       30003.03620.00020150049        EUR 09-SEP-2026             0.00  10-SEP-2026             0.00       0        705-706  
0    27       30003.00580.00020006882        EUR 09-SEP-2026             0.00  10-SEP-2026             0.00       2        707-713  
0    28       30003.03175.00020807423        EUR 09-SEP-2026             0.00  10-SEP-2026             0.00       14       714-767  
0    29       30003.03620.00020150023        EUR 09-SEP-2026             0.00  10-SEP-2026             0.00       0        768-769  
0    30       30003.01100.00020415601        EUR 09-SEP-2026             0.00  10-SEP-2026             0.00       0        770-771  
0    31       30003.01100.00020407558        EUR 09-SEP-2026             0.00  10-SEP-2026             0.00       0        772-773  
0    32       30003.01240.00020277947        EUR 09-SEP-2026             0.00  10-SEP-2026             0.00       4        774-795  
0    33       30003.03620.00020674626        EUR 09-SEP-2026             0.00  10-SEP-2026             0.00       0        796-797  
0    34       30003.03620.00020169544        EUR 09-SEP-2026             0.00  10-SEP-2026             0.00       0        798-799  
0    35       30003.03175.00020471493        EUR 09-SEP-2026             0.00  10-SEP-2026             0.00       4        800-809  
0    36       30003.03175.00020516107        EUR 09-SEP-2026             0.00  10-SEP-2026             0.00       3        810-818  
0    37       30003.03175.00020260516        EUR 09-SEP-2026             0.00  10-SEP-2026             0.00       10       819-857  
0    38       30003.01467.00020728976        EUR 09-SEP-2026             0.00  10-SEP-2026             0.00       2        858-864  
0    39       30003.03620.00020575849        EUR 09-SEP-2026             0.00  10-SEP-2026             0.00       0        865-866  
0    40       30003.03175.00020496391        EUR 09-SEP-2026             0.00  10-SEP-2026             0.00       0        867-868  
0    41       30003.03175.00020807357        EUR 09-SEP-2026             0.00  10-SEP-2026             0.00       10       869-913  
0    42       30003.03620.00020150031        EUR 09-SEP-2026             0.00  10-SEP-2026             0.00       0        914-915  
0    43       30003.03175.00020295249        EUR 09-SEP-2026             0.00  10-SEP-2026             0.00       2        916-921  
0    44       30003.03175.00020289366        EUR 09-SEP-2026             0.00  10-SEP-2026             0.00       0        922-923  
0    45       30003.01112.00020006513        EUR 09-SEP-2026             0.00  10-SEP-2026             0.00       0        924-925  
0    46       30003.03620.00020160584        EUR 09-SEP-2026             0.00  10-SEP-2026             0.00       3        926-939  
                        Synthèse des relevés, chargement N° 1010040                                   Date :11-SEP-2026  Page : 2

Fichier : /data/flf/files/PDBFINP1/data/in/AFB120.txt
Archivé : /data/flf/files/PDBFINP1/data/traite/AFB120.txt
Recyclé : /data/flf/files/PDBFINP1/data/log/AFB120.txt.err

Err. Relevé   Compte                         Dev Date début      Ancien solde  Date fin       Nouveau solde   Mouvements Debut-Fin
-----------------------------------------------------------------------------------------------------------------------------------
0    47       30003.01112.00020011356        EUR 09-SEP-2026             0.00  10-SEP-2026             0.00       101      940-1438 
0    48       30003.01100.00020073640        EUR 09-SEP-2026             0.00  10-SEP-2026             0.00       0       1439-1440 
0    49       30003.01100.00020414331        EUR 09-SEP-2026             0.00  10-SEP-2026             0.00       0       1441-1442 
0    50       30003.02280.00025150164        EUR 09-SEP-2026             0.00  10-SEP-2026             0.00       0       1443-1444 
0    51       30003.03175.00020172778        EUR 09-SEP-2026             0.00  10-SEP-2026             0.00       0       1445-1446 
0    52       30003.03175.00020170681        EUR 09-SEP-2026             0.00  10-SEP-2026             0.00       4       1447-1467 
0    53       30003.03175.00020496292        EUR 09-SEP-2026             0.00  10-SEP-2026             0.00       0       1468-1469 
0    54       30003.03620.00020139257        EUR 09-SEP-2026             0.00  10-SEP-2026             0.00       3       1470-1486 
0    55       30003.00550.00020079388        EUR 09-SEP-2026             0.00  10-SEP-2026             0.00       0       1487-1488 
0    56       30003.03620.00020010581        EUR 09-SEP-2026             0.00  10-SEP-2026             0.00       4       1489-1500 
0    57       30003.03175.00020516081        EUR 09-SEP-2026             0.00  10-SEP-2026             0.00       2       1501-1507 
0    58       30003.01100.00020025343        EUR 09-SEP-2026             0.00  10-SEP-2026             0.00       119     1508-1758 
0    59       30003.03175.00020807365        EUR 09-SEP-2026             0.00  10-SEP-2026             0.00       0       1759-1760 
0    60       30003.03175.00020255979        EUR 09-SEP-2026             0.00  10-SEP-2026             0.00       0       1761-1762 
0    61       30003.03175.00020516156        EUR 09-SEP-2026             0.00  10-SEP-2026             0.00       0       1763-1764 
0    62       30003.03620.00020166755        EUR 09-SEP-2026             0.00  10-SEP-2026             0.00       0       1765-1766 
0    63       30003.02360.00020117309        EUR 09-SEP-2026             0.00  10-SEP-2026             0.00       20      1767-1858 
0    64       30003.03175.00020294630        EUR 09-SEP-2026             0.00  10-SEP-2026             0.00       0       1859-1860 
1    65       30003.03620.00020183677        EUR 09-SEP-2026             0.00  10-SEP-2026             0.00       0       1861-1862 
0    66       30003.03620.00020160626        EUR 09-SEP-2026             0.00  10-SEP-2026             0.00       0       1863-1864 
0    67       30003.03175.00020516115        EUR 09-SEP-2026             0.00  10-SEP-2026             0.00       0       1865-1866 
0    68       30003.03175.00020255524        EUR 09-SEP-2026             0.00  10-SEP-2026             0.00       2       1867-1876 
0    69       30003.03859.00025150347        EUR 09-SEP-2026             0.00  10-SEP-2026             0.00       89      1877-2303 
0    70       30003.01100.00020411097        EUR 09-SEP-2026             0.00  10-SEP-2026             0.00       0       2304-2305 
0    71       30003.03620.00020160592        EUR 09-SEP-2026             0.00  10-SEP-2026             0.00       0       2306-2307 
0    72       30003.03175.00020485402        EUR 09-SEP-2026             0.00  10-SEP-2026             0.00       5       2308-2330 
0    73       30003.01100.00020415510        EUR 09-SEP-2026             0.00  10-SEP-2026             0.00       0       2331-2332 
0    74       30003.03175.00020175144        EUR 09-SEP-2026             0.00  10-SEP-2026             0.00       6       2333-2355 
0    75       30003.03620.00020150189        EUR 09-SEP-2026             0.00  10-SEP-2026             0.00       0       2356-2357 
0    76       30003.03175.00020485444        EUR 09-SEP-2026             0.00  10-SEP-2026             0.00       0       2358-2359 
0    77       30003.03175.00020103112        EUR 09-SEP-2026             0.00  10-SEP-2026             0.00       0       2360-2361 
0    78       30003.03175.00020496425        EUR 09-SEP-2026             0.00  10-SEP-2026             0.00       0       2362-2363 
0    79       30003.01100.00020416740        EUR 09-SEP-2026             0.00  10-SEP-2026             0.00       0       2364-2365 
0    80       30003.04170.00029067232        EUR 09-SEP-2026             0.00  10-SEP-2026             0.00       3       2366-2379 
0    81       30003.03175.00020285125        EUR 09-SEP-2026             0.00  10-SEP-2026             0.00       6       2380-2407 
0    82       30003.03620.00020167191        EUR 09-SEP-2026             0.00  10-SEP-2026             0.00       3       2408-2418 
0    83       30003.03620.00020150064        EUR 09-SEP-2026             0.00  10-SEP-2026             0.00       0       2419-2420 
0    84       30003.03620.00020169601        EUR 09-SEP-2026             0.00  10-SEP-2026             0.00       0       2421-2422 
0    85       30003.03175.00020279391        EUR 09-SEP-2026             0.00  10-SEP-2026             0.00       9       2423-2467 
0    86       30003.02280.00025150354        EUR 09-SEP-2026             0.00  10-SEP-2026             0.00       0       2468-2469 
0    87       30003.02280.00025150149        EUR 09-SEP-2026             0.00  10-SEP-2026             0.00       0       2470-2471 
0    88       30003.03175.00020120439        EUR 09-SEP-2026             0.00  10-SEP-2026             0.00       2       2472-2479 
0    89       30003.03175.00020516172        EUR 09-SEP-2026             0.00  10-SEP-2026             0.00       0       2480-2481 
0    90       30003.01100.00020411865        EUR 09-SEP-2026             0.00  10-SEP-2026             0.00       19      2482-2582 
0    91       30003.01100.00020410289        EUR 09-SEP-2026             0.00  10-SEP-2026             0.00       0       2583-2584 
0    92       30003.01100.00020415619        EUR 09-SEP-2026             0.00  10-SEP-2026             0.00       0       2585-2586 
0    93       30003.03175.00020297690        EUR 09-SEP-2026             0.00  10-SEP-2026             0.00       0       2587-2588 
                        Synthèse des relevés, chargement N° 1010040                                   Date :11-SEP-2026  Page : 3

Fichier : /data/flf/files/PDBFINP1/data/in/AFB120.txt
Archivé : /data/flf/files/PDBFINP1/data/traite/AFB120.txt
Recyclé : /data/flf/files/PDBFINP1/data/log/AFB120.txt.err

Err. Relevé   Compte                         Dev Date début      Ancien solde  Date fin       Nouveau solde   Mouvements Debut-Fin
-----------------------------------------------------------------------------------------------------------------------------------
0    94       30003.01100.00020406238        EUR 09-SEP-2026             0.00  10-SEP-2026             0.00       0       2589-2590 
0    95       30003.03175.00020294622        EUR 09-SEP-2026             0.00  10-SEP-2026             0.00       0       2591-2592 
0    96       30003.03175.00020283401        EUR 09-SEP-2026             0.00  10-SEP-2026             0.00       4       2593-2610 
0    97       30003.03620.00020010714        EUR 09-SEP-2026             0.00  10-SEP-2026             0.00       0       2611-2612 
0    98       30003.03620.00020137228        EUR 09-SEP-2026             0.00  10-SEP-2026             0.00       8       2613-2643 
0    99       30003.00050.00020022020        EUR 09-SEP-2026             0.00  10-SEP-2026             0.00       0       2644-2645 
0    100      30003.03175.00020496557        EUR 09-SEP-2026             0.00  10-SEP-2026             0.00       0       2646-2647 
0    101      30003.03175.00020251895        EUR 09-SEP-2026             0.00  10-SEP-2026             0.00       2       2648-2657 
0    102      30003.03620.00020010664        EUR 09-SEP-2026             0.00  10-SEP-2026             0.00       4       2658-2675 
0    103      30003.03620.00020010565        EUR 09-SEP-2026             0.00  10-SEP-2026             0.00       0       2676-2677 
0    104      30003.01100.00020273851        EUR 09-SEP-2026             0.00  10-SEP-2026             0.00       0       2678-2679 
0    105      30003.03620.00020551055        EUR 09-SEP-2026             0.00  10-SEP-2026             0.00       0       2680-2681 
0    106      30003.00400.00020039818        EUR 09-SEP-2026             0.00  10-SEP-2026             0.00       9       2682-2735 
0    107      30003.03620.00020137285        EUR 09-SEP-2026             0.00  10-SEP-2026             0.00       0       2736-2737 
0    108      30003.03175.00020294366        EUR 09-SEP-2026             0.00  10-SEP-2026             0.00       0       2738-2739 
0    109      30003.01100.00020417243        EUR 09-SEP-2026             0.00  10-SEP-2026             0.00       2       2740-2745 
0    110      30003.03175.00020516180        EUR 09-SEP-2026             0.00  10-SEP-2026             0.00       5       2746-2764 
0    111      30003.03175.00020294648        EUR 09-SEP-2026             0.00  10-SEP-2026             0.00       0       2765-2766 
0    112      30003.01100.00020394400        EUR 09-SEP-2026             0.00  10-SEP-2026             0.00       3       2767-2780 
0    113      30003.03175.00020340490        EUR 09-SEP-2026             0.00  10-SEP-2026             0.00       2       2781-2786 
0    114      30003.03175.00020468648        EUR 09-SEP-2026             0.00  10-SEP-2026             0.00       0       2787-2788 
0    115      30003.03175.00020308026        EUR 09-SEP-2026             0.00  10-SEP-2026             0.00       5       2789-2803 
0    116      30003.03175.00020258809        EUR 09-SEP-2026             0.00  10-SEP-2026             0.00       4       2804-2818 
0    117      30003.01100.00020410271        EUR 09-SEP-2026             0.00  10-SEP-2026             0.00       0       2819-2820 
0    118      30003.01100.00020415643        EUR 09-SEP-2026             0.00  10-SEP-2026             0.00       0       2821-2822 
0    119      30003.03620.00020150130        EUR 09-SEP-2026             0.00  10-SEP-2026             0.00       0       2823-2824 
0    120      30003.01785.00025156641        EUR 09-SEP-2026             0.00  10-SEP-2026             0.00       0       2825-2826 
0    121      30003.01240.00025151626        EUR 09-SEP-2026             0.00  10-SEP-2026             0.00       0       2827-2828 
0    122      30003.01100.00020419371        EUR 09-SEP-2026             0.00  10-SEP-2026             0.00       0       2829-2830 
0    123      30003.02250.00020001131        EUR 09-SEP-2026             0.00  10-SEP-2026             0.00       0       2831-2832 
0    124      30003.01100.00020398294        EUR 09-SEP-2026             0.00  10-SEP-2026             0.00       0       2833-2834 
1    125      30003.03620.00020137269        EUR 09-SEP-2026             0.00  10-SEP-2026             0.00       0       2835-2836 
0    126      30003.03175.00020496532        EUR 09-SEP-2026             0.00  10-SEP-2026             0.00       0       2837-2838 
0    127      30003.03175.00020241573        EUR 09-SEP-2026             0.00  10-SEP-2026             0.00       2       2839-2847 
0    128      30003.04043.00025150149        EUR 09-SEP-2026             0.00  10-SEP-2026             0.00       4       2848-2865 
0    129      30003.01469.00020891376        EUR 09-SEP-2026             0.00  10-SEP-2026             0.00       0       2866-2867 
0    130      30003.03175.00020203722        EUR 09-SEP-2026             0.00  10-SEP-2026             0.00       10      2868-2923 
0    131      30003.03620.00020030530        EUR 09-SEP-2026             0.00  10-SEP-2026             0.00       0       2924-2925 
0    132      30003.03175.00020288137        EUR 09-SEP-2026             0.00  10-SEP-2026             0.00       0       2926-2927 
0    133      30003.03620.00020010573        EUR 09-SEP-2026             0.00  10-SEP-2026             0.00       0       2928-2929 
0    134      30003.03223.00020051099        EUR 09-SEP-2026             0.00  10-SEP-2026             0.00       0       2930-2931 
0    135      30003.03175.00020340532        EUR 09-SEP-2026             0.00  10-SEP-2026             0.00       10      2932-2986 
0    136      30003.03620.00020150148        EUR 09-SEP-2026             0.00  10-SEP-2026             0.00       0       2987-2988 
0    137      30003.03175.00020354244        EUR 09-SEP-2026             0.00  10-SEP-2026             0.00       14      2989-3048 
0    138      30003.01100.00020414166        EUR 09-SEP-2026             0.00  10-SEP-2026             0.00       0       3049-3050 
0    139      30003.01100.00020411105        EUR 09-SEP-2026             0.00  10-SEP-2026             0.00       0       3051-3052 
0    140      30003.03175.00020304173        EUR 09-SEP-2026             0.00  10-SEP-2026             0.00       2       3053-3058 
                        Synthèse des relevés, chargement N° 1010040                                   Date :11-SEP-2026  Page : 4

Fichier : /data/flf/files/PDBFINP1/data/in/AFB120.txt
Archivé : /data/flf/files/PDBFINP1/data/traite/AFB120.txt
Recyclé : /data/flf/files/PDBFINP1/data/log/AFB120.txt.err

Err. Relevé   Compte                         Dev Date début      Ancien solde  Date fin       Nouveau solde   Mouvements Debut-Fin
-----------------------------------------------------------------------------------------------------------------------------------
0    141      30003.03620.00020167886        EUR 09-SEP-2026             0.00  10-SEP-2026             0.00       0       3059-3060 
0    142      30003.03175.00020177637        EUR 09-SEP-2026             0.00  10-SEP-2026             0.00       17      3061-3129 
0    143      30003.01100.00020429297        EUR 09-SEP-2026             0.00  10-SEP-2026             0.00       0       3130-3131 
0    144      30003.01207.00020186650        EUR 09-SEP-2026             0.00  10-SEP-2026             0.00       99      3132-3558 
0    145      30003.00550.00020086607        EUR 09-SEP-2026             0.00  10-SEP-2026             0.00       0       3559-3560 
0    146      30003.02280.00025720792        EUR 09-SEP-2026             0.00  10-SEP-2026             0.00       126     3561-4113 
1    147      30003.04170.00029067075        EUR 09-SEP-2026             0.00  10-SEP-2026             0.00       19      4114-4216 
0    148      30003.03175.00020340482        EUR 09-SEP-2026             0.00  10-SEP-2026             0.00       23      4217-4326 
0    149      30003.03859.00025150453        EUR 09-SEP-2026             0.00  10-SEP-2026             0.00       0       4327-4328 
0    150      30003.03175.00020359177        EUR 09-SEP-2026             0.00  10-SEP-2026             0.00       4       4329-4338 
0    151      30003.01100.00020070505        EUR 09-SEP-2026             0.00  10-SEP-2026             0.00       0       4339-4340 
0    152      30003.03620.00020160600        EUR 09-SEP-2026             0.00  10-SEP-2026             0.00       0       4341-4342 
0    153      30003.01785.00025155114        EUR 09-SEP-2026             0.00  10-SEP-2026             0.00       125     4343-4942 
0    154      30003.03620.00020150098        EUR 09-SEP-2026             0.00  10-SEP-2026             0.00       2       4943-4950 
0    155      30003.03620.00020150163        EUR 09-SEP-2026             0.00  10-SEP-2026             0.00       30      4951-5110 
0    156      30003.03175.00020250681        EUR 09-SEP-2026             0.00  10-SEP-2026             0.00       2       5111-5116 
1    157      30003.00080.00020343254        EUR 09-SEP-2026             0.00  10-SEP-2026             0.00       262     5117-6205 
0    158      30003.03175.00020471501        EUR 09-SEP-2026             0.00  10-SEP-2026             0.00       0       6206-6207 
1    159      30003.03620.00020183636        EUR 09-SEP-2026             0.00  10-SEP-2026             0.00       0       6208-6209 
0    160      30003.03175.00020340516        EUR 09-SEP-2026             0.00  10-SEP-2026             0.00       2       6210-6217 
0    161      30003.03175.00020260508        EUR 09-SEP-2026             0.00  10-SEP-2026             0.00       7       6218-6228 
0    162      30003.03620.00020150056        EUR 09-SEP-2026             0.00  10-SEP-2026             0.00       15      6229-6294 
0    163      30003.01240.00025151519        EUR 09-SEP-2026             0.00  10-SEP-2026             0.00       0       6295-6296 
0    164      30003.03620.00020674659        EUR 09-SEP-2026             0.00  10-SEP-2026             0.00       0       6297-6298 
0    165      30003.03175.00020288152        EUR 09-SEP-2026             0.00  10-SEP-2026             0.00       0       6299-6300 
0    166      30003.03175.00020294614        EUR 09-SEP-2026             0.00  10-SEP-2026             0.00       4       6301-6313 
0    167      30003.03175.00020294374        EUR 09-SEP-2026             0.00  10-SEP-2026             0.00       0       6314-6315 
0    168      30003.03175.00020255516        EUR 09-SEP-2026             0.00  10-SEP-2026             0.00       0       6316-6317 
0    169      30003.01100.00020394897        EUR 09-SEP-2026             0.00  10-SEP-2026             0.00       0       6318-6319 
0    170      30003.03175.00020496565        EUR 09-SEP-2026             0.00  10-SEP-2026             0.00       0       6320-6321 
0    171      30003.03175.00020807340        EUR 09-SEP-2026             0.00  10-SEP-2026             0.00       2       6322-6330 
0    172      30003.03175.00020254030        EUR 09-SEP-2026             0.00  10-SEP-2026             0.00       0       6331-6332 
0    173      30003.03175.00020262181        EUR 09-SEP-2026             0.00  10-SEP-2026             0.00       0       6333-6334 
0    174      30003.03620.00020010540        EUR 09-SEP-2026             0.00  10-SEP-2026             0.00       4       6335-6345 
0    175      30003.01100.00020409398        EUR 09-SEP-2026             0.00  10-SEP-2026             0.00       2       6346-6349 
0    176      30003.03175.00020260581        EUR 09-SEP-2026             0.00  10-SEP-2026             0.00       0       6350-6351 
0    177      30003.03620.00020012645        EUR 09-SEP-2026             0.00  10-SEP-2026             0.00       0       6352-6353 
0    178      30003.02280.00025150123        EUR 09-SEP-2026             0.00  10-SEP-2026             0.00       0       6354-6355 
0    179      30003.03175.00020281801        EUR 09-SEP-2026             0.00  10-SEP-2026             0.00       2       6356-6363 
0    180      30003.01100.00020415486        EUR 09-SEP-2026             0.00  10-SEP-2026             0.00       0       6364-6365 
0    181      30003.01100.00020410685        EUR 09-SEP-2026             0.00  10-SEP-2026             0.00       0       6366-6367 
0    182      30003.01100.00020389632        EUR 09-SEP-2026             0.00  10-SEP-2026             0.00       2       6368-6372 
0    183      30003.01100.00020417011        EUR 09-SEP-2026             0.00  10-SEP-2026             0.00       6       6373-6404 
0    184      30003.03175.00020282551        EUR 09-SEP-2026             0.00  10-SEP-2026             0.00       9       6405-6435 
0    185      30003.03175.00020288160        EUR 09-SEP-2026             0.00  10-SEP-2026             0.00       0       6436-6437 
0    186      30003.03175.00020285000        EUR 09-SEP-2026             0.00  10-SEP-2026             0.00       0       6438-6439 
0    187      30003.03175.00020496581        EUR 09-SEP-2026             0.00  10-SEP-2026             0.00       0       6440-6441 
                        Synthèse des relevés, chargement N° 1010040                                   Date :11-SEP-2026  Page : 5

Fichier : /data/flf/files/PDBFINP1/data/in/AFB120.txt
Archivé : /data/flf/files/PDBFINP1/data/traite/AFB120.txt
Recyclé : /data/flf/files/PDBFINP1/data/log/AFB120.txt.err

Err. Relevé   Compte                         Dev Date début      Ancien solde  Date fin       Nouveau solde   Mouvements Debut-Fin
-----------------------------------------------------------------------------------------------------------------------------------
0    188      30003.03620.00020145213        EUR 09-SEP-2026             0.00  10-SEP-2026             0.00       0       6442-6443 
0    189      30003.03175.00020485410        EUR 09-SEP-2026             0.00  10-SEP-2026             0.00       5       6444-6459 
0    190      30003.01100.00020399698        EUR 09-SEP-2026             0.00  10-SEP-2026             0.00       23      6460-6484 
0    191      30003.02190.00020101501        EUR 09-SEP-2026             0.00  10-SEP-2026             0.00       0       6485-6486 
0    192      30003.03175.00020471519        EUR 09-SEP-2026             0.00  10-SEP-2026             0.00       0       6487-6488 
0    193      30003.03175.00020250699        EUR 09-SEP-2026             0.00  10-SEP-2026             0.00       0       6489-6490 
0    194      30003.00370.00025100813        EUR 09-SEP-2026             0.00  10-SEP-2026             0.00       58      6491-6738 
0    195      30003.03175.00020444219        EUR 09-SEP-2026             0.00  10-SEP-2026             0.00       0       6739-6740 
0    196      30003.03620.00020150197        EUR 09-SEP-2026             0.00  10-SEP-2026             0.00       0       6741-6742 
0    197      30003.01469.00020843989        EUR 09-SEP-2026             0.00  10-SEP-2026             0.00       88      6743-7146 
0    198      30003.01100.00020404134        EUR 09-SEP-2026             0.00  10-SEP-2026             0.00       13      7147-7221 
0    199      30003.03175.00020260458        EUR 09-SEP-2026             0.00  10-SEP-2026             0.00       2       7222-7229 
0    200      30003.03620.00020175756        EUR 09-SEP-2026             0.00  10-SEP-2026             0.00       0       7230-7231 
0    201      30003.03175.00020496540        EUR 09-SEP-2026             0.00  10-SEP-2026             0.00       0       7232-7233 
0    202      30003.03175.00020297682        EUR 09-SEP-2026             0.00  10-SEP-2026             0.00       6       7234-7257 
0    203      30003.03175.00020241599        EUR 09-SEP-2026             0.00  10-SEP-2026             0.00       0       7258-7259 
1    204      30003.03620.00020183693        EUR 09-SEP-2026             0.00  10-SEP-2026             0.00       0       7260-7261 
0    205      30003.03175.00020256076        EUR 09-SEP-2026             0.00  10-SEP-2026             0.00       0       7262-7263 
0    206      30003.01100.00020398351        EUR 09-SEP-2026             0.00  10-SEP-2026             0.00       0       7264-7265 
0    207      30003.03620.00020150106        EUR 09-SEP-2026             0.00  10-SEP-2026             0.00       0       7266-7267 
0    208      30003.03620.00020169619        EUR 09-SEP-2026             0.00  10-SEP-2026             0.00       0       7268-7269 
0    209      30003.01100.00020428349        EUR 09-SEP-2026             0.00  10-SEP-2026             0.00       0       7270-7271 
0    210      30003.03175.00020285109        EUR 09-SEP-2026             0.00  10-SEP-2026             0.00       0       7272-7273 
0    211      30003.03175.00020297708        EUR 09-SEP-2026             0.00  10-SEP-2026             0.00       0       7274-7275 
0    212      30003.01100.00020418951        EUR 09-SEP-2026             0.00  10-SEP-2026             0.00       2       7276-7282 
0    213      30003.03175.00020485436        EUR 09-SEP-2026             0.00  10-SEP-2026             0.00       0       7283-7284 
-----------------------------------------------------------------------------------------------------------------------------------
                                             Relevés chargés 207      Lignes chargées 1360  
                                                     erreurs 6                erreurs 281   
                                                     total   213              total   1641  
