                        Enregistrements erronés lors du chargement de relevés                    Date :14-SEP-2026  Page : 1

  N°     Contenu   
-------------------------------------------------------------------------------------------------------------------------------
01234 >  0130003    03620EUR2 00020183693  100926                                                  0000000000000{                
 Erreur 001 : Compte bancaire erroné                                                                              
        001 - 002 code enregistrement  = 01                                                                              
        003 - 005 code banque          = 30003                                                                           
        012 - 005 code guichet         = 03620                                                                           
        017 - 003 devise               = EUR                                                                             
        020 - 001 nombre de décimales  = 2                                                                               
        022 - 011 numéro de compte     = 00020183693                                                                     
        033 - 002 code opération AFB   =                                                                                 
        035 - 006 date d'opération     = 100926                                                                          
        091 - 014 ancien solde         = 0000000000000{                                                                  
01565 >  0130003    03620EUR2 00020137269  100926                                                  0000000000000{                
 Erreur 025 : Journée manquante (date supérieure à celle du dernier relevé chargé)                                
        001 - 002 code enregistrement  = 01                                                                              
        003 - 005 code banque          = 30003                                                                           
        012 - 005 code guichet         = 03620                                                                           
        017 - 003 devise               = EUR                                                                             
        020 - 001 nombre de décimales  = 2                                                                               
        022 - 011 numéro de compte     = 00020137269                                                                     
        033 - 002 code opération AFB   =                                                                                 
        035 - 006 date d'opération     = 100926                                                                          
        091 - 014 ancien solde         = 0000000000000{                                                                  
01580 >  0130003    00080EUR2 00020343254  100926                                                  0000000000000{                
 Erreur 001 : Compte bancaire erroné                                                                              
        001 - 002 code enregistrement  = 01                                                                              
        003 - 005 code banque          = 30003                                                                           
        012 - 005 code guichet         = 00080                                                                           
        017 - 003 devise               = EUR                                                                             
        020 - 001 nombre de décimales  = 2                                                                               
        022 - 011 numéro de compte     = 00020343254                                                                     
        033 - 002 code opération AFB   =                                                                                 
        035 - 006 date d'opération     = 100926                                                                          
        091 - 014 ancien solde         = 0000000000000{                                                                  
03868 >  0130003    03620EUR2 00020183636  100926                                                  0000000000000{                
 Erreur 001 : Compte bancaire erroné                                                                              
        001 - 002 code enregistrement  = 01                                                                              
        003 - 005 code banque          = 30003                                                                           
        012 - 005 code guichet         = 03620                                                                           
        017 - 003 devise               = EUR                                                                             
        020 - 001 nombre de décimales  = 2                                                                               
        022 - 011 numéro de compte     = 00020183636                                                                     
        033 - 002 code opération AFB   =                                                                                 
        035 - 006 date d'opération     = 100926                                                                          
        091 - 014 ancien solde         = 0000000000000{                                                                  
                        Enregistrements erronés lors du chargement de relevés                    Date :14-SEP-2026  Page : 2

  N°     Contenu   
-------------------------------------------------------------------------------------------------------------------------------
04488 >  0130003    04170EUR2 00029067075  100926                                                  0000000000000{                
 Erreur 001 : Compte bancaire erroné                                                                              
        001 - 002 code enregistrement  = 01                                                                              
        003 - 005 code banque          = 30003                                                                           
        012 - 005 code guichet         = 04170                                                                           
        017 - 003 devise               = EUR                                                                             
        020 - 001 nombre de décimales  = 2                                                                               
        022 - 011 numéro de compte     = 00029067075                                                                     
        033 - 002 code opération AFB   =                                                                                 
        035 - 006 date d'opération     = 100926                                                                          
        091 - 014 ancien solde         = 0000000000000{                                                                  
04621 >  0130003    03620EUR2 00020183677  100926                                                  0000000000000{                
 Erreur 001 : Compte bancaire erroné                                                                              
        001 - 002 code enregistrement  = 01                                                                              
        003 - 005 code banque          = 30003                                                                           
        012 - 005 code guichet         = 03620                                                                           
        017 - 003 devise               = EUR                                                                             
        020 - 001 nombre de décimales  = 2                                                                               
        022 - 011 numéro de compte     = 00020183677                                                                     
        033 - 002 code opération AFB   =                                                                                 
        035 - 006 date d'opération     = 100926                                                                          
        091 - 014 ancien solde         = 0000000000000{                                                                  
                        Synthèse des relevés, chargement N° 1010044                                   Date :14-SEP-2026  Page : 1

Fichier : /data/flf/files/PDBFINP1/data/in/AFB120.txt
Archivé : /data/flf/files/PDBFINP1/data/traite/AFB120.txt
Recyclé : /data/flf/files/PDBFINP1/data/log/AFB120.txt.err

Err. Relevé   Compte                         Dev Date début      Ancien solde  Date fin       Nouveau solde   Mouvements Debut-Fin
-----------------------------------------------------------------------------------------------------------------------------------
0    1        30003.03620.00020150106        EUR 10-SEP-2026             0.00  11-SEP-2026             0.00       0          1-2    
0    2        30003.01100.00020409398        EUR 10-SEP-2026             0.00  11-SEP-2026             0.00       2          3-8    
0    3        30003.01100.00020428349        EUR 10-SEP-2026             0.00  11-SEP-2026             0.00       0          9-10   
0    4        30003.03175.00020294648        EUR 10-SEP-2026             0.00  11-SEP-2026             0.00       2         11-16   
0    5        30003.03175.00020516081        EUR 10-SEP-2026             0.00  11-SEP-2026             0.00       9         17-51   
0    6        30003.03175.00020254030        EUR 10-SEP-2026             0.00  11-SEP-2026             0.00       2         52-58   
0    7        30003.02280.00025150354        EUR 10-SEP-2026             0.00  11-SEP-2026             0.00       0         59-60   
0    8        30003.03175.00020281801        EUR 10-SEP-2026             0.00  11-SEP-2026             0.00       7         61-90   
0    9        30003.03620.00020150098        EUR 10-SEP-2026             0.00  11-SEP-2026             0.00       4         91-108  
0    10       30003.03175.00020496391        EUR 10-SEP-2026             0.00  11-SEP-2026             0.00       0        109-110  
0    11       30003.03620.00020010540        EUR 10-SEP-2026             0.00  11-SEP-2026             0.00       2        111-116  
0    12       30003.01100.00020417243        EUR 10-SEP-2026             0.00  11-SEP-2026             0.00       2        117-127  
0    13       30003.03175.00020471493        EUR 10-SEP-2026             0.00  11-SEP-2026             0.00       0        128-129  
0    14       30003.03175.00020516156        EUR 10-SEP-2026             0.00  11-SEP-2026             0.00       0        130-131  
0    15       30003.03175.00020282551        EUR 10-SEP-2026             0.00  11-SEP-2026             0.00       7        132-159  
0    16       30003.03175.00020485444        EUR 10-SEP-2026             0.00  11-SEP-2026             0.00       7        160-192  
0    17       30003.03175.00020170681        EUR 10-SEP-2026             0.00  11-SEP-2026             0.00       13       193-255  
0    18       30003.01785.00025155114        EUR 10-SEP-2026             0.00  11-SEP-2026             0.00       157      256-1072 
0    19       30003.01100.00020392081        EUR 10-SEP-2026             0.00  11-SEP-2026             0.00       0       1073-1074 
0    20       30003.01100.00020398351        EUR 10-SEP-2026             0.00  11-SEP-2026             0.00       4       1075-1088 
0    21       30003.03175.00020203722        EUR 10-SEP-2026             0.00  11-SEP-2026             0.00       3       1089-1099 
0    22       30003.03175.00020496292        EUR 10-SEP-2026             0.00  11-SEP-2026             0.00       0       1100-1101 
0    23       30003.03175.00020496565        EUR 10-SEP-2026             0.00  11-SEP-2026             0.00       0       1102-1103 
0    24       30003.03620.00020150148        EUR 10-SEP-2026             0.00  11-SEP-2026             0.00       0       1104-1105 
0    25       30003.03175.00020285125        EUR 10-SEP-2026             0.00  11-SEP-2026             0.00       0       1106-1107 
0    26       30003.03859.00025150453        EUR 10-SEP-2026             0.00  11-SEP-2026             0.00       2       1108-1111 
0    27       30003.03175.00020496532        EUR 10-SEP-2026             0.00  11-SEP-2026             0.00       6       1112-1144 
0    28       30003.03620.00020150064        EUR 10-SEP-2026             0.00  11-SEP-2026             0.00       0       1145-1146 
0    29       30003.02280.00020405514        EUR 10-SEP-2026             0.00  11-SEP-2026             0.00       3       1147-1159 
0    30       30003.03620.00020010573        EUR 10-SEP-2026             0.00  11-SEP-2026             0.00       0       1160-1161 
0    31       30003.03620.00020150031        EUR 10-SEP-2026             0.00  11-SEP-2026             0.00       0       1162-1163 
0    32       30003.03175.00020262181        EUR 10-SEP-2026             0.00  11-SEP-2026             0.00       0       1164-1165 
0    33       30003.03175.00020485402        EUR 10-SEP-2026             0.00  11-SEP-2026             0.00       2       1166-1172 
0    34       30003.03175.00020288137        EUR 10-SEP-2026             0.00  11-SEP-2026             0.00       0       1173-1174 
0    35       30003.03175.00020496557        EUR 10-SEP-2026             0.00  11-SEP-2026             0.00       4       1175-1189 
0    36       30003.03175.00020256076        EUR 10-SEP-2026             0.00  11-SEP-2026             0.00       0       1190-1191 
0    37       30003.03175.00020496425        EUR 10-SEP-2026             0.00  11-SEP-2026             0.00       0       1192-1193 
0    38       30003.03620.00020674626        EUR 10-SEP-2026             0.00  11-SEP-2026             0.00       4       1194-1209 
0    39       30003.00580.00020006882        EUR 10-SEP-2026             0.00  11-SEP-2026             0.00       0       1210-1211 
0    40       30003.03620.00020167191        EUR 10-SEP-2026             0.00  11-SEP-2026             0.00       7       1212-1225 
0    41       30003.03175.00020444219        EUR 10-SEP-2026             0.00  11-SEP-2026             0.00       2       1226-1231 
0    42       30003.03620.00020010714        EUR 10-SEP-2026             0.00  11-SEP-2026             0.00       0       1232-1233 
1    43       30003.03620.00020183693        EUR 10-SEP-2026             0.00  11-SEP-2026             0.00       0       1234-1235 
0    44       30003.03620.00020160600        EUR 10-SEP-2026             0.00  11-SEP-2026             0.00       0       1236-1237 
0    45       30003.01100.00020419371        EUR 10-SEP-2026             0.00  11-SEP-2026             0.00       9       1238-1272 
0    46       30003.03175.00020496581        EUR 10-SEP-2026             0.00  11-SEP-2026             0.00       0       1273-1274 
                        Synthèse des relevés, chargement N° 1010044                                   Date :14-SEP-2026  Page : 2

Fichier : /data/flf/files/PDBFINP1/data/in/AFB120.txt
Archivé : /data/flf/files/PDBFINP1/data/traite/AFB120.txt
Recyclé : /data/flf/files/PDBFINP1/data/log/AFB120.txt.err

Err. Relevé   Compte                         Dev Date début      Ancien solde  Date fin       Nouveau solde   Mouvements Debut-Fin
-----------------------------------------------------------------------------------------------------------------------------------
0    47       30003.03175.00020279391        EUR 10-SEP-2026             0.00  11-SEP-2026             0.00       6       1275-1291 
0    48       30003.01100.00020427820        EUR 10-SEP-2026             0.00  11-SEP-2026             0.00       3       1292-1302 
0    49       30003.01100.00020429297        EUR 10-SEP-2026             0.00  11-SEP-2026             0.00       0       1303-1304 
0    50       30003.03620.00020150049        EUR 10-SEP-2026             0.00  11-SEP-2026             0.00       0       1305-1306 
0    51       30003.01100.00020404134        EUR 10-SEP-2026             0.00  11-SEP-2026             0.00       3       1307-1318 
0    52       30003.03175.00020295249        EUR 10-SEP-2026             0.00  11-SEP-2026             0.00       5       1319-1336 
0    53       30003.01100.00020415643        EUR 10-SEP-2026             0.00  11-SEP-2026             0.00       0       1337-1338 
0    54       30003.03175.00020516107        EUR 10-SEP-2026             0.00  11-SEP-2026             0.00       0       1339-1340 
0    55       30003.01100.00020406238        EUR 10-SEP-2026             0.00  11-SEP-2026             0.00       0       1341-1342 
0    56       30003.03175.00020285000        EUR 10-SEP-2026             0.00  11-SEP-2026             0.00       0       1343-1344 
0    57       30003.03620.00020160592        EUR 10-SEP-2026             0.00  11-SEP-2026             0.00       0       1345-1346 
0    58       30003.03175.00020255516        EUR 10-SEP-2026             0.00  11-SEP-2026             0.00       0       1347-1348 
0    59       30003.03175.00020288152        EUR 10-SEP-2026             0.00  11-SEP-2026             0.00       2       1349-1354 
0    60       30003.03175.00020260581        EUR 10-SEP-2026             0.00  11-SEP-2026             0.00       0       1355-1356 
0    61       30003.01100.00020411105        EUR 10-SEP-2026             0.00  11-SEP-2026             0.00       8       1357-1393 
0    62       30003.01100.00020417011        EUR 10-SEP-2026             0.00  11-SEP-2026             0.00       4       1394-1404 
0    63       30003.01469.00020890485        EUR 10-SEP-2026             0.00  11-SEP-2026             0.00       0       1405-1406 
0    64       30003.03175.00020241599        EUR 10-SEP-2026             0.00  11-SEP-2026             0.00       2       1407-1412 
0    65       30003.02190.00020101501        EUR 10-SEP-2026             0.00  11-SEP-2026             0.00       0       1413-1414 
0    66       30003.03175.00020294374        EUR 10-SEP-2026             0.00  11-SEP-2026             0.00       0       1415-1416 
0    67       30003.01240.00025151519        EUR 10-SEP-2026             0.00  11-SEP-2026             0.00       0       1417-1418 
0    68       30003.01240.00020277947        EUR 10-SEP-2026             0.00  11-SEP-2026             0.00       3       1419-1435 
0    69       30003.00550.00020086607        EUR 10-SEP-2026             0.00  11-SEP-2026             0.00       3       1436-1442 
0    70       30003.03175.00020297690        EUR 10-SEP-2026             0.00  11-SEP-2026             0.00       0       1443-1444 
0    71       30003.03175.00020176167        EUR 10-SEP-2026             0.00  11-SEP-2026             0.00       0       1445-1446 
0    72       30003.01100.00020410271        EUR 10-SEP-2026             0.00  11-SEP-2026             0.00       0       1447-1448 
0    73       30003.03175.00020255979        EUR 10-SEP-2026             0.00  11-SEP-2026             0.00       2       1449-1454 
0    74       30003.03175.00020354244        EUR 10-SEP-2026             0.00  11-SEP-2026             0.00       4       1455-1470 
0    75       30003.03620.00020010656        EUR 10-SEP-2026             0.00  11-SEP-2026             0.00       0       1471-1472 
0    76       30003.03175.00020283401        EUR 10-SEP-2026             0.00  11-SEP-2026             0.00       2       1473-1478 
0    77       30003.03620.00020167886        EUR 10-SEP-2026             0.00  11-SEP-2026             0.00       0       1479-1480 
0    78       30003.03175.00020250699        EUR 10-SEP-2026             0.00  11-SEP-2026             0.00       2       1481-1486 
0    79       30003.01100.00020399698        EUR 10-SEP-2026             0.00  11-SEP-2026             0.00       24      1487-1512 
0    80       30003.02280.00025150107        EUR 10-SEP-2026             0.00  11-SEP-2026             0.00       8       1513-1564 
1    81       30003.03620.00020137269        EUR 10-SEP-2026             0.00  11-SEP-2026             0.00       0       1565-1566 
0    82       30003.01240.00025151626        EUR 10-SEP-2026             0.00  11-SEP-2026             0.00       0       1567-1568 
0    83       30003.03175.00020471501        EUR 10-SEP-2026             0.00  11-SEP-2026             0.00       0       1569-1570 
0    84       30003.03620.00020160584        EUR 10-SEP-2026             0.00  11-SEP-2026             0.00       3       1571-1579 
1    85       30003.00080.00020343254        EUR 10-SEP-2026             0.00  11-SEP-2026             0.00       284     1580-2696 
0    86       30003.03175.00020251895        EUR 10-SEP-2026             0.00  11-SEP-2026             0.00       0       2697-2698 
0    87       30003.02280.00025150149        EUR 10-SEP-2026             0.00  11-SEP-2026             0.00       0       2699-2700 
0    88       30003.02360.00020117309        EUR 10-SEP-2026             0.00  11-SEP-2026             0.00       38      2701-2861 
0    89       30003.03620.00020169593        EUR 10-SEP-2026             0.00  11-SEP-2026             0.00       0       2862-2863 
0    90       30003.03620.00020010672        EUR 10-SEP-2026             0.00  11-SEP-2026             0.00       0       2864-2865 
0    91       30003.03620.00020551055        EUR 10-SEP-2026             0.00  11-SEP-2026             0.00       0       2866-2867 
0    92       30003.03175.00020807365        EUR 10-SEP-2026             0.00  11-SEP-2026             0.00       0       2868-2869 
0    93       30003.03620.00020137285        EUR 10-SEP-2026             0.00  11-SEP-2026             0.00       0       2870-2871 
                        Synthèse des relevés, chargement N° 1010044                                   Date :14-SEP-2026  Page : 3

Fichier : /data/flf/files/PDBFINP1/data/in/AFB120.txt
Archivé : /data/flf/files/PDBFINP1/data/traite/AFB120.txt
Recyclé : /data/flf/files/PDBFINP1/data/log/AFB120.txt.err

Err. Relevé   Compte                         Dev Date début      Ancien solde  Date fin       Nouveau solde   Mouvements Debut-Fin
-----------------------------------------------------------------------------------------------------------------------------------
0    94       30003.03175.00020807357        EUR 10-SEP-2026             0.00  11-SEP-2026             0.00       12      2872-2923 
0    95       30003.03620.00020169601        EUR 10-SEP-2026             0.00  11-SEP-2026             0.00       0       2924-2925 
0    96       30003.03175.00020471519        EUR 10-SEP-2026             0.00  11-SEP-2026             0.00       0       2926-2927 
0    97       30003.03620.00020150023        EUR 10-SEP-2026             0.00  11-SEP-2026             0.00       0       2928-2929 
0    98       30003.03175.00020468648        EUR 10-SEP-2026             0.00  11-SEP-2026             0.00       0       2930-2931 
0    99       30003.03175.00020258809        EUR 10-SEP-2026             0.00  11-SEP-2026             0.00       4       2932-2945 
0    100      30003.03175.00020177637        EUR 10-SEP-2026             0.00  11-SEP-2026             0.00       8       2946-2974 
0    101      30003.03620.00020010664        EUR 10-SEP-2026             0.00  11-SEP-2026             0.00       0       2975-2976 
0    102      30003.02280.00025720792        EUR 10-SEP-2026             0.00  11-SEP-2026             0.00       114     2977-3480 
0    103      30003.03175.00020260516        EUR 10-SEP-2026             0.00  11-SEP-2026             0.00       18      3481-3550 
0    104      30003.01100.00020415486        EUR 10-SEP-2026             0.00  11-SEP-2026             0.00       2       3551-3556 
0    105      30003.03175.00020120439        EUR 10-SEP-2026             0.00  11-SEP-2026             0.00       2       3557-3562 
0    106      30003.01100.00020418951        EUR 10-SEP-2026             0.00  11-SEP-2026             0.00       11      3563-3614 
0    107      30003.01100.00020394897        EUR 10-SEP-2026             0.00  11-SEP-2026             0.00       0       3615-3616 
0    108      30003.03175.00020260458        EUR 10-SEP-2026             0.00  11-SEP-2026             0.00       3       3617-3627 
0    109      30003.03175.00020250681        EUR 10-SEP-2026             0.00  11-SEP-2026             0.00       5       3628-3648 
0    110      30003.03175.00020340490        EUR 10-SEP-2026             0.00  11-SEP-2026             0.00       2       3649-3655 
0    111      30003.03175.00020294366        EUR 10-SEP-2026             0.00  11-SEP-2026             0.00       0       3656-3657 
0    112      30003.01100.00020407558        EUR 10-SEP-2026             0.00  11-SEP-2026             0.00       0       3658-3659 
0    113      30003.03175.00020516172        EUR 10-SEP-2026             0.00  11-SEP-2026             0.00       0       3660-3661 
0    114      30003.03620.00020150130        EUR 10-SEP-2026             0.00  11-SEP-2026             0.00       0       3662-3663 
0    115      30003.04170.00029067232        EUR 10-SEP-2026             0.00  11-SEP-2026             0.00       3       3664-3673 
0    116      30003.02280.00025150164        EUR 10-SEP-2026             0.00  11-SEP-2026             0.00       0       3674-3675 
0    117      30003.03620.00020137293        EUR 10-SEP-2026             0.00  11-SEP-2026             0.00       0       3676-3677 
0    118      30003.03175.00020807340        EUR 10-SEP-2026             0.00  11-SEP-2026             0.00       8       3678-3710 
0    119      30003.03175.00020185812        EUR 10-SEP-2026             0.00  11-SEP-2026             0.00       0       3711-3712 
0    120      30003.03175.00020485410        EUR 10-SEP-2026             0.00  11-SEP-2026             0.00       20      3713-3796 
0    121      30003.03175.00020340482        EUR 10-SEP-2026             0.00  11-SEP-2026             0.00       17      3797-3863 
0    122      30003.03175.00020516115        EUR 10-SEP-2026             0.00  11-SEP-2026             0.00       0       3864-3865 
0    123      30003.03620.00020175756        EUR 10-SEP-2026             0.00  11-SEP-2026             0.00       0       3866-3867 
1    124      30003.03620.00020183636        EUR 10-SEP-2026             0.00  11-SEP-2026             0.00       0       3868-3869 
0    125      30003.03175.00020340516        EUR 10-SEP-2026             0.00  11-SEP-2026             0.00       2       3870-3876 
0    126      30003.03620.00020139257        EUR 10-SEP-2026             0.00  11-SEP-2026             0.00       5       3877-3907 
0    127      30003.03620.00020169619        EUR 10-SEP-2026             0.00  11-SEP-2026             0.00       0       3908-3909 
0    128      30003.01100.00020398294        EUR 10-SEP-2026             0.00  11-SEP-2026             0.00       0       3910-3911 
0    129      30003.01467.00020728976        EUR 10-SEP-2026             0.00  11-SEP-2026             0.00       3       3912-3922 
0    130      30003.01100.00020070505        EUR 10-SEP-2026             0.00  11-SEP-2026             0.00       0       3923-3924 
0    131      30003.01100.00020411865        EUR 10-SEP-2026             0.00  11-SEP-2026             0.00       24      3925-4050 
0    132      30003.03620.00020160634        EUR 10-SEP-2026             0.00  11-SEP-2026             0.00       0       4051-4052 
0    133      30003.03175.00020308026        EUR 10-SEP-2026             0.00  11-SEP-2026             0.00       4       4053-4062 
0    134      30003.03620.00020010565        EUR 10-SEP-2026             0.00  11-SEP-2026             0.00       2       4063-4068 
0    135      30003.03175.00020317308        EUR 10-SEP-2026             0.00  11-SEP-2026             0.00       2       4069-4075 
0    136      30003.03620.00020575849        EUR 10-SEP-2026             0.00  11-SEP-2026             0.00       0       4076-4077 
0    137      30003.00370.00025100813        EUR 10-SEP-2026             0.00  11-SEP-2026             0.00       79      4078-4444 
0    138      30003.03175.00020516180        EUR 10-SEP-2026             0.00  11-SEP-2026             0.00       8       4445-4475 
0    139      30003.03223.00020051099        EUR 10-SEP-2026             0.00  11-SEP-2026             0.00       0       4476-4477 
0    140      30003.01100.00020411097        EUR 10-SEP-2026             0.00  11-SEP-2026             0.00       0       4478-4479 
                        Synthèse des relevés, chargement N° 1010044                                   Date :14-SEP-2026  Page : 4

Fichier : /data/flf/files/PDBFINP1/data/in/AFB120.txt
Archivé : /data/flf/files/PDBFINP1/data/traite/AFB120.txt
Recyclé : /data/flf/files/PDBFINP1/data/log/AFB120.txt.err

Err. Relevé   Compte                         Dev Date début      Ancien solde  Date fin       Nouveau solde   Mouvements Debut-Fin
-----------------------------------------------------------------------------------------------------------------------------------
0    141      30003.03175.00020241573        EUR 10-SEP-2026             0.00  11-SEP-2026             0.00       3       4480-4487 
1    142      30003.04170.00029067075        EUR 10-SEP-2026             0.00  11-SEP-2026             0.00       11      4488-4539 
0    143      30003.03620.00020150163        EUR 10-SEP-2026             0.00  11-SEP-2026             0.00       16      4540-4620 
1    144      30003.03620.00020183677        EUR 10-SEP-2026             0.00  11-SEP-2026             0.00       0       4621-4622 
0    145      30003.03620.00020137228        EUR 10-SEP-2026             0.00  11-SEP-2026             0.00       3       4623-4632 
0    146      30003.01100.00020073640        EUR 10-SEP-2026             0.00  11-SEP-2026             0.00       0       4633-4634 
0    147      30003.03620.00020150189        EUR 10-SEP-2026             0.00  11-SEP-2026             0.00       0       4635-4636 
0    148      30003.03175.00020485428        EUR 10-SEP-2026             0.00  11-SEP-2026             0.00       4       4637-4650 
0    149      30003.03175.00020359177        EUR 10-SEP-2026             0.00  11-SEP-2026             0.00       3       4651-4661 
0    150      30003.03175.00020496417        EUR 10-SEP-2026             0.00  11-SEP-2026             0.00       0       4662-4663 
0    151      30003.03175.00020255524        EUR 10-SEP-2026             0.00  11-SEP-2026             0.00       0       4664-4665 
0    152      30003.03175.00020288160        EUR 10-SEP-2026             0.00  11-SEP-2026             0.00       0       4666-4667 
0    153      30003.00050.00020022020        EUR 10-SEP-2026             0.00  11-SEP-2026             0.00       0       4668-4669 
0    154      30003.03175.00020260524        EUR 10-SEP-2026             0.00  11-SEP-2026             0.00       0       4670-4671 
0    155      30003.01100.00020416815        EUR 10-SEP-2026             0.00  11-SEP-2026             0.00       0       4672-4673 
0    156      30003.01100.00020025343        EUR 10-SEP-2026             0.00  11-SEP-2026             0.00       106     4674-4817 
0    157      30003.01100.00020273851        EUR 10-SEP-2026             0.00  11-SEP-2026             0.00       0       4818-4819 
0    158      30003.03859.00025150347        EUR 10-SEP-2026             0.00  11-SEP-2026             0.00       199     4820-5700 
0    159      30003.01100.00020414331        EUR 10-SEP-2026             0.00  11-SEP-2026             0.00       3       5701-5714 
0    160      30003.01785.00025156641        EUR 10-SEP-2026             0.00  11-SEP-2026             0.00       0       5715-5716 
0    161      30003.01100.00020414166        EUR 10-SEP-2026             0.00  11-SEP-2026             0.00       0       5717-5718 
0    162      30003.03175.00020340532        EUR 10-SEP-2026             0.00  11-SEP-2026             0.00       4       5719-5732 
0    163      30003.01112.00020006513        EUR 10-SEP-2026             0.00  11-SEP-2026             0.00       0       5733-5734 
0    164      30003.03175.00020807423        EUR 10-SEP-2026             0.00  11-SEP-2026             0.00       6       5735-5762 
0    165      30003.03620.00020012645        EUR 10-SEP-2026             0.00  11-SEP-2026             0.00       0       5763-5764 
0    166      30003.01469.00020891376        EUR 10-SEP-2026             0.00  11-SEP-2026             0.00       2       5765-5773 
0    167      30003.03175.00020260508        EUR 10-SEP-2026             0.00  11-SEP-2026             0.00       6       5774-5784 
0    168      30003.03175.00020304173        EUR 10-SEP-2026             0.00  11-SEP-2026             0.00       2       5785-5789 
0    169      30003.02250.00020001131        EUR 10-SEP-2026             0.00  11-SEP-2026             0.00       2       5790-5795 
0    170      30003.03175.00020297708        EUR 10-SEP-2026             0.00  11-SEP-2026             0.00       0       5796-5797 
0    171      30003.04043.00025150149        EUR 10-SEP-2026             0.00  11-SEP-2026             0.00       5       5798-5820 
0    172      30003.03175.00020103112        EUR 10-SEP-2026             0.00  11-SEP-2026             0.00       0       5821-5822 
0    173      30003.03175.00020485436        EUR 10-SEP-2026             0.00  11-SEP-2026             0.00       0       5823-5824 
0    174      30003.03175.00020285109        EUR 10-SEP-2026             0.00  11-SEP-2026             0.00       2       5825-5834 
0    175      30003.03175.00020471485        EUR 10-SEP-2026             0.00  11-SEP-2026             0.00       2       5835-5840 
0    176      30003.03175.00020294630        EUR 10-SEP-2026             0.00  11-SEP-2026             0.00       2       5841-5846 
0    177      30003.03620.00020150056        EUR 10-SEP-2026             0.00  11-SEP-2026             0.00       21      5847-5944 
0    178      30003.03175.00020289366        EUR 10-SEP-2026             0.00  11-SEP-2026             0.00       0       5945-5946 
0    179      30003.03620.00020169544        EUR 10-SEP-2026             0.00  11-SEP-2026             0.00       0       5947-5948 
0    180      30003.01100.00020415510        EUR 10-SEP-2026             0.00  11-SEP-2026             0.00       0       5949-5950 
0    181      30003.01100.00020416740        EUR 10-SEP-2026             0.00  11-SEP-2026             0.00       0       5951-5952 
0    182      30003.00550.00020079388        EUR 10-SEP-2026             0.00  11-SEP-2026             0.00       2       5953-5958 
0    183      30003.03175.00020296890        EUR 10-SEP-2026             0.00  11-SEP-2026             0.00       3       5959-5969 
0    184      30003.03620.00020166755        EUR 10-SEP-2026             0.00  11-SEP-2026             0.00       0       5970-5971 
0    185      30003.03175.00020103096        EUR 10-SEP-2026             0.00  11-SEP-2026             0.00       0       5972-5973 
0    186      30003.03620.00020160626        EUR 10-SEP-2026             0.00  11-SEP-2026             0.00       0       5974-5975 
0    187      30003.01207.00020186650        EUR 10-SEP-2026             0.00  11-SEP-2026             0.00       156     5976-6628 
                        Synthèse des relevés, chargement N° 1010044                                   Date :14-SEP-2026  Page : 5

Fichier : /data/flf/files/PDBFINP1/data/in/AFB120.txt
Archivé : /data/flf/files/PDBFINP1/data/traite/AFB120.txt
Recyclé : /data/flf/files/PDBFINP1/data/log/AFB120.txt.err

Err. Relevé   Compte                         Dev Date début      Ancien solde  Date fin       Nouveau solde   Mouvements Debut-Fin
-----------------------------------------------------------------------------------------------------------------------------------
0    188      30003.01100.00020415601        EUR 10-SEP-2026             0.00  11-SEP-2026             0.00       0       6629-6630 
0    189      30003.03175.00020175144        EUR 10-SEP-2026             0.00  11-SEP-2026             0.00       17      6631-6703 
0    190      30003.01100.00020415619        EUR 10-SEP-2026             0.00  11-SEP-2026             0.00       0       6704-6705 
0    191      30003.00400.00020039818        EUR 10-SEP-2026             0.00  11-SEP-2026             0.00       8       6706-6735 
0    192      30003.03620.00020150197        EUR 10-SEP-2026             0.00  11-SEP-2026             0.00       0       6736-6737 
0    193      30003.01100.00020394400        EUR 10-SEP-2026             0.00  11-SEP-2026             0.00       0       6738-6739 
0    194      30003.01100.00020389632        EUR 10-SEP-2026             0.00  11-SEP-2026             0.00       2       6740-6743 
0    195      30003.03620.00020010680        EUR 10-SEP-2026             0.00  11-SEP-2026             0.00       0       6744-6745 
0    196      30003.02280.00025150123        EUR 10-SEP-2026             0.00  11-SEP-2026             0.00       0       6746-6747 
0    197      30003.03620.00020010581        EUR 10-SEP-2026             0.00  11-SEP-2026             0.00       6       6748-6770 
0    198      30003.03175.00020297682        EUR 10-SEP-2026             0.00  11-SEP-2026             0.00       2       6771-6780 
0    199      30003.03175.00020172778        EUR 10-SEP-2026             0.00  11-SEP-2026             0.00       0       6781-6782 
0    200      30003.03620.00020145213        EUR 10-SEP-2026             0.00  11-SEP-2026             0.00       0       6783-6784 
0    201      30003.01469.00020843989        EUR 10-SEP-2026             0.00  11-SEP-2026             0.00       112     6785-7299 
0    202      30003.01112.00020011356        EUR 10-SEP-2026             0.00  11-SEP-2026             0.00       112     7300-7860 
0    203      30003.03620.00020674659        EUR 10-SEP-2026             0.00  11-SEP-2026             0.00       0       7861-7862 
0    204      30003.03175.00020294622        EUR 10-SEP-2026             0.00  11-SEP-2026             0.00       0       7863-7864 
0    205      30003.03175.00020294614        EUR 10-SEP-2026             0.00  11-SEP-2026             0.00       4       7865-7874 
0    206      30003.03175.00020103104        EUR 10-SEP-2026             0.00  11-SEP-2026             0.00       0       7875-7876 
0    207      30003.01100.00020410065        EUR 10-SEP-2026             0.00  11-SEP-2026             0.00       0       7877-7878 
0    208      30003.03175.00020496540        EUR 10-SEP-2026             0.00  11-SEP-2026             0.00       0       7879-7880 
0    209      30003.01240.00025150024        EUR 10-SEP-2026             0.00  11-SEP-2026             0.00       102     7881-8316 
0    210      30003.03175.00020516164        EUR 10-SEP-2026             0.00  11-SEP-2026             0.00       2       8317-8322 
0    211      30003.01100.00020410685        EUR 10-SEP-2026             0.00  11-SEP-2026             0.00       0       8323-8324 
0    212      30003.03620.00020030530        EUR 10-SEP-2026             0.00  11-SEP-2026             0.00       4       8325-8340 
0    213      30003.01100.00020410289        EUR 10-SEP-2026             0.00  11-SEP-2026             0.00       0       8341-8342 
-----------------------------------------------------------------------------------------------------------------------------------
                                             Relevés chargés 207      Lignes chargées 1663  
                                                     erreurs 6                erreurs 295   
                                                     total   213              total   1958  
