                        Enregistrements erronés lors du chargement de relevés                    Date :17-SEP-2026  Page : 1

  N°     Contenu   
-------------------------------------------------------------------------------------------------------------------------------
00622 >  0130004    00828USD2 00010148139  150926                                                  0000000136103G                
 Erreur 001 : Compte bancaire erroné                                                                              
        001 - 002 code enregistrement  = 01                                                                              
        003 - 005 code banque          = 30004                                                                           
        012 - 005 code guichet         = 00828                                                                           
        017 - 003 devise               = USD                                                                             
        020 - 001 nombre de décimales  = 2                                                                               
        022 - 011 numéro de compte     = 00010148139                                                                     
        033 - 002 code opération AFB   =                                                                                 
        035 - 006 date d'opération     = 150926                                                                          
        091 - 014 ancien solde         = 0000000136103G                                                                  
00666 >  0130004    00828SAR2 00010181961  150926                                                  0000002251854A                
 Erreur 001 : Compte bancaire erroné                                                                              
        001 - 002 code enregistrement  = 01                                                                              
        003 - 005 code banque          = 30004                                                                           
        012 - 005 code guichet         = 00828                                                                           
        017 - 003 devise               = SAR                                                                             
        020 - 001 nombre de décimales  = 2                                                                               
        022 - 011 numéro de compte     = 00010181961                                                                     
        033 - 002 code opération AFB   =                                                                                 
        035 - 006 date d'opération     = 150926                                                                          
        091 - 014 ancien solde         = 0000002251854A                                                                  
00690 >  0130004    00828USD2 00010169770  150926                                                  0000000147315G                
 Erreur 001 : Compte bancaire erroné                                                                              
        001 - 002 code enregistrement  = 01                                                                              
        003 - 005 code banque          = 30004                                                                           
        012 - 005 code guichet         = 00828                                                                           
        017 - 003 devise               = USD                                                                             
        020 - 001 nombre de décimales  = 2                                                                               
        022 - 011 numéro de compte     = 00010169770                                                                     
        033 - 002 code opération AFB   =                                                                                 
        035 - 006 date d'opération     = 150926                                                                          
        091 - 014 ancien solde         = 0000000147315G                                                                  
01109 >  0130004    00819USD2 00010116773  150926                                                  0000000078473I                
 Erreur 001 : Compte bancaire erroné                                                                              
        001 - 002 code enregistrement  = 01                                                                              
        003 - 005 code banque          = 30004                                                                           
        012 - 005 code guichet         = 00819                                                                           
        017 - 003 devise               = USD                                                                             
        020 - 001 nombre de décimales  = 2                                                                               
        022 - 011 numéro de compte     = 00010116773                                                                     
        033 - 002 code opération AFB   =                                                                                 
        035 - 006 date d'opération     = 150926                                                                          
        091 - 014 ancien solde         = 0000000078473I                                                                  
                        Enregistrements erronés lors du chargement de relevés                    Date :17-SEP-2026  Page : 2

  N°     Contenu   
-------------------------------------------------------------------------------------------------------------------------------
01147 >  0130004    00819GBP2 00010120701  150926                                                  0000001249882E                
 Erreur 001 : Compte bancaire erroné                                                                              
        001 - 002 code enregistrement  = 01                                                                              
        003 - 005 code banque          = 30004                                                                           
        012 - 005 code guichet         = 00819                                                                           
        017 - 003 devise               = GBP                                                                             
        020 - 001 nombre de décimales  = 2                                                                               
        022 - 011 numéro de compte     = 00010120701                                                                     
        033 - 002 code opération AFB   =                                                                                 
        035 - 006 date d'opération     = 150926                                                                          
        091 - 014 ancien solde         = 0000001249882E                                                                  
01567 >  0130004    00113EUR2 00021686449  150926                                                  0000000000000{                
 Erreur 001 : Compte bancaire erroné                                                                              
        001 - 002 code enregistrement  = 01                                                                              
        003 - 005 code banque          = 30004                                                                           
        012 - 005 code guichet         = 00113                                                                           
        017 - 003 devise               = EUR                                                                             
        020 - 001 nombre de décimales  = 2                                                                               
        022 - 011 numéro de compte     = 00021686449                                                                     
        033 - 002 code opération AFB   =                                                                                 
        035 - 006 date d'opération     = 150926                                                                          
        091 - 014 ancien solde         = 0000000000000{                                                                  
02197 >  01CH260    87050EUR2 00003064302  150926SGABCHZZ   08705000003064302                      0000000520119HM000000008189309
 Erreur 001 : Compte bancaire erroné                                                                              
        001 - 002 code enregistrement  = 01                                                                              
        003 - 005 code banque          = CH260                                                                           
        012 - 005 code guichet         = 87050                                                                           
        017 - 003 devise               = EUR                                                                             
        020 - 001 nombre de décimales  = 2                                                                               
        022 - 011 numéro de compte     = 00003064302                                                                     
        033 - 002 code opération AFB   =                                                                                 
        035 - 006 date d'opération     = 150926                                                                          
        091 - 014 ancien solde         = 0000000520119H                                                                  
02379 >  0130004    00819EUR2 00011828480  150926                                                  0000000000000{                
 Erreur 001 : Compte bancaire erroné                                                                              
        001 - 002 code enregistrement  = 01                                                                              
        003 - 005 code banque          = 30004                                                                           
        012 - 005 code guichet         = 00819                                                                           
        017 - 003 devise               = EUR                                                                             
        020 - 001 nombre de décimales  = 2                                                                               
        022 - 011 numéro de compte     = 00011828480                                                                     
        033 - 002 code opération AFB   =                                                                                 
        035 - 006 date d'opération     = 150926                                                                          
        091 - 014 ancien solde         = 0000000000000{                                                                  
                        Enregistrements erronés lors du chargement de relevés                    Date :17-SEP-2026  Page : 3

  N°     Contenu   
-------------------------------------------------------------------------------------------------------------------------------
02389 >  0130004    00828QAR2 00010181747  150926                                                  0000000037708G                
 Erreur 001 : Compte bancaire erroné                                                                              
        001 - 002 code enregistrement  = 01                                                                              
        003 - 005 code banque          = 30004                                                                           
        012 - 005 code guichet         = 00828                                                                           
        017 - 003 devise               = QAR                                                                             
        020 - 001 nombre de décimales  = 2                                                                               
        022 - 011 numéro de compte     = 00010181747                                                                     
        033 - 002 code opération AFB   =                                                                                 
        035 - 006 date d'opération     = 150926                                                                          
        091 - 014 ancien solde         = 0000000037708G                                                                  
02391 >  0130003    03175SAR2 05520506116  150926                                                  0000000707197A                
 Erreur 001 : Compte bancaire erroné                                                                              
        001 - 002 code enregistrement  = 01                                                                              
        003 - 005 code banque          = 30003                                                                           
        012 - 005 code guichet         = 03175                                                                           
        017 - 003 devise               = SAR                                                                             
        020 - 001 nombre de décimales  = 2                                                                               
        022 - 011 numéro de compte     = 05520506116                                                                     
        033 - 002 code opération AFB   =                                                                                 
        035 - 006 date d'opération     = 150926                                                                          
        091 - 014 ancien solde         = 0000000707197A                                                                  
02578 >  0130004    00819GBP2 00010118761  150926                                                  0000000454605{                
 Erreur 001 : Compte bancaire erroné                                                                              
        001 - 002 code enregistrement  = 01                                                                              
        003 - 005 code banque          = 30004                                                                           
        012 - 005 code guichet         = 00819                                                                           
        017 - 003 devise               = GBP                                                                             
        020 - 001 nombre de décimales  = 2                                                                               
        022 - 011 numéro de compte     = 00010118761                                                                     
        033 - 002 code opération AFB   =                                                                                 
        035 - 006 date d'opération     = 150926                                                                          
        091 - 014 ancien solde         = 0000000454605{                                                                  
02580 >  0130004    00828AED2 00010158205  150926                                                  0000001311097A                
 Erreur 001 : Compte bancaire erroné                                                                              
        001 - 002 code enregistrement  = 01                                                                              
        003 - 005 code banque          = 30004                                                                           
        012 - 005 code guichet         = 00828                                                                           
        017 - 003 devise               = AED                                                                             
        020 - 001 nombre de décimales  = 2                                                                               
        022 - 011 numéro de compte     = 00010158205                                                                     
        033 - 002 code opération AFB   =                                                                                 
        035 - 006 date d'opération     = 150926                                                                          
        091 - 014 ancien solde         = 0000001311097A                                                                  
                        Enregistrements erronés lors du chargement de relevés                    Date :17-SEP-2026  Page : 4

  N°     Contenu   
-------------------------------------------------------------------------------------------------------------------------------
02582 >  0113825RLV 00200EUR2 08016346445  150926PAYS DE GEX ENERGIES          COMPTE COURANT      0000068851086G50016593        
 Erreur 001 : Compte bancaire erroné                                                                              
        001 - 002 code enregistrement  = 01                                                                              
        003 - 005 code banque          = 13825                                                                           
        012 - 005 code guichet         = 00200                                                                           
        017 - 003 devise               = EUR                                                                             
        020 - 001 nombre de décimales  = 2                                                                               
        022 - 011 numéro de compte     = 08016346445                                                                     
        033 - 002 code opération AFB   =                                                                                 
        035 - 006 date d'opération     = 150926                                                                          
        091 - 014 ancien solde         = 0000068851086G                                                                  
03108 >  0130004    00828CHF2 00010128133  150926                                                  0000000131422G                
 Erreur 001 : Compte bancaire erroné                                                                              
        001 - 002 code enregistrement  = 01                                                                              
        003 - 005 code banque          = 30004                                                                           
        012 - 005 code guichet         = 00828                                                                           
        017 - 003 devise               = CHF                                                                             
        020 - 001 nombre de décimales  = 2                                                                               
        022 - 011 numéro de compte     = 00010128133                                                                     
        033 - 002 code opération AFB   =                                                                                 
        035 - 006 date d'opération     = 150926                                                                          
        091 - 014 ancien solde         = 0000000131422G                                                                  
03110 >  0130004    00819PLN2 00010130370  150926                                                  0000020196981E                
 Erreur 001 : Compte bancaire erroné                                                                              
        001 - 002 code enregistrement  = 01                                                                              
        003 - 005 code banque          = 30004                                                                           
        012 - 005 code guichet         = 00819                                                                           
        017 - 003 devise               = PLN                                                                             
        020 - 001 nombre de décimales  = 2                                                                               
        022 - 011 numéro de compte     = 00010130370                                                                     
        033 - 002 code opération AFB   =                                                                                 
        035 - 006 date d'opération     = 150926                                                                          
        091 - 014 ancien solde         = 0000020196981E                                                                  
03127 >  0130004    00819USD2 00010120847  150926                                                  0000001190181{                
 Erreur 001 : Compte bancaire erroné                                                                              
        001 - 002 code enregistrement  = 01                                                                              
        003 - 005 code banque          = 30004                                                                           
        012 - 005 code guichet         = 00819                                                                           
        017 - 003 devise               = USD                                                                             
        020 - 001 nombre de décimales  = 2                                                                               
        022 - 011 numéro de compte     = 00010120847                                                                     
        033 - 002 code opération AFB   =                                                                                 
        035 - 006 date d'opération     = 150926                                                                          
        091 - 014 ancien solde         = 0000001190181{                                                                  
                        Enregistrements erronés lors du chargement de relevés                    Date :17-SEP-2026  Page : 5

  N°     Contenu   
-------------------------------------------------------------------------------------------------------------------------------
03129 >  0130004    00828AED2 00010181873  150926                                                  0000000471292D                
 Erreur 001 : Compte bancaire erroné                                                                              
        001 - 002 code enregistrement  = 01                                                                              
        003 - 005 code banque          = 30004                                                                           
        012 - 005 code guichet         = 00828                                                                           
        017 - 003 devise               = AED                                                                             
        020 - 001 nombre de décimales  = 2                                                                               
        022 - 011 numéro de compte     = 00010181873                                                                     
        033 - 002 code opération AFB   =                                                                                 
        035 - 006 date d'opération     = 150926                                                                          
        091 - 014 ancien solde         = 0000000471292D                                                                  
03133 >  0199375    99999EUR2 87786070000  150926                                                  0000001130439D                
 Erreur 001 : Compte bancaire erroné                                                                              
        001 - 002 code enregistrement  = 01                                                                              
        003 - 005 code banque          = 99375                                                                           
        012 - 005 code guichet         = 99999                                                                           
        017 - 003 devise               = EUR                                                                             
        020 - 001 nombre de décimales  = 2                                                                               
        022 - 011 numéro de compte     = 87786070000                                                                     
        033 - 002 code opération AFB   =                                                                                 
        035 - 006 date d'opération     = 150926                                                                          
        091 - 014 ancien solde         = 0000001130439D                                                                  
03746 >  0130003    03620EUR2 00020131908  150926                                                  0000007965063C                
 Erreur 001 : Compte bancaire erroné                                                                              
        001 - 002 code enregistrement  = 01                                                                              
        003 - 005 code banque          = 30003                                                                           
        012 - 005 code guichet         = 03620                                                                           
        017 - 003 devise               = EUR                                                                             
        020 - 001 nombre de décimales  = 2                                                                               
        022 - 011 numéro de compte     = 00020131908                                                                     
        033 - 002 code opération AFB   =                                                                                 
        035 - 006 date d'opération     = 150926                                                                          
        091 - 014 ancien solde         = 0000007965063C                                                                  
                        Synthèse des relevés, chargement N° 1010050                                   Date :17-SEP-2026  Page : 1

Fichier : /data/flf/files/PDBFINP1/data/in/AFB120.txt
Archivé : /data/flf/files/PDBFINP1/data/traite/AFB120.txt
Recyclé : /data/flf/files/PDBFINP1/data/log/AFB120.txt.err

Err. Relevé   Compte                         Dev Date début      Ancien solde  Date fin       Nouveau solde   Mouvements Debut-Fin
-----------------------------------------------------------------------------------------------------------------------------------
0    1        30004.00819.00011848462        EUR 15-SEP-2026             0.00  16-SEP-2026             0.00       28         1-159  
0    2        30004.00828.00012846445        EUR 15-SEP-2026             0.00  16-SEP-2026             0.00       0        160-161  
0    3        30004.00819.00011852245        EUR 15-SEP-2026             0.00  16-SEP-2026             0.00       0        162-163  
0    4        30004.00819.00011906080        EUR 15-SEP-2026             0.00  16-SEP-2026             0.00       0        164-165  
0    5        30004.01328.00010554866        EUR 15-SEP-2026             0.00  16-SEP-2026             0.00       0        166-167  
0    6        30004.00828.00012517712        EUR 15-SEP-2026             0.00  16-SEP-2026             0.00       5        168-195  
0    7        30004.00819.00012032568        EUR 15-SEP-2026             0.00  16-SEP-2026             0.00       15       196-266  
0    8        30004.00828.00013508179        EUR 15-SEP-2026             0.00  16-SEP-2026             0.00       0        267-268  
0    9        30004.00819.00011852051        EUR 15-SEP-2026             0.00  16-SEP-2026             0.00       6        269-297  
0    10       30004.00819.00011833524        EUR 15-SEP-2026             0.00  16-SEP-2026             0.00       0        298-299  
0    11       30004.00819.00011828771        EUR 15-SEP-2026             0.00  16-SEP-2026             0.00       12       300-356  
0    12       30004.02532.00010095338        EUR 15-SEP-2026             0.00  16-SEP-2026             0.00       0        357-358  
0    13       30004.00819.00011906274        EUR 15-SEP-2026             0.00  16-SEP-2026             0.00       14       359-427  
0    14       30003.04250.00020626977        EUR 15-SEP-2026       9632213.31  16-SEP-2026       9632213.27       1        428-432  
0    15       30004.00515.00022556860        EUR 15-SEP-2026             0.00  16-SEP-2026             0.00       0        433-434  
0    16       30004.00819.00012031986        EUR 15-SEP-2026             0.00  16-SEP-2026             0.00       7        435-473  
0    17       30004.00828.00012846833        EUR 15-SEP-2026             0.00  16-SEP-2026             0.00       4        474-492  
0    18       30004.00828.00013530877        EUR 15-SEP-2026             0.00  16-SEP-2026             0.00       0        493-494  
0    19       30004.01328.00010332736        EUR 15-SEP-2026             0.00  16-SEP-2026             0.00       15       495-581  
0    20       30004.00828.00013338526        EUR 15-SEP-2026             0.00  16-SEP-2026             0.00       2        582-587  
0    21       30004.00828.00013323006        EUR 15-SEP-2026             0.00  16-SEP-2026             0.00       0        588-589  
0    22       30004.00828.00013329117        EUR 15-SEP-2026             0.00  16-SEP-2026             0.00       5        590-611  
0    23       30004.00819.00011843030        EUR 15-SEP-2026             0.00  16-SEP-2026             0.00       2        612-617  
0    24       30003.04250.00020626936        EUR 15-SEP-2026             0.00  16-SEP-2026             0.00       0        618-619  
0    25       30003.03175.00020172521        EUR 15-SEP-2026          9684.30  16-SEP-2026          9684.30       0        620-621  
1    26       30004.00828.00010148139        USD 15-SEP-2026         13610.37  16-SEP-2026          1687.63       2        622-635  
0    27       30003.01504.00020107938        EUR 15-SEP-2026        -10832.42  16-SEP-2026        324100.10       4        636-661  
0    28       30003.04250.00020626951        EUR 15-SEP-2026             0.00  16-SEP-2026             0.00       0        662-663  
0    29       30004.00828.00013338235        EUR 15-SEP-2026             0.00  16-SEP-2026             0.00       0        664-665  
1    30       30004.00828.00010181961        SAR 15-SEP-2026        225185.41  16-SEP-2026        225185.41       0        666-667  
0    31       30004.00819.00011912579        EUR 15-SEP-2026             0.00  16-SEP-2026             0.00       3        668-679  
0    32       30004.00819.00011974368        EUR 15-SEP-2026             0.00  16-SEP-2026             0.00       0        680-681  
0    33       30004.02561.00010596807        EUR 15-SEP-2026       1469780.62  16-SEP-2026       1469682.95       1        682-689  
1    34       30004.00828.00010169770        USD 15-SEP-2026         14731.57  16-SEP-2026         14731.57       0        690-691  
0    35       30003.04250.00020626944        EUR 15-SEP-2026             0.00  16-SEP-2026             0.00       0        692-693  
0    36       30004.00819.00011834494        EUR 15-SEP-2026             0.00  16-SEP-2026             0.00       3        694-705  
0    37       30004.00819.00012032277        EUR 15-SEP-2026             0.00  16-SEP-2026             0.00       25       706-835  
0    38       30004.02811.00010490615        EUR 15-SEP-2026             0.00  16-SEP-2026             0.00       10       836-890  
0    39       30004.00828.00013530974        EUR 15-SEP-2026             0.00  16-SEP-2026             0.00       0        891-892  
0    40       30004.00819.00012032471        EUR 15-SEP-2026             0.00  16-SEP-2026             0.00       0        893-894  
0    41       30004.00819.00011903655        EUR 15-SEP-2026             0.00  16-SEP-2026             0.00       7        895-933  
0    42       30004.00828.00013508858        EUR 15-SEP-2026             0.00  16-SEP-2026             0.00       0        934-935  
0    43       30003.04250.00020626969        EUR 15-SEP-2026             0.00  16-SEP-2026             0.00       0        936-937  
0    44       30004.00819.00012033150        EUR 15-SEP-2026             0.00  16-SEP-2026             0.00       3        938-950  
0    45       30004.00828.00012646334        EUR 15-SEP-2026             0.00  16-SEP-2026             0.00       6        951-974  
0    46       30004.00819.00011903364        EUR 15-SEP-2026             0.00  16-SEP-2026             0.00       3        975-986  
                        Synthèse des relevés, chargement N° 1010050                                   Date :17-SEP-2026  Page : 2

Fichier : /data/flf/files/PDBFINP1/data/in/AFB120.txt
Archivé : /data/flf/files/PDBFINP1/data/traite/AFB120.txt
Recyclé : /data/flf/files/PDBFINP1/data/log/AFB120.txt.err

Err. Relevé   Compte                         Dev Date début      Ancien solde  Date fin       Nouveau solde   Mouvements Debut-Fin
-----------------------------------------------------------------------------------------------------------------------------------
0    47       30004.00828.00013172365        EUR 15-SEP-2026             0.00  16-SEP-2026             0.00       0        987-988  
0    48       30004.00828.00013335131        EUR 15-SEP-2026             0.00  16-SEP-2026             0.00       22       989-1102 
0    49       30004.00828.00013338041        EUR 15-SEP-2026             0.00  16-SEP-2026             0.00       2       1103-1108 
1    50       30004.00819.00010116773        USD 15-SEP-2026          7847.39  16-SEP-2026          7847.39       0       1109-1110 
0    51       30004.00828.00013530780        EUR 15-SEP-2026             0.00  16-SEP-2026             0.00       0       1111-1112 
0    52       30004.00819.00012031695        EUR 15-SEP-2026             0.00  16-SEP-2026             0.00       7       1113-1144 
0    53       30004.00819.00012031792        EUR 15-SEP-2026             0.00  16-SEP-2026             0.00       0       1145-1146 
1    54       30004.00819.00010120701        GBP 15-SEP-2026        124988.25  16-SEP-2026        119590.41       2       1147-1164 
0    55       30004.00819.00012032083        EUR 15-SEP-2026             0.00  16-SEP-2026             0.00       2       1165-1170 
0    56       30004.00828.00013508276        EUR 15-SEP-2026             0.00  16-SEP-2026             0.00       0       1171-1172 
0    57       30004.00819.00012032374        EUR 15-SEP-2026             0.00  16-SEP-2026             0.00       12      1173-1243 
0    58       30003.03175.00050178205        EUR 15-SEP-2026           118.54  16-SEP-2026           118.54       0       1244-1245 
0    59       30004.00828.00013171977        EUR 15-SEP-2026             0.00  16-SEP-2026             0.00       9       1246-1287 
0    60       30004.00828.00013531071        EUR 15-SEP-2026             0.00  16-SEP-2026             0.00       0       1288-1289 
0    61       30004.00819.00011831681        EUR 15-SEP-2026             0.00  16-SEP-2026             0.00       5       1290-1313 
0    62       30004.00819.00011940127        EUR 15-SEP-2026             0.00  16-SEP-2026             0.00       5       1314-1335 
0    63       30004.00828.00012632851        EUR 15-SEP-2026             0.00  16-SEP-2026             0.00       9       1336-1389 
0    64       30004.00819.00011904916        EUR 15-SEP-2026             0.00  16-SEP-2026             0.00       0       1390-1391 
0    65       30004.00819.00011843127        EUR 15-SEP-2026             0.00  16-SEP-2026             0.00       5       1392-1413 
0    66       30004.00828.00013134632        EUR 15-SEP-2026             0.00  16-SEP-2026             0.00       0       1414-1415 
0    67       30004.00819.00011831778        EUR 15-SEP-2026             0.00  16-SEP-2026             0.00       3       1416-1426 
0    68       30004.00819.00011852148        EUR 15-SEP-2026             0.00  16-SEP-2026             0.00       4       1427-1443 
0    69       30004.00828.00013172074        EUR 15-SEP-2026             0.00  16-SEP-2026             0.00       0       1444-1445 
0    70       30004.00828.00013508082        EUR 15-SEP-2026             0.00  16-SEP-2026             0.00       0       1446-1447 
0    71       30004.00828.00012650893        EUR 15-SEP-2026             0.00  16-SEP-2026             0.00       5       1448-1469 
0    72       30004.02532.00010114738        EUR 15-SEP-2026        308085.95  16-SEP-2026        308085.95       0       1470-1471 
0    73       30004.00828.00013508955        EUR 15-SEP-2026             0.00  16-SEP-2026             0.00       0       1472-1473 
0    74       30004.00819.00012033053        EUR 15-SEP-2026             0.00  16-SEP-2026             0.00       2       1474-1479 
0    75       30004.00819.00011842933        EUR 15-SEP-2026             0.00  16-SEP-2026             0.00       3       1480-1494 
0    76       30004.00828.00012910950        EUR 15-SEP-2026             0.00  16-SEP-2026             0.00       0       1495-1496 
0    77       30004.00819.00012063026        EUR 15-SEP-2026             0.00  16-SEP-2026             0.00       8       1497-1539 
0    78       CH530.87050.00003064301        CHF 15-SEP-2026       1436736.57  16-SEP-2026       1436736.57       0       1540-1541 
0    79       30004.01328.00010554672        EUR 15-SEP-2026             0.00  16-SEP-2026             0.00       7       1542-1566 
1    80       30004.00113.00021686449        EUR 15-SEP-2026             0.00  16-SEP-2026             0.00       59      1567-1864 
0    81       30004.00828.00013298174        EUR 15-SEP-2026             0.00  16-SEP-2026             0.00       0       1865-1866 
0    82       30004.00828.00012846930        EUR 15-SEP-2026             0.00  16-SEP-2026             0.00       6       1867-1896 
0    83       30004.00819.00011903170        EUR 15-SEP-2026             0.00  16-SEP-2026             0.00       14      1897-1973 
0    84       30004.01328.00010554478        EUR 15-SEP-2026             0.00  16-SEP-2026             0.00       0       1974-1975 
0    85       30004.02532.00010098442        EUR 15-SEP-2026             0.00  16-SEP-2026             0.00       0       1976-1977 
0    86       30004.00828.00013171783        EUR 15-SEP-2026             0.00  16-SEP-2026             0.00       0       1978-1979 
0    87       30004.00828.00013171686        EUR 15-SEP-2026             0.00  16-SEP-2026             0.00       0       1980-1981 
0    88       30004.00828.00012646043        EUR 15-SEP-2026       6371204.15  16-SEP-2026       6578848.14       36      1982-2188 
0    89       30004.00828.00012650214        EUR 15-SEP-2026             0.00  16-SEP-2026             0.00       2       2189-2194 
0    90       30004.00819.00011834203        EUR 15-SEP-2026             0.00  16-SEP-2026             0.00       0       2195-2196 
1    91       CH260.87050.00003064302        EUR 15-SEP-2026         52011.98  16-SEP-2026         52011.98       0       2197-2198 
0    92       30004.00828.00012846542        EUR 15-SEP-2026             0.00  16-SEP-2026             0.00       17      2199-2283 
0    93       30004.00828.00012541865        EUR 15-SEP-2026             0.00  16-SEP-2026             0.00       0       2284-2285 
                        Synthèse des relevés, chargement N° 1010050                                   Date :17-SEP-2026  Page : 3

Fichier : /data/flf/files/PDBFINP1/data/in/AFB120.txt
Archivé : /data/flf/files/PDBFINP1/data/traite/AFB120.txt
Recyclé : /data/flf/files/PDBFINP1/data/log/AFB120.txt.err

Err. Relevé   Compte                         Dev Date début      Ancien solde  Date fin       Nouveau solde   Mouvements Debut-Fin
-----------------------------------------------------------------------------------------------------------------------------------
0    94       30003.03620.00020169577        EUR 15-SEP-2026         -1190.82  16-SEP-2026         -1190.82       0       2286-2287 
0    95       30004.00828.00012541768        EUR 15-SEP-2026             0.00  16-SEP-2026             0.00       0       2288-2289 
0    96       30004.00828.00012498312        EUR 15-SEP-2026             0.00  16-SEP-2026             0.00       0       2290-2291 
0    97       30004.00819.00011903461        EUR 15-SEP-2026             0.00  16-SEP-2026             0.00       16      2292-2378 
1    98       30004.00819.00011828480        EUR 15-SEP-2026             0.00  16-SEP-2026             0.00       0       2379-2380 
0    99       30004.00828.00013171492        EUR 15-SEP-2026             0.00  16-SEP-2026             0.00       0       2381-2382 
0    100      30004.00515.00022604972        EUR 15-SEP-2026             0.00  16-SEP-2026             0.00       0       2383-2384 
0    101      30004.01328.00010937531        EUR 15-SEP-2026             0.00  16-SEP-2026             0.00       0       2385-2386 
0    102      30004.00819.00011944589        EUR 15-SEP-2026             0.00  16-SEP-2026             0.00       0       2387-2388 
1    103      30004.00828.00010181747        QAR 15-SEP-2026          3770.87  16-SEP-2026          3770.87       0       2389-2390 
1    104      30003.03175.05520506116        SAR 15-SEP-2026         70719.71  16-SEP-2026         70719.71       0       2391-2392 
0    105      30004.00828.00012846736        EUR 15-SEP-2026             0.00  16-SEP-2026             0.00       17      2393-2489 
0    106      30004.00828.00012504617        EUR 15-SEP-2026             0.00  16-SEP-2026             0.00       0       2490-2491 
0    107      30004.00828.00013172268        EUR 15-SEP-2026             0.00  16-SEP-2026             0.00       4       2492-2516 
0    108      30004.00828.00013172171        EUR 15-SEP-2026             0.00  16-SEP-2026             0.00       0       2517-2518 
0    109      30004.00828.00013171589        EUR 15-SEP-2026             0.00  16-SEP-2026             0.00       0       2519-2520 
0    110      30004.00819.00011843224        EUR 15-SEP-2026             0.00  16-SEP-2026             0.00       0       2521-2522 
0    111      30004.01328.00010555157        EUR 15-SEP-2026             0.00  16-SEP-2026             0.00       2       2523-2531 
0    112      30004.00828.00012487933        EUR 15-SEP-2026             0.00  16-SEP-2026             0.00       0       2532-2533 
0    113      30004.00819.00012032180        EUR 15-SEP-2026             0.00  16-SEP-2026             0.00       7       2534-2565 
0    114      30004.00828.00013530586        EUR 15-SEP-2026             0.00  16-SEP-2026             0.00       0       2566-2567 
0    115      30004.00819.00011842836        EUR 15-SEP-2026             0.00  16-SEP-2026             0.00       2       2568-2577 
1    116      30004.00819.00010118761        GBP 15-SEP-2026         45460.50  16-SEP-2026         45460.50       0       2578-2579 
1    117      30004.00828.00010158205        AED 15-SEP-2026        131109.71  16-SEP-2026        131109.71       0       2580-2581 
1    118      13825.00200.08016346445        EUR 15-SEP-2026       6885108.67  16-SEP-2026       6885108.67       0       2582-2583 
0    119      30004.00819.00012032956        EUR 15-SEP-2026             0.00  16-SEP-2026             0.00       12      2584-2645 
0    120      30004.00819.00011903558        EUR 15-SEP-2026             0.00  16-SEP-2026             0.00       0       2646-2647 
0    121      30004.02532.00010098345        EUR 15-SEP-2026        748851.57  16-SEP-2026        748851.57       0       2648-2649 
0    122      30004.00819.00012032859        EUR 15-SEP-2026             0.00  16-SEP-2026             0.00       3       2650-2665 
0    123      30004.02532.00010098248        EUR 15-SEP-2026         86932.81  16-SEP-2026         86932.81       0       2666-2667 
0    124      30004.00828.00013171880        EUR 15-SEP-2026             0.00  16-SEP-2026             0.00       8       2668-2709 
0    125      30004.00819.00011848268        EUR 15-SEP-2026             0.00  16-SEP-2026             0.00       4       2710-2732 
0    126      30003.04250.00020626928        EUR 15-SEP-2026             0.00  16-SEP-2026             0.00       0       2733-2734 
0    127      30004.00819.00011933143        EUR 15-SEP-2026             0.00  16-SEP-2026             0.00       0       2735-2736 
0    128      30004.01328.00010189758        EUR 15-SEP-2026             0.00  16-SEP-2026             0.00       105     2737-3058 
0    129      30004.00819.00011980188        EUR 15-SEP-2026             0.00  16-SEP-2026             0.00       0       3059-3060 
0    130      30004.00828.00012846639        EUR 15-SEP-2026             0.00  16-SEP-2026             0.00       2       3061-3068 
0    131      30003.04250.00020626902        EUR 15-SEP-2026             0.00  16-SEP-2026             0.00       0       3069-3070 
0    132      30004.00828.00013338623        EUR 15-SEP-2026             0.00  16-SEP-2026             0.00       0       3071-3072 
0    133      30004.00819.00012032762        EUR 15-SEP-2026             0.00  16-SEP-2026             0.00       7       3073-3103 
0    134      30004.00828.00013338429        EUR 15-SEP-2026             0.00  16-SEP-2026             0.00       0       3104-3105 
0    135      30004.00828.00013324170        EUR 15-SEP-2026             0.00  16-SEP-2026             0.00       0       3106-3107 
1    136      30004.00828.00010128133        CHF 15-SEP-2026         13142.27  16-SEP-2026         13142.27       0       3108-3109 
1    137      30004.00819.00010130370        PLN 15-SEP-2026       2019698.15  16-SEP-2026       2019698.15       0       3110-3111 
0    138      30004.00828.00013337944        EUR 15-SEP-2026             0.00  16-SEP-2026             0.00       0       3112-3113 
0    139      30004.00828.00012607146        EUR 15-SEP-2026             0.00  16-SEP-2026             0.00       3       3114-3124 
0    140      30004.00828.00013338332        EUR 15-SEP-2026             0.00  16-SEP-2026             0.00       0       3125-3126 
                        Synthèse des relevés, chargement N° 1010050                                   Date :17-SEP-2026  Page : 4

Fichier : /data/flf/files/PDBFINP1/data/in/AFB120.txt
Archivé : /data/flf/files/PDBFINP1/data/traite/AFB120.txt
Recyclé : /data/flf/files/PDBFINP1/data/log/AFB120.txt.err

Err. Relevé   Compte                         Dev Date début      Ancien solde  Date fin       Nouveau solde   Mouvements Debut-Fin
-----------------------------------------------------------------------------------------------------------------------------------
1    141      30004.00819.00010120847        USD 15-SEP-2026        119018.10  16-SEP-2026        119018.10       0       3127-3128 
1    142      30004.00828.00010181873        AED 15-SEP-2026         47129.24  16-SEP-2026         47129.24       0       3129-3130 
0    143      30004.00819.00011775518        EUR 15-SEP-2026             0.00  16-SEP-2026             0.00       0       3131-3132 
1    144      99375.99999.87786070000        EUR 15-SEP-2026        113043.94  16-SEP-2026        113043.94       0       3133-3134 
0    145      30004.00828.00013338817        EUR 15-SEP-2026             0.00  16-SEP-2026             0.00       0       3135-3136 
0    146      30004.02532.00010106105        EUR 15-SEP-2026             0.00  16-SEP-2026             0.00       0       3137-3138 
0    147      30004.00819.00011851954        EUR 15-SEP-2026             0.00  16-SEP-2026             0.00       4       3139-3158 
0    148      30003.04250.00020626910        EUR 15-SEP-2026             0.00  16-SEP-2026             0.00       0       3159-3160 
0    149      30004.00828.00013338720        EUR 15-SEP-2026             0.00  16-SEP-2026             0.00       15      3161-3248 
0    150      30004.00819.00011912676        EUR 15-SEP-2026             0.00  16-SEP-2026             0.00       6       3249-3274 
0    151      30004.00819.00011962049        EUR 15-SEP-2026             0.00  16-SEP-2026             0.00       2       3275-3280 
0    152      30004.00819.00011852342        EUR 15-SEP-2026             0.00  16-SEP-2026             0.00       2       3281-3286 
0    153      30004.00283.00022327235        EUR 15-SEP-2026             0.00  16-SEP-2026             0.00       0       3287-3288 
0    154      30004.00819.00012004147        EUR 15-SEP-2026             0.00  16-SEP-2026             0.00       0       3289-3290 
0    155      30004.00819.00011912773        EUR 15-SEP-2026             0.00  16-SEP-2026             0.00       3       3291-3303 
0    156      30004.00819.00011905983        EUR 15-SEP-2026             0.00  16-SEP-2026             0.00       2       3304-3309 
0    157      30004.00828.00012498409        EUR 15-SEP-2026             0.00  16-SEP-2026             0.00       2       3310-3315 
0    158      30004.00342.00020107073        EUR 15-SEP-2026             0.00  16-SEP-2026             0.00       76      3316-3743 
0    159      30004.00828.00013177603        EUR 15-SEP-2026         27511.78  16-SEP-2026         27511.78       0       3744-3745 
1    160      30003.03620.00020131908        EUR 15-SEP-2026        796506.33  16-SEP-2026        796388.33       3       3746-3756 
-----------------------------------------------------------------------------------------------------------------------------------
                                             Relevés chargés 141      Lignes chargées 670   
                                                     erreurs 19               erreurs 66    
                                                     total   160              total   736   
