
Date du controle               Jour                     Jours historique
------------------------------ ------------------------ ----------------
Plage nuit
--------------------------------------------------------------------------------------------------------------------------------------------------------------------------------------------------------
27/07/2026                     LUNDI                                   3
19h - 7h

=====================================================
RAPPORT DE CONTROLE QUOTIDIEN - 27/07/2026
Jour : LUNDI
=====================================================
+----------------------------------------------------------+
|                   SYNTHESE DU JOUR                      |
+----------------------------------------------------------+
| Flux DSP (fichiers)         :     0   [W] |
| Notes de frais Notilus      :     0   [W] |
| Factures Xerox              :     0   [W] |
| Factures Tradeshift         :     0   [W] |
| Factures DSP                :     0   [W] |
| Ecritures GL (interface)    :     0   [W] |
| Lignes GL creees            :     0   [W] |
| Imports RB                  :     0   [W] |
+----------------------------------------------------------+
| Traitements nuit            :  1460                        |
| *** ERREURS ***             :     1                        |
| Avertissements              :    10                        |
+----------------------------------------------------------+
[!] ALERTE : 1 traitement(s) en ERREUR - Voir Section 6
[!] RAPPEL LUNDI : Charger manuellement le fichier SG (rattrapage)

=== DSP - Detail des flux (fichiers) ===

SRC   DATE     JOUR       TYPE          FICHIER
----- -------- ---------- ------------- ----------------------------------------------------------------------
DSP   24/07/26 VENDREDI   AUTRE         DSP01_PO_ENTETE_20260724162323_ST_DSP01-PO_2768014.csv
DSP   24/07/26 VENDREDI   DEBLOCAGE     DSP01_INV_DEBLOCAGE_20260724174315_ST_2768062.csv
DSP   24/07/26 VENDREDI   FOURNISSEURS  DSP01_SUP_ENTETE_20260724092315_ST_DSP01-SUP_2767506.csv
DSP   24/07/26 VENDREDI   FOURNISSEURS  DSP01_SUP_ENTETE_20260724144315_ST_DSP01-SUP_2767914.csv
DSP   24/07/26 VENDREDI   RECEPTIONS    DSP01_REC_RECEPTIONS_20260724163315_ST_DSP01-REC_2768022.csv

=== DSP - Synthese par jour et type ===

DATE     JOUR       FOURN. CMDES RECEP. DEBLOC. TOTAL
-------- ---------- ------ ----- ------ ------- -----
24/07/26 VENDREDI        1     1      1       1     4

=== NOTILUS - Comptage des notes de frais ===

CONTROLE   DATE     JOUR       NB NDF MONTANT TOTAL
---------- -------- ---------- ------ -------------
NOTILUS    24/07/26 VENDREDI       42         1 871

=== FACTURES - Synthese par source ===

CONTROLE   DATE     SOURCE       NB FACTURES
---------- -------- ------------ -----------
FACTURES   25/07/26 TRADESHIFT           393

=== XEROX - Factures SANS images (ALERTE) ===

=== XEROX - Factures AVEC images (compteur) ===

NB AVEC IMAGE
-------------
            0

=== GL - Interface (en attente) ===

CONTROLE       SOURCE                                   TYPE            STATUS   NB LIGNES  TOTAL DEBIT TOTAL CREDIT
-------------- ---------------------------------------- --------------- -------- --------- ------------ ------------
GL_INTERFACE                                                            EP01             2        9 238        9 238

=== GL - Lignes creees ===

CONTROLE   DATE     SOURCE                                           NB LIGNES      TOTAL DEBIT
---------- -------- --------------------------------------------- ------------ ----------------
GL_CREES   25/07/26                                                     58 471       89 468 681
GL_CREES   24/07/26                                                     27 301      197 470 748
GL_CREES   24/07/26 FAC02_SRC_ECRITURESGL_240726-014208                     78           15 309
GL_CREES   24/07/26 CDPG.NC4.EXPORT.2026072414534341990.COMP.E_CO        1 468       82 632 681

=== NUIT - Synthese par statut ===

CONTROLE        STATUT              NB
--------------- ---------------- -----
NUIT_SYNTHESE   WARNING             10
NUIT_SYNTHESE   *** ERREUR ***       1
NUIT_SYNTHESE   OK                1449

=== NUIT - Detail des ERREURS ===

     REQ ID PROGRAMME                                     DEBUT          FIN            DUREE(min) MESSAGE
----------- --------------------------------------------- -------------- -------------- ---------- -------------------------------------------------------
   48593344 Validation de factures                        26/07 23:04:32 26/07 23:05:02         .5 Le GTS a rencontré une erreur pendant l'exécution d'Ora

=== NUIT - Detail des WARNINGS ===

     REQ ID PROGRAMME                                     DEBUT          DUREE(min) MESSAGE
----------- --------------------------------------------- -------------- ---------- -------------------------------------------------------
   48593622 Traitement du processeur enfant de validation 26/07 23:08:22        6.6
             de factures

   48593624 Traitement du processeur enfant de validation 26/07 23:08:22        6.5
             de factures

   48593610 Traitement du processeur enfant de validation 26/07 23:07:40        7.3
             de factures

   48593572 Traitement du processeur enfant de validation 26/07 23:07:06        8.3
             de factures

   48593565 Traitement du processeur enfant de validation 26/07 23:07:04        8.9
             de factures

   48593364 Validation de factures                        26/07 23:06:51        9.9 Fin normale
   48593216 Validation de factures                        26/07 23:04:31       14.3 Fin normale
   48593217 Validation de factures                        26/07 23:04:31       13.2 Fin normale
   48592818 DKA : Contrôle des flux IVALUA                26/07 22:59:03         .0
   48592816 DKA : Lanceur (SHELL)                         26/07 22:59:02         .4 Fin Anormale

=== NUIT - Traitements longs (> 30 min) ===

     REQ ID PROGRAMME                                     DEBUT        FIN          DUREE(min) STATUT
----------- --------------------------------------------- ------------ ------------ ---------- --------
   48593933 DKA : Lanceur (SHELL)                         26/07 23:38  27/07 02:10       151.7 OK
   48593936 DKA : Situation Oracle du matin               26/07 23:38  27/07 02:10       151.5 OK
   48592817 DKA : Lanceur (SHELL)                         26/07 22:59  26/07 23:29        30.0 OK

=== NUIT - Traitements en cours (potentiellement bloques) ===

     REQ ID PROGRAMME                                     DEBUT          DUREE(min) PARAMETRES
----------- --------------------------------------------- -------------- ---------- --------------------------------------------------
   48594013 DKA : Lanceur (SHELL)                         27/07 07:15:04        1.5 DKA_IPAPROJETHRM_JOB.sh, , , , ,
   48594020 DKA : Interface de création des codes projets 27/07 07:15:10        1.4
            , tâches et affaire


=== RAPPROCHEMENT BANCAIRE (RB) ===

CONTROLE     DATE     JOUR       NB COMPTES
------------ -------- ---------- ----------
RB_IMPORTS   25/07/26 SAMEDI            141

=====================================================
FIN DU CONTROLE QUOTIDIEN
=====================================================
