%PDF-1.4
1 0 obj
<<
/Creator (Oracle10gR2 AS Reports Services)
/CreationDate (D:20251015104930)
/ModDate (D:20251015104930)
/Producer (Oracle PDF driver)
/Title (o45921594.out)
/Author (Oracle Reports)
>>
endobj
5 0 obj
<</Length 6 0 R
/Filter [/ASCII85Decode /FlateDecode]
>>
stream
Gatm:h/_4M&AI<Vp9%rGM"<,;ohGP0,pCnQEoLf^$]8Mq$pTa`DPp9qa/\$k]B9Gke2X!obCDF)
?%$A[gYM>^994@WJ\Ch`cn,OjXj#`KCjW@lT$X)$+lLd)$F4YiQnSff-+iX=0B;kN1l<GJUY.&E
"ki(qJ9f;QJ29t.o'Zs`+MEV?*fVO$MUL0XAf^9A*P^oRG*PPcU=r_%#\/iTPaYa5@@e5ejMl`&
P?Bf"B&b]hS->P)57XQSl*QJuE+e?(Qn4hTn3'lh+27EI>u%.'I>a7V\,QLtKSl`$\S#01j(S:4
&tP$^AJ-EnKfl=Nkb-/G;ps%O/4-dU20nb#aOsBDTt?He*NCj4=ml`;.4?2&/!/QH4pXI+5\\PW
Yh[$ufPh\ri4\M2S%]AXh-^,)q0l]3LN7ml%?AiBAH%Z4MY0%1"0-BcGg&f_(5"\rA9Z[5^cI7_
VeT)1!WRcBcdb)6jP+D[q>G`UX:A$QGZ^4"=HrN/fH5(;X0C?F]?N^._sD00G`i9FA;j+"3MVYN
YEhdiPg<!ZH.t<.lS3X:^X'TcI`D$K-p+LMkJ"t?B]%[2&tX#T`9'GfEeI/iV650-#0\%lN:A.m
?/e5O\nqg<ADoPTUJeB2F3'/IBtVfXm5B62qc::b^lVM3q."H5NWX(W"P5rQ9n%o=_O:Pd"epW/
R9^0E=gC;q0u%1%Q&?C.koki0AF-hSS4FKMFJWW3>OGt!/_!jN$cg-a%ei1Ua/Mf@PbE\l75<(E
)fd0+0H?egSup@(H$p'YqZ1QedYhVp1[T0`1IZS3[XnL+'S0Q`Xjq7h7W<6-'@c*IOAnl2HEMu/
De4>:APO*E7\,F"0&5s@^*_5U]1JQY,6g&*UW(^(lPMJ_\iunq4fP:FETL,1\WRYkh7l*cUlgnC
<e2'-\(T:OdQ!*4(seND&a_a,eI$em02*@W%g]>GTcH)MQ?E7V=Q@?i:f=>Q%e[En+b_q-W7N%#
c0V,p*eB@nopS")Y-ja7/a^&^FY(?8`S"6,9oh:pQ-^q@3)'Zk!\5()I=tOV^cD!Lm6B&+,h7Q7
[FN=K_58C3FPcs,.$0O/!JU*r78YX5rI3F:[lK[KbP\%`G2!CL4DHC,`D^)L5c_l.r\"6LTqq@!
Ms:Z(h&c9gTnO04]4,+^gD)3>%00tg1CPtBHM20hn>VH\`&HqY<uotY@>NGrZHP_]W?\*C>Lnf&
.]!E>4PZAsH6XOCl3aNpP1"[,ldgu;6>d^&j1=ofWZ9HtjQ!cb1it\,4*am^p>Ba6WIMT`jiqRk
'9E.^A-L;Kq(Hh7+[c;1~>
endstream
endobj
6 0 obj
1314
endobj
7 0 obj
<</Type /Font
/Name /F0
/Subtype /Type1
/Encoding /WinAnsiEncoding
/BaseFont /#48#65#6C#76#65#74#69#63#61
>>
endobj
8 0 obj
<</Type /Font
/Name /F1
/Subtype /Type1
/Encoding /WinAnsiEncoding
/BaseFont /#48#65#6C#76#65#74#69#63#61#2D#42#6F#6C#64
>>
endobj
9 0 obj
<<
/Type /XObject
/Subtype /Image
/Name /im1
/Width 491
/Height 116
/BitsPerComponent 8
/ColorSpace /DeviceRGB
/Filter [/ASCII85Decode /DCTDecode] 
/Length 10 0 R
>>
stream
s4IA0!"_al8O`[\!<<*#!!*'"s4[N@!!**$!<E3%!<E3%!<E3%!<E3%!<E3%!<E3%!<E3%!<E3%
!<E3%!<E3%!<E3%!<E3%!<E3%!<E3%!<E3%!WUmS6NI2g!<E3%!<E3%!<E3%!<E3%!<E3%!<E3%
!<E3%!<E3%!<E3%!<E3%!<E3%!<E3%!<E3%!<E3%!<E3%!<N59!"fJ:F91\0!?qLF&HMtG!WU(<
*rl9A"T\W)!<E3$z!!!!"!WrQ/"pYD?$4HmP!4<@<!W`B*!X&T/"U"r.!!.KK!WrE*&Hrdj0gQ!W
;.0\RE>10ZOeE%*6F"?A;UOtZ1LbBV#mqFa(`=5<-7:2j.Ps"@2`NfY6UX@47n?3D;cHat='/U/
@q9._B4u!oF*)PJGBeCZK7nr5LPUeEP*;,qQC!u,R\HRQV5C/hWN*81['d?O\@K2f_o0O6a2lBF
daQ^rf%8R-g>V&OjQ5OekiqC&o(2MHp@n@XqZ"J6*ru?D!<E3%!<E3%!<<*"!!!!"!WrQ/"pYD?
$4HmP!4<C=!W`?*"9Sc3"U"r.!<RHF!<N?8"9fr'"qj4!#@VTc+u4]T'LIqUZ,$_k1K*]W@WKj'
(*k`q-1Mcg)&ahL-n-W'2E*TU3^Z;(7Rp!@8lJ\h<``C+>%;)SAnPdkC3+K>G'A1VH@gd&KnbA=
M2II[Pa.Q$R$jD;USO``Vl6SpZEppG[^WcW]#)A'`Q#s>ai`&\eCE.%f\,!<j5f=akNM0qo(2MH
p@n@XqZ#7L$j-M1!YGMH!'^J_r[=Lu!%=S!!%X]37uI4#i1CPFr[dT+LpSfAG[!G=QVuGJ9B(A,
:XD3gU1ph?c`$.*cDtr!VeNRn%V<8b\V:5-ABu"R^E:0PHnbMeILgfkq!7I6`7DX8pi#ZR_q/3>
nNO@"VJ-[s(.^#6rAMb'T2jK#]gd?3(W6),VX)K>>/.>k/J4nj:k-^lrX*`H!!Qg+rrE'!"Xj)%
W#lT93krT4!85[de`E:ZQbX%p;IQ<Q>2)UmC#195NbmblSi?G&FU@q6c0b#2d/5OBYGM"`cJCO`
[9Zl%GUJ%u*\t[`FJnd_ZO82%)440gW0H"6=F;tiBR>,"K2\"[isIWuB3&`lN%4bO&b/$uLT&+^
5?PqWMj>Fk)(7EXq-@1Q[(W"V06KH]8u.Z0,1L@"+4sBV)?0[A07UeurX3IeQ\W9ql9>orBq9Rd
h?LRd4lM;l?NHXpM_*7EnH[+'T7sYC<YT,^htU[4`)[NR^'g?*Wult*rr@\]4rl6(,Tj8:`-H1.
OLGmNEU\&dV)-"../XfCWjs4e2&9#5o.e>c-;Q!7P'onIT;agtMZ/.CGX9/JH;USI$&lpS8TRtO
jqsP.Pc^u__+tA0.D;&mCM)Gdj]IO-i]=IekuYd]@,&(=3*J+q>o,CC2<N`%Dj_uRZK_@@rr<(L
i95[C#NB?l@A8-RnB]+Xfuj$^i](.KnV;j@h]6qSccl34bO6#?37P@\C;Se6LUt1gNP2DJk#pi#
!tkJ<Ho(PsnDE7bJoj55rr<A<Fl>QA*Wkj`U>KWJ0^qQFVYHLq\tuq;Z*`%<X,EHKQ3KNQh5a)U
<d+oEpMdr04DXpVhYkJ^gjK]1pfH\*r"F/N$=WJbrX#q$L==/W%eVDD`;]fD4@Q7&O,T\4YB;9<
n?9bn'KX3UWG.GfcY)4?M)o4AP$\Uld`s8=CRF,04@D&&%c,rDYKZMqK)'O_/R1dS<j.7tdu:15
^DC$R_W#i@rJ`<"'!6qi-%8G:X'1acb8IlFEiU9p-Lhlg)UP7M;l*\/3@MOG$@^:.)nS,[V&&=G
K)801.F'Z\U8g&CrrCCZp6P^YK$aMt_*("nIuO@Wp]9p>iuYhk5DhW3\+'(BLpS*SK\mLA:MjYJ
MDQ7_''QM?\)G(.l?Y&@]$^1$4-s/El'gG)2YR8%j,u:hTD45grWt7X!(RFVJ,D#C)ufp6KWjC%
rX2*`bMfYl/cPeS&GWI!j5Bq;Lg]aC_f(DS%mO^A'R3h`Lb*WGRd8mmK&XGkokQ9-P%e5FcugaT
1f"\H[k'0(NGD>(Z+*WWX#K.*Bp3d%_jJZC/&gQ7B='D'XLeXl`__[C#t\"5<l<@bLnq$"bGS7,
VcH`JK]af$atf/p[i'sW=hYt"NM2*'Q;tiM`Sr=CW9Ib<l;=H[;5H32@cIdd_D.B6@\YH^P"s'o
d=0*m\+f7$qg<X<`r7@aQooYnGje,sGN'&f_]CA>e9hqi56\clXQoXPp>q"0G5a5DFBa[aRniqZ
>hI([]M89k,[%iRq`;KSJ+tjur^^tpQ2^hqbMh(PWl2+*MtX"GW'1^ja+"3hF8J4MFR^jUCZ59n
JTTjlG$p:^p!41apM]b2$c5(AdS-meXn]6@qNF:CkZUYX7OPd3gg3chVHVk`g\rY@>X)"5ik0IG
AMM0`j%Bu<_r0e/jfaTG;\Oo'<K05ud\RkGQ!2HE:o+rZ.^O>;oULt"Si\16k.'S@KW7nO<tQk;
SI0A5<id:UGr`CR6CO./VY.R4=tadF]Kr7d?UrVY6fLgM9(;h2U=meilPeorW7gDR5*Mo!,=um)
WTne_p=;,;:e%PX?!Ybc]P+.5<</Kc1&[k3i8]mn-BGrZ92P-PLAZP]+5/BdRX7hI4g2Xc$4d_n
Ah3'kG`3+%'?&UkKmX8T*otLLpjZK!U/4>-k9,6j^[P-Npa\Sr/,oSQ,4WCC4CP=+57[\nBA4G!
8\>6(48=#$TDfF.2U2UHFR<Gp%F)//IO"XPiS-6XXfOr<Kqqtq/[pD?D(a@FlLXT(dlcPrB:KII
H3)Z?"+ag_nDAi-AO;t9M=G`OM4@Q%?%Am]FJrImm-tq%)Nq9]HVIr!-pgMr=03E4r;/JD*j_n.
3@tSXV&&+abZ&.6e[C?WW$t%iinD%NB2VWc>h#ab`;\NaDtlD@iG:Gn-A21,r)(u1"-F&<[IKU!
qAnV90nt$,2o?[\Ji>j>C(c&Hje;!GYCV2]m,-L";SRr.M''$Ya57'Q4+T9h!/3O4nCuq5OG&VA
)]R$p^t3W2aZEr@.0BTk6J(_:!BgHJ5YpsH+G57O5)4dd=5(j7?3QQR(0+ZR[Cr@l/B,juk"9ld
e%`"D+7>a_*^&Fn/n^0A-%CMK4<f]m9?)p'DYB@nch/mgPJ?%]5O_H5gETVFHnXuep41N^Dhsj_
/9YA.^+3=Br%.C2mECNG*L;\^pouCB^D,Nd4r3%m3mPJhg;G-:2>VtC+&V\6G0bOIER"gp*9+`Q
4Fk76)$oINBD<a3K1@D@E`gruN^^mK\.9N/!(Z].rr<14rr@ZFr'C)mipR/%bb)>iNce\Mrm1H>
cCNpD"8ld$I\Cb]GfS`bou*!GB_J#NnJ1,JhtX,.,KeA8gu%ERh.tmY,C$U%oc*?+gKa">=6A:B
i8%'2(:IYh31NGr'I,*8Em.^?nSXju1o5l/8ee%VS5n:\:5g[F0ss'-X#SOofOR/h6PWdr'02g\
%4\Y[Vi@Cp)BA<kMQ]cqS>dk%SS6;F:#9ie"QmJ4qEhuDT:dR?HXr>#Duhr]'a-HLgd)t!&k=c7
7Zp+i:6NXI8>2f'j@3hD8JRMcOVsp:Fcf6b#/>g5pat\,(K9<H`GZjnn+K3KNP'D5GT5S=K6825
_4MFU0_d;#RnrQU`\.p<o1c--Qc#C+nM[!jGJ50o>GPRqF/%ITRN9A]XmlJhhYpXM.t7g4G]hoe
peul&4tb'nTpM_,Vb/GA2]5akfO3o'EiIBMF&&i/?8Q=chlA%NGZ'6![/SZ>cZ".>&*m>q.EZ[M
_r9k7g>XScm7-qA&RP-&P4r@Q?M*=b9DX)8XFK06rrDOa+5#UPeGLog:ZMG6YC&de?)#(.?1==Z
^%eMc],R-jdT\;<a24m"UNfu92bgJkin\ZASTcMr_W6cuD]JcW_:ehgZ^.)11d;I7A?V%X1Xjb)
@DD>NMnU0Y5&&AS/>$=S]^ah%+hI$*Q,iD'Jd:e\'I[>h!M-#o!!/m9>"KYTH:\s>P"*X9`3Zd)
,cuP`jh;1CQ4fE_4lc-;p0Q0iEAPI/Eji-9*#k_PS6ON5G`'pNC!Gm\ag%E]B=6mY'k)&<n*\10
@pZ&dC"1'M_GAH6WNY`^gI72$*Pq7)8X4E_fPBJ@S[i,L>rUenK68W.1Wq<c^'rF7G/m$1#X@&a
C[&$WrrDP2-gV<%B",5DL[`X`QM=Bu/#(.4Fl9G1GkXY8%Dt<[4p^\Drj:(N?.!nC7k=KVZD7?t
!;8YO>Q4F_iCuLkYG(nF]"`o'%pD*"bOKgYr:kZ_)!8Lq[8R`7n#$$n>$QKo[,lRBW)m'O2/nq*
(ZkO];3L`H+6sI7-\&s)^LD-9IoY"248Ug]HLT8!D\hQN*cDd/Sd@GbMEEKN9cH?TqSPsu<n'5d
ip@7EeIt`fe?qG'_L'oYT$f^$gK7/2VG5^8[Qj[)#PKqOK"Ot=Y6TO*^CrJC!r.E-(4iO]S&2U[
GJh1O*]-SY7aUfiD'MrhQKuBd*S.?/?46Y?+^9<HTX^Cpb7&;%ZOc.ZrXCdTe@2'Wn*OuP/Z`FN
rrBiA!-ha?N.dD7*tg4!7mKiMaWH+sLu=C,-\*](r#MF0!%0#g++MrSpnRihWtWCYq%DU*Q$AD#
5O1=go&$H07-aYc1<.>/b@Q`n'ifs0GuJ[?^)l\oXX1"EkJ]HBqP!l&lnFR@]#pOWnlC!Z'odq_
bEL\\QYF_!g9l%3=%D]ir'Y2t!!JYg!2G8<5Q2L\NW0"V_H59;Z4HjJKD$Ab]"TETh[0;_AtOs,
c]1,/iP,QQHpH6SX[D'F`,>lJD;f7NB1MIic2)1(0(@GOVVFe4Y.^[dM]7#B03rH6A:VQ+cQDs`
fC!;L&7bF>pf[J+r-81A5A;3u(XE>?49bU"GaR/t[SjoT+S!4)F\dr<$10i*i'.P&cH;KF,k4@&
;U3Z3(=j7XJ$!H`>NpH>jhuXW`'+]B3"2--`T:*@bZ8:EPWkq!WJSJlKmZ<]e>Uill-mi?:0d@h
A><$4m<cr%c^r:,5g;#dNY[@-)/U?>8rr9Q@nRC?;kk1%F./?`;i9[6]5A80qH]`WU%+3(LVb^t
o>#[m`;]gsh\&$jn?:gMKYR%5nRmk>lO<qdL1ZH;@BtW7l(`Um:@2MQCc%\H40;E[:a33NSjF"g
!'PfO^Yn@+fL+WkV1#-:*q0]\5M?`s.HH=J6)/[O8GHoWX71lN/V^7p'2d5k;0)iJG0g0g#ZPfT
D0V#>7=Q1>[n#iSqa5kL62iV(*u9;eGa`n7qcg\^pi5f88\DVV%t52eHK%lsI2Bb(</e(VWLJ$a
2?*Xp?UF`;nP/(]F*VhF@(&*jLW-[M_nHLi<%uh&E@)mD2]F`r<A8YicOYWF[Zbg(BJ6GrB-!gL
'kgOZittN@2'nQ,i\iioC"(2g;Sur&ggQ#B:YOeXV"CUbanmPbHJ0!c=^'(m/\!J$U>,YWhtV0b
8sd;sho)"2*T0**T>pm2#$tVlpC+:3\aX0aZa_!2rrBD@8`S"sRet;%H2dksQbVIK58gjL4$`Rn
Wr,QhRWZ7)8-RVb0*tk<GTC[t.^?rGO1YRopq')G+D,#`J)X+N&(nfaH0ul;/jIXIJ\fDQ+&HoH
d#LPC%PP[/$H1A7k[<qJ$B9D?n@=9#UsnP_EO*R3CAY2HYHi0(Gr.M\!/Tl69!0BLMMc`/XbEMU
[AV`r7YKCm"kQ`I5M8!4IP:2oO$#Ftpqsp3-."b_iBIoW8#^/C..F[MVg*j3]&oP4+tZ/Pf!Lp)
]f/ipPcJW2ZalM;</pd+("(Y/BRdiS5N&QVZk*'JA)^gcH/Un^<Un]-rN9o)bOJ7!J(1kbrr@^r
>d:f)1t6nAi'DJPCZ']!(9e"Qe$Z;<D=kMjGb`^b@:uN@b8'03rgBCbrrC*#L-N'&_9[nO*W?On
NXlm&2u&g"gJ8H,@onLLR>nT981ugU;TY?'de2E,;Ra<d4@,atO`dGbH@>d^EWjtS+2BkjJMS>V
`7&iYI<R3\8l<H;&>n^KU/"JnM5AHS6P,u^U6Ob7[5BD]PAmX!Qg1)"`;!(NUGW<>4uS'nYo$V8
9$qK%>)_hb;N$`9Dj<qbRZ,dn:3A^UYTB^p%%dD&F2?dFqcCe0Zu>jV1\N3pP0D:%d%@\c_Jb2*
`#H119)HQRCL0/C'JT)A+8B8e^D]bT0F5jqlt/3f_8k`2r#Al00B/>8TD0b*NBC#+Qf9*H4rS4c
r)WSUiQYS5n/mIo57;7nIMD<:M/G.eHU;R^7_#hTmI]4@.u5=t@^E\TP3)lY4Jip\.6l(W8L9hf
k4X(3\@oS@kJ"X$=XUns\<*#>iqDePH^i.<@Tl@kV4)%+=l"qZI3/H6B8>L%^0/031olAJ6Q&r1
oh6YK4A=j+'P^B]'3WJK'\-lqV2)/6X)9i%np%3oWoQ.<i%We5FmI2'/,O)S,cO43PiEVX.V^c<
mfqP?[-b.pFoHub'YiSjDtk]pK;?,cpiYNPg+VJDe.Of0IA-E<7IVscmXjLNO^J#VnNVf:OW0BQ
G4=-GIUJt5/*./rpcF,e`-2^&BC%MG,4a5<#r\XM^VRKub9pn;>;$0Fd%_3'"lnP@!#b'OM1=Z;
?h;5uA,cOO^[IBc(&IVG_Cc+f"WEa:?88YZH&9abELZQ8#u_4-?Rfc*[`?0`j6e4m-R`G;@Ft'I
_GHIucOh)eqrZ5m?buaBn90lZnU5`mIQdXlIQR=.`SErVSeppp_d=BG-qN.ZB;f,2,&+KG67d\E
j5nR%ohY9krr@Z<rrBklrr?ds>>F\.LH[jgn@Q]o]u!uf^'aZ2U0[[EeF2g9i[[/R?e/e\^cJUi
dM7WI*B1tS=-jQ*V7jNqJ3W0D9m'N,NR_>o(jOk:j)mLbd=Fedh-F/ZE,1d^i84fLWQAQnQt;P"
mSom<Sg"MI*D0Ga?<&6#`YE2Zm&(ME-]!'H$,tmF(E3abB[rdp1Ma"LnG^O!?(@n=-bNd+q_pr#
F!=0pX.u]+3\YYtE#BZ:8QJ;Y)'):M;n38h2'maCkPPp)rX3T5,PF=rKA`rdfCkEu[]e^efa#K"
SWAMIm9@OGf35nnq`3p[S]Y.#^*(c[>KLL,+5on;P=6ROr#\&Q(7lDmjHIP('4!_7g89q4rrAb[
]^]7E'_"a8nBDkE'[]IW`@On8GiXla/<WLI1;%WP'p:IV;H8:OkH6Js%*+"l(uXqiN[#'jN2kfU
e=ttr'hSoaV[59G=/=pm?A"K52`ODcWCj!JPPnu6cg[GjKQrG:Pq'/0L*mEgSOsQ1leY2^d[cl(
;'jM_,i]3NE/`=NlL*BKhW!tkG\sR"@$]s;k2KM$\$rht%$TIB4KOZ4">QrK1t&tS&h>f!WX5jQ
rLeU'r$qZ44qIGSj/9o#(0L>biO?_<(2[j*HKFSZ*$B@4YgW0U(pe@dC\m1g26N#!r<g@ee2=@;
o$^@?M<:04rr>%Y!;J#;r"c($OoGE5LA6s;n90YhCVL&Q!+fgsVh;mZ"ge_9XE>U%C!fZSNNISC
f(>r,r*?@0#i`E:%u0>]$/r5Pg07]qRZ4u:+h[*umKLj[`t:P:38jAo4Oc*2Q$>o#l-6%X@7$E&
GaqPS;fnco6C_:l>-0)3I/%[l'4?'6P^Ti[nTA=&6O-@Y1RqCQ[&Z*RUIt8QDDIHFP,AWWc^4Mc
rMI?f^Ae3&9b5pH<7F#fH1@otj&_33WTUY<4=U.jBG,\f2HN]T)VY).0]$Mn%IGb`?-pi6hD0GI
Gnn9kkZ8#[bJ`<-G/qF79Bi5@DsUp&Mo6NS]*N<P:[pg2rr@^iV+gfip)6\sj#)Lqi061G;^>n9
cg^e2'ibqO6ig.!"[l0@'bru5:cJfT-li;aYMX:?%e+WWP[fWJNm-eAF4A.g.aX*??Y<.:okm;Z
HU`(W,d_\>ofk"Hpk?X$k2%/(>SJjZ_Nl5XA=#_6idJ9l?!LkBhRoh$Ir7;Sr#NE=Y%c:+ce+08
VO_Noo-Meu1&)PgR2<D,I7M2(*_/3R%Er4O2Z_0OL%(`6%Yao_JoQ&'il8mVqKL!KJbN4UWH3RL
5DGL'/F_buikIUEYJT[V`d36T\RP-OTZ!k1>9,6lo.$m7N>7H>WL`Q^h+F(#^,RB\`];?+(rnZ'
:DLSg_@?ji8!9/K)hMus;[o,RAMi:DZ'*)BqD]A?j8L=#,q7h-fTlB"Y`tn!lL=(lp%"::Z2VfD
!";%<GT5[%_qtZG<qp7c4"hCt4nsfk]d(Mq%.QfX($%86rr@fHgIUe?SQ=/j6JB`Y3%o+pNbHl/
f&#?fD3c$o's?Yh<"__%!_FX;0J[ZE5R/S,;=bb;CZLQ0L*$j'cbH^Y^`.20C>)I9r$h,^p0[Sq
Sh/K9]?#*=)oLB*K)QKu1AHW,eaMpp3,GZQpoNq&Dm!\[Yf.T@a*'9:/q:]ArrCuhT,9e0D\75h
i4&(3i]e(R,lNk,m]NpOP=M59_k''eo4n`H&$G]^;7;Vs>JpFCe:;8?:PT]a=hX6o/6BPJP5=n2
1^t8smtWkM+2rN>1Bj&efk&ee77cDo/5#*'6AMt=BVqc-.ep$JK5dS]O\MfI;PQfDa7Xi;M(lI]
?\cS[QTd&77M;PMUA8A$Y9[CH3V.SI']gU:;LHb=V&7^O;1I0cm8a/d"k*DNJoCY1R^T'O:DE_G
O5bqUoSK$k;ttk3'1e>HVRNGY+T:\fZ`\"d2SK7>Dr?g5h!+[]MsPQoBg\]iLrd_',s5-+!!d<;
&@9-?56Uu*Ii5mjVQ6qUpVf?0^)m&-k#;QmmAK2,IPqb'>W0U8Ek*<_rU8_$&L0`%1g&d(KT-^E
1`^OtTEp04iD^6WN73;&huZ]IjSi0VhI#4(#[o/O365U99%I8?CZ=VfT]O_QUOmS.351NG>1-\k
1\0=.Lfs\%[t^1f"&Aj^.8Y_4-.,J4PuUF^ggNo@O[o-PiLfm,A)NX.lr!Q$p+lEfiVbp17+Zl*
pmLXC`Rb\KIV2:o<mSU6@]P]s?6O+b%XB.p+1#>P*!cKD"O-h?F\Os8EVsI`p`\Yq>2nDe_o&+R
2htu>CB`8E`YE?mr,-F1O+u(TdZo\<jmeVKe$370(*nJ1B7q#s^l7p,`d^$`!L8dt.c@A,!L;/n
'm1Y"W>lX\</q5A=T8@+GWQX8;8Uc%jcs]N<Pr<]f1K<gl/TLacQ;V8kt.ukiq5qPiYN/&RW[eI
`kq&1'sR2'g?ZpE2mMJ2B.2"P]NW\^!+pR>gJ(#cf)!DKhX\tcg'c(c]1M"m[C`fVNFoW1[^gs\
)iJKf>pY)I?/_52=,Ga(2/9nMa8QBLrr<4qq"api"RY_sLZ#o]C;(qf\bd[f)MPl>MZ+0%=0cS0
YCS6B-3EMP56W\t)9_f!<n!@+0.qVZ/n+6^Mdonkc)-?"cYK`=J#$/_?]*_O^,Z$Kn5%$\KjH4W
4DXHPi\-'DcPCai`>UkY>7G(1eZIE^eoVB7HY\GZHY`RDmPo.W]g<+?2c-um]sO@Fqu_nf,;\9E
<B+H!*+!!/E`bHDPU-ZZ>ZKlT[5R1:pmB%"3_jaLj6omH;+@H2lC:#U\1Squ.8`ip.Z."6KW-7H
do+RmV_jR;7D0Db@jN]S#WEfC7&#Phim4A,.&)5!.&)5!69k[FJ.q7sQE\"tiXIETSfQEF:Tds)
Sr;R`,?*4%Haa!OY*YncghM.p_rQO+'qMGoG7ZI=,\&!njO@Y.PaY/iG2%130!2f"'58fJZ:VL]
aXp_GL[_qU!!bdgh:eL>?]KRLrIk(ZX\0adIL+]lh[k5k_ddXS^PMkBGah>BrXdF6%k:)0k0r;@
K!cP7@4g8g*[L9LRc5K;iTiKJr_olJ^,u7$f=u!+NSbPd4F!HC-eH'er(?LW`/F>OMg6i4h1#6&
e#['*$ZDkU2]@./CDu.T['>2s$F,+DVSB]%?R)>`\IMi.dYqZe2BEAD.&Hh-D,dNElSlJelcNr^
c+)2]3be0%.=X,9H(@Xd1ra%j2WIuBPo.:3GDCsa6CM+2>&fT\XIS).f//tF2hJ[Wir9"84u)Q9
_p=+p)V0:Kj0'Efg2D]C+lP'afh&..^*E.XZ#I.?As&om7>@E%mWSXIGcgAl=g%2U\$NQR\;U52
rJeSMeSbgiiCtQ9J%&4n:DQ0QofG^J/q+?/#LkSY)b0=tbnO'YQf8O4qS&5uC*"eR/X`3f;f<"W
)?u0)`,?E\X6UP\4[rdArr@[PIq&?i`-UUdDqh>4ROhWrf7NZcp_WEhCWI`d/LOf9d;8KZMd@s=
1'5hfbG&c9)=U\!I1Pculuaru=t9W'+<T>d!"9D0rdR[qMYq8.h\#HR%Vo.$pjWqG9*H/&0ZR'f
Q6N1QUa&aqkZ!dXlm^oR-q:<&W7H+iV*9,jRoM[@i6DkL@W40q>h4te?6RGL0[k&ATggeV<GKB'
514R"))t)[do?-Rj!d]CIl;a>rr@[V5N&(r,4O^MLOqD`!88gZVhkk`Y++Ed5Dh/idKjas5$[rV
LO<gprC9Z5D8G@MCKlcB8Jd3O+?qjb7).ZW+7Mo6O2(0XhhZSZO7<_Fa5RWH0-"9T_=5(sDhdo=
XZJl>/ClP`h9Uh'8Y]P:I5ce+HXiu5ro689:t0Uc=&)?[:CZUcV6->g%[[0m<Uh1/'MnEjnAjq4
q]G`MrLS0/)d2iP'mNXN;ttL9:E1rNKmkOsC'jR*LL):3SlB=0P0:e0p6L#W6IEo%T^"SXPp?6n
rcm>]GXo^o+Nnh21c)5Q^1W\i.oW4%=NPo)phFl5K>h9baZ@RD0C:&T;jAi:;hlVJ8el(;g%PX2
=Nh4gA_9UW/:B!gSfV!Vm-3)k("F50UM=XG[j%cFV[5?+RSct9^WEDS1Oo[$-Nb56WBR-P-^&a#
daXIb?<L'DAZ4>)A#S&8>Zg8L14lgbC,T!^CO]n<4GbWX+eI7M^bCou"9K$&?e/SFVQ91NILq!J
hsb>aD>4qEAY8h%?Oj:F;LdY+V?$9:TH2:+9`G+/`a?4KWV]Kjf@l#HfAPJ&BD<SG->M03(7*+k
FrGR_IQBWr[.oF9S((+Xhu"X5.ss;Fn<_C*5'nq$?.q8DIDG`DrXI]Yf4Xt>J&+4]i2L'*Y?CrK
_;/!"LfX%NJ76(?4?)aVpAY+[e(I:nNh`_sVcb4-o/4<'oKUD\UT8/+rhZT=K>]^Tl<YY(#,S86
hB:=N?)>*]FmX)?I90V%-^Df!-GJ"_mdB1[-(7DnM<;Q"a>+*)Y7e@_LbTUnelboPKY[1)d`(4O
]JIK,NW0"?jU<tG-0:)+pnJV=pGL3.6\Dmu.]#'?NJ8do-I5a[L,,d,:&b3:V.SlfkU!QKVpjA7
@fHGdP[EoM?]8@];bn!?r[F%;PMm>EfAM'eq\R8E(8oS^<Rn`LiY\Au]=IDQ_YkPCi3:cp8SMg[
CNJJEG>jb$GJXntfra<R`ijFnLu4<*5)lT;P?H:\25&]n]m%E+ereq)$IAjolW`l`V/)jip=i(g
-e,>:@:^FDF,Ktt>^tDtp1s/)m">0lr#>U)r!R:U#)huW_&>h!Y-0G(,PZo0`Y!XZ0,@m!_p,1U
Zc/87c\Q]]A-JFf:j$'K`u6=DM;2ZuiB4.M9.k1DCRWbT:CUKHNC`"V@H1)AE@RL.TfU<HUJ?JW
7TAh:e<FP2\Rit#Hojh]a&]0u;O.Oi)KMlR12qC$eT1@_>b]`C9r`=`;8PqKN+/7=k)\Z^_QW_n
L].TWnCKq7dWKK]lLX$/Wt]664tQKBnIrs7,1^\f$p:h0\h:PPT*\UVN&MT\T+0F?+5MbTk<;c?
97OdcJ+-3ON'8'-@/)b@:DEfOhELf^^Y#,,piYT"')7s6&aDUO_7W;-n&LmR];02q??j#gd-pl_
W\S)NR_?@d-i+IsocKQr/*]>R?d2RFf8HV;<\?L+S@ZjjrrB^U0bnB1RXDHZ<N/);l0+>-.Sc16
mj5>*A=j@m1SX(qUG#U%H%!mg.WlPrXU)qRBDqVT;nfor5KN$]ci&k&2#b?6+1tVN4FD5!/KjR9
Kb_&$iU7FnVW)M#HpdBuW?o]#5!&1Ujj\9T:SR-OddGQGcKu9Dco&uU=$Y<29C4n!?^4boQ'IV;
=;>CT)-L&VAS!tZZBD;b&B[V,5pF(X:\Ztdp1hu;GP`D.48l$-1t[SC^LtlM3[TE-X$mG+H2\\/
?au073kh#-E3&.pDe%h+Hk3:1a"&uIP!5aP$J4lp^VJr\=`?;498^6'$(=kQ.H;X6QooI>X&E-5
5;,.`VV@&F;OndoL&V-sm9MR0U!3N:#i^6'3?E*G"\qs]*`7Y:$Rr^6fN#V[2e@85W>_#3^=n1.
8]dh-LjmC:n5djRa8Z,B(]CNo/P!c=O8D9CaBf;En%bOuGa@LWBf4YK"8m;V\+k=>9>ug8o:)_%
Nr[.Gia3,7H3%P`!b`Bo&j>(@BDst;7#j*a4R>I(9uOAS70oBMP$,5E\VVVm=Ro11Sf%6ZiZAL%
8)gFu1s<ESnG`L-h[fKX6h+H:pCQ0l"F0f0pk@\-Q]4b\RnhNk=Tg;6q/L-cRndM5E2/L*W35KF
LTl%>-U+YcV[@Fh1N2Y"5paVZ@5-)o.kMG[NHk<LTTY9o@Q>Wq7lG(Ni\NVU>q5H1SmR%N9?H([
9"e9*H-,$2)P#mVjXO>XJK[<g5QDEg2uiuB8aHH!-a3a*p,E!O"Hi]aK6;VTr+#L:nE]eArO8uC
?a#NK3Y%S<T82;)r%G51pa8V\qus4>QeiV2INs*(7qb"`X)!/5dU]i=+RnNEWTY7<Kqr).6)i]*
g8rnLqLA%O1h(-1Ko$0o1;_"Zn6&V`@__:6@TP__?g0$>!!I-<!.qM*bMT]Dm,.:si.e5kmgK%N
rM=rZr&4%W_`nf^,k5cSA`;t4(#4$Q6.:33BB%6l(E0+#[XL!Yr'tCt>AA)QB_,$'phK5DbqE,G
UP@LS:ql`Y'ltEAbAnL9G^\SM``T311WEgt-],_!UIi%6<.]6HoVtp>XsTbdWOPm(lG>EIT=r%m
9V3,i</,.d<0V'oK>Z\P<,5NU8nl:>6ENeri1ho9,q7$#:'ntr=8iIqrr<1g>?/!OYtr8I$D9[8
pk.R:RXn9iQdm1u-W-$n3m.1K+Zu(:2=gbI`ZOt6F8cK.nJ^!Jp`%*-(4HANZGe3Dn%K`g<q-[-
VqTEdmb2"XHr9nDK_nHRJQi<9LtTD=_VE.&CArj<WArr[:)FO]36i%Np\t6Z;lf_kLD]Pf)PX3(
M)2ObmqS8V0!l_qkuOi_Ph1%;8Ns*ONiruS<M8;L.*HmC=CCXjjM/SnFQ5@W`_!=nkMhj+&kDp-
&:`W(hB`&s/g:#7&&rGoj'2F3?OG]IGV&VG`82K_]El52P>TeV6OgK7Xm$b"\!LDO[?B-<dT]J'
f$81u9suVj5Cd,1G(9F[O6h;p!+\=RO8c4V%bLGT?c'#E*M<?3-R8L1J(YA-U]1=p'>q6P*ZX=p
r9qR_*bUnmqT_#3KuU.C]q$WXrkg.`L8Op?(fR7HWDS7pOG]9dP?cOQr6H2;E4Klm@PCn6?H3LI
[N3hpcT1Rn>fN%3qt26qbMT9G\YRq[=0b?eF%n+jaTEc]^rXS>i:R5P.Sj:^"u9oCXe9og>k*!P
TQj,HqL"aHM>UGXkh[-FerpHI9r`Gn`-RuWMkTC?WWM;Noip`D5ZAB1G3j3UeSV+OP>R33\OiV7
V5nIH&kc9^M/%JZPAMS7D5<=rD7pQRC>4([oHX>A_>aK<_>U(Bi2+1$F[$7].:#0S^CC)Y22V+'
nZToTGIKaJn5<U_f+rZbT4):(pO4dceuNJDF/=+S::mf6XS-D#+P$*9.U-,H^[((AYP]<hrr<2r
nAg<#m/A5S\+YROZ/Ufe/uR\X^*6_X51=,T.u0H`nBZ^Y4*^DpIFr5+^X`#!j2-XkB04e]@t.lN
f_`K,YeTP(n=TDqn7B"sc/B*5hXAL6,.E7=j2X@top?l7nc&TKFU<^u95uktY6j7<`;AFenGSZ4
U;Fdj9t$$Fbcg+,/b)V$bk!AR1/,R!=-V(4.X4C8I`E%WKI#Q^=H#R=\ok.$)A&Df;M0WBB2ULc
5M`Ud#g2X=3`=1@['A9[OGrM:le573.4$?2PpY<K;L[r4.*?UoP`q%G@3=LHp@A4`K3PFi1Z47:
i\0X-nK5bW-1M1jAM0`B^e]n-L6&BBpoY!LjHerOiVrnrM]30;RpQ^^Y2(TpnXc:s@B<.'c+HuN
bfM-Fa$or]TqprlL6JZ??YMR8PCIqUC>)F^BlU'9RT?Dbh+M7WBptWcG8s\-)NLA:DfK?<@s&Je
2Ks+7D*2M`:8@cU)++H2a<6--4\+Q4!8$K>J"IPT*8gW6koTs+!,QQXrm?0&dGiTe-2UhiDd(](
<<\m)_.9/VINHb1C&Tg9Osj=.3W*OKSS,g2+hfK1\%:t!M"O=JPMY(TqgT!$6Ho%;_=7/FLj7(m
W7A#9j(^!_&Ll\slINi(P[bG28q^q[V-7Zg`R:^lb,VF:fmMBjn=C-mK`9QG.=GNn3fo(P%0n7P
7]_h'f;+mRSZ9gHk6V(SWQ%e3EM#Je?!l1or#3]SChd8ppo!XDp(6bKY:SNGpkP[1rr<s$$sR#[
nh-'bcOE<Y+2mUWBp"q]E-S_+VTZseCnsE6UYu^p?R1,8eZPJC!0QRCn+HeWeTLaMrnJU$J&[Cn
WGLt7&b4o?j(m(3.mdk;O,:9SHkk[78KC>c7G!4*9<CQ2S?CGd.0C=]Y8Cg"oDT]RZJ!&hV+`1=
fLFEH1"^0NpdmpC(@+:Dk1,rt;PYDH2P7m+raS'o35B#K-Q#=c.G*0C@B2suY,&LLV^Y4ekbf7j
Gbb/err@\6FS3?I!.n#ECq=JVBg+]T"f[ht'IWfb572,`M]N'tTs/U$==D96+6=mD')qraI"-"j
gETJ@I"11'9+T]gi4cB8[Io<5^+3mnQ-YNh:Scck;D%nKK74Eec_bK=BlRoL>hJ>U2q5JXVd@5@
k>#;\goE[92Y`KPh@oG!QO\r60+@&./(-"lD&Z]39(=6jA$,"cCL.n/D=t(CC<L+d6$$i?V4m35
<a*M*H=8VoqPBa[UM01'>Ji"?0NDGs4Ck$Z!!#S9P&LXOPK-o/O6-oonJ=%@NZG*^jYSAQ'jEE2
@jRMo9#%X/>)!ZSC!aahHRDiL_od#!?e\N@RZF[khI!\Q]Hr0TZ[-n_5,ChJV1bV!NY7oIqao8;
?DF&pWUo[?eVmHVq`3Lb\qtd;q9\mOrr<8BJ&+.Z)Hk_9nQ%l4hm?aH,E32.GN41/)NTJ41N@B0
(MbZ1Hn7Gq2V,#s$O3B0CNBY@?LC9%lg,Gf!.kg_!5TtQfBdAO'RVeMm+LO?iZF#]hr>R"p7,GL
>slj)k5D4%#Njj6C\>3K031sC,)sLtn5_cp=+Q4g4tO\'FfTL/FjAh19/4Col,E,Z;8^n[7[in%
32P"DV&g]!W'O@[P\&XL>4jS6CJD#$<36JVQ^a5/I8At*p;[+4K3gcR:ET@)?.T#UA$6MiYP*G?
Tl"XdFeEtd`Ek"FINn\2f<4.jh@1]2:D-7!pufM6?:l!hFmT^X)OrijEH=@!F]d[;+8B4<Sab+K
?Nts(GiRa1`;]fI?MI%M-c:EIlJ<$@T8'`U)r53,+OP'9[I'r^#((./BDpZCSZ,da/WQm/>hNk8
'2<%`"HWQ%Kp7N-htP%g!/L@i=8D%Z!5[%>#rHQ#rrBl'HmA.`8$tumIQ7>Q4qR6KM%"?Z7H]PU
$fXA`Hp>-UO9JJPcf'jF_D]icK$KYnDe$dO@.9YG1RuWGWPePO19P+^XqIl^"c1+?g>])4_fAAG
)<)t>b1*Ffp631(<1G=..M>UKOno"W*UqWcKYYJ_bOG/nPG__$Yr$-j:5);_DPK2>?KF2aU5Wq`
68FM\jI;$>o76,/XH'=El;c5d<RH@u7L,s)P,p\Z,T[DEVD%iY&,)[Hrr?c:pa2WLqk"U<<uT,=
IL"bG^U)7D[4Af,`V,t>%G&A.'7Y,KR@`R,iO6)Njghmc]U+tnpJ\]:Nkg.4jaURnn8=$K0,O!H
q[@tj<;n%Uf.f1Mn,h4ZT,b6*54"JOFfX;F,k8"-[?@[X%BJdo!"\]B4brR?Yl[]9p:`+i+5356
btalp0*Rd*e&'dbmTA7<1=o)\e8!/E:!%55:7Gt-X*j(2A,`<r36lCu0c2HFXM2i;*g=SnNH^%p
o1ARQRU6`CbJ3Oe-i=Z3<rJcm!,<I6fb;/)m).bBm('2TQ]!GsDHp:gkMuBEG^N/`C'pP9?.sZY
Z+YVhkZ7:+M.P[LHuXIkmj3n.r7TY]Z*%l6.+U8:'R65KI94AD-IoM"&bqPh\rii"e@\/Phq[N9
k+QcFP4D=qX'XXg8F/o"0fc?#qeUm2_f5<FJBBR.MPl*#(f[ILB8FJtF(0,FlK;K[SO\%tV\gpR
&PM8m>fO3hQt!>ngN1;5PbT#^WD['i.P^.^:7@+VX`g5*jX/jQKtK"sD]JPA_qkai=,42e(APqh
]$?r,h[=[5_jYGnZ/Q9+C\kHU>%sE`NMTcJ/_0iqIraia]sJ&JM.^lL1!;%r?/Mn_r#32KGb;mB
2i[h;DSM-6kCKi0879)KJc>]Q+$mHhoLNRZilf>+'fF/dImm(D5P96SB7i<,Iq*%5.0kcLfh5D@
J&/9pYV1dPKtM'u!!NT%MkRt:ib_b%nHZq7g#Ql`_F<tWL\*D$Qgm/s%[\SsPr4%(lZ,eZ*A^ZG
f&KQR4?_\NG[*\s40X4?!!!i<*PX5!QXS6_**;-K,P[gt@'_sb6,U+jKNK[M/:M(G6DbrORjV,D
L34_#d"WRUB3)$aY3X)IV^cY`buaOt&E(2B,6pk!c07:X&A=qW#q8J'UIP7EC<@#AW@Flgdt=!n
<2CBjc;V)7SbN-aK44c[i0[5H/I%L;5paTH^Y5aYhcr,%YQpV*P=L$GIRa9g9b<%)#_Mu^nA">o
rr<7oHonrIm6B9Bp71Z%K04A/;Eob^5%o7DM_o5J4C,nZKsVm_n1L9jST@Amfa2/sT(Bh5,Y9;(
'+!&>5HpT:@MKAt#D-t#(TT9#_M(fgZ/B+Lq1]R$?8]RL<FNg*qTUkQ4C$p*V'VteVi$11`AF]A
E_8:b,o:0AXaUoAb4+JX;h_.'<$Li'NKo^jUF8-+b=V:Qp6/Z%`i&_Sp\T5BGY:I"IK'9Mk4hlV
8Z,a-hB(%X,_"*\Bt":,,k,ragKT%Vpg82QF=Ck)?g*h_3:SkZLd':ckhZiYIG/kFG6HgBpXG@P
P'J=EUn6Y=8a^B[^YA5NJ\M)^rr?nCg3;T-h;m1RIQ[DCit(oRbjq0]VguE5W'>o`+4s!"i'D/:
cOX]?'l]aSb90VlD#B#Y!1#]G!a1RQ;9<>7UEo^Dri4o#L7\tFk$+0ARZ8]@L+=sK^&#9o-5!56
Pi]R63AlShhS.!h./fA!hBL2,RqDH>;j3Im;H,?4kmT-ZiC-1Wk=O3mg!luZZtT?/rX&Q'!!N2o
li-qg)#2u1_;Bk\elkP4U=n::rr<^]-[:O*mS=(81%:_-9kb*:X0%eMk?$7mMjUXu]HuMW5%o'l
&`6f!3P!U\>q]C4[,:9jp3HZ<K5?%qRbnC`4_&F#6bsfrrMD\d/Kl%AMS:M6e&7\-O)]U_H1L1u
!Up;qiNEaU((C!sp35ub/(gUY/iA!t#FSnhrr<0'rKHkLfpD[Ea7+.VRn&@^i\0[<VVD*s*t^A%
@#[#O`UUXOS)Ndp,l7`3Vtb&daRJl)V4<QTK2K>5mpT1^;RpL+D0!@co+h3'!6>'`kBPeF)j]R\
L*nRqo)(p],\;P/4?\('=qYqX@OgAO37de%W>V]mTfCNp.MA6t;9DDogag5ZDAt4G@l"N>*+h,G
8f3C99fU\"LP8j0e"mC/';hZE34b<<ANski(s,&hINElCrr@[q5N%h,!#,8jGGJn:!:TmpCN@<B
fm(QqrrBtJ)e`EhSMME#c2E^_*G`Um&(K/X_mR4\iQJa.!2Gb]3e%e"n5Oo4-(i0V!;Im2`I/uK
hC$j?i\/-?Li99;n;H<9QBlW[p##,0*87<DHsNNnpMb@ua8-OHp@jns2YV:W3rYBmf6fe:MB,no
d=9ZP,Lh0O^FDJ+[6LuMOo&%+_)MAoBho(3VcqsPX5VreofnId%PHgJf3278rXd`<ppLC2?je6k
mtYb-8)YD[1ZrJd+hY;<GDpS32i,$4>Ff/@\Y`qrbd+<n-B8lU%"9Ct.X5lM37<O2KmN<\>$f'D
;lN>afi4cF(Ct6Hl9g"Ii>f0CQXX`<Y]MRDlno]HW6YiD'I-W,Mk$`rV+F,ip9BO7-KEDY\@!qa
GY@tFlh_+j!/"GS!,cXO_o4hQ^L08HCK"L%HG5rOr+l'5Qa=&S9%ES0m8r<)Jb6bCm'_5RXkoW=
$VmpcUOq5sZ16*8Tp&?8O5n);&m41[1RR8lOu>PCNhMTMi(?<5C[</<-hkYs^Y,+MhYi_R3*Y66
AS9q^NSXh7&kNM/'0h(r=fY!LIiV\5i.9ropcl^Ng.E=GiE:rW#l]eC/<Z>2E8GArc3dQ_L8g!F
[_:sNr%o^($Ri^Kbu-$N7^[>QeV;Lcr.g&K.HNS0#8j>u9ics!8l!N2C=5q[UpbZUIaT\/W^7?T
.BiEMU8*Y7!RJn\N:e>c!2!.Y%WZW\k+o3>j8)k+U5Aq!U5Aq$i@jsTpPgeS*rc5V4+D+^(Kj:;
^!co\AabUUg!$u;%G%N:?!g$PBZM<Q,*u2/N/g7R_&[=ZgAL::!.q]D[ltr7!.ne]h)],91Yb4]
_sqL3'gX+JQ/S4'>#Tq^$Or&Rhs>u%Y!j1'43?GZhTf9,?Q,9cP$#:F=2(!^CuW[/UR,KP$`PZm
.E:-6.MWq?kBe<4586EiU4l&P(t']4ZGrRPIK;^5!$pKF4:eEa0RoI3DjYq`,(OVul],cXcd_r!
5LTH.%HR"2TA[KZ,i@t3H"RK'H/mRA.f;]c*E4Oo?hfiEf8QDT=U>$-=NdK(H<n+eaUqaq]EM-H
[T3+9rr<9"psVq,O8KW'p/Hd`FI)++\pqYj!:)?_"PW.T(AP5rCNbFt3EMD?\C9m8pgY>gDE*_Z
m1"ORnU%;2YDHP#qbQV7fh2.pA#lQ_a[J^dqmNqgo[Z=MrJ-U64#h_%?nH/4oib)Hh-7L?G7%l2
($D6$DLh]:#GM!;k+>>2)b<*u<W<'5Qk++AUuK+1ooJZBrr@Y)GV[1qfBr&(C3UgmM'16Z2u?L#
Dme%:NC$,>T6oVcCK[uu1]R\MXn=[6<<+FI!E:HK^-8a,^YklY/$SQir"L+DhXPKK.bna,fBlH*
[C#ga@-KhWS)^VT7#FrO87dp*^#4K."Cf)"YO@FHe9P(qlJL=.])q9TIq\>Y]qtZ&msFAIh#:Kt
ngnrA;n')8]MBi^jS%'a[CUD4ej"AnA+(8\i?.h<+8ckV)eUnMit%0"ZO_U[X)2d\pn(CP*Nl(I
kE0b^6[<M6hDq)a=!GBbE_e'^jS`lf^\2Bi0""LM+^b-]mc*%?dmX/7rr?RMC@%nEb=d7V_7#N=
p'S!O(F0Ou+&Vg,?=lPA/8l9G2WpD>Hi<ouK-4#tS@Yn*h!N?t-\f^+]p;I^qE34`]DM6r*D_7!
AZu"kn]-7\,'["494&E]5OiZHr,L\RX[>mkea..#8)Z%3bJY;6e`N-H*4@o![C3-6g.sW!HPDd4
BcB?X)oV0Bp1O@K1&h6*[W_HAhuUqZ+1(tI_LCZ4oE>0oldt-oL\)%"`L?d]iEluVqNm#N:Z?e4
9^qe34?oTE97O$Y](WOY%\9BYg.d5-e)'A9VP/'LART3Y['qtm`=,Aal4;T5nE^\\.3JL*=7'l)
!/<GPrP.b>>3?_T)9(*uoB\Y4?DJ`%LO$6\17Vc"SOH'7Ie&D[O$=tX9)@2d0#VC%,?8;TF"2-n
U?a?=Yq_0":QsLZ%31PG0/g8PZu#VTrZX)s!.qY/d=(KprZhFC_LMP_;?$V.)#jTP><h>cp]pg!
&cVji5Q:^4/)jq2FpIpZO8b(gp9su$_]@cer`7GH!"QgE!.p@5!7?LLf&-74]PmfMb1cCc!3uG_
rrA]%%K?FE3A:1LO4X0ArdqY8rr<78+6Vb]pLgo5dGOFsDtk`9m:5Wu`d[tP3db-#?]+guq#2id
*u!j]*sTG"G\[6ABHA;E]MYK<T"Ul_2YsSE26O?]l.8+IPjuj@ECk!5@%LA:b0T\D?Z^e8YWq'A
J+R/V[C?,Pmi29,o!XVSFpIpZO8b(gp9su$_]@cer`7XSJ?QiC<>f69bXOmbd%*[1FDt?@]+%A4
AJda6APS4U7FZ:S#e@@eis;OL'lFF[*:k1J<Q<G20m-t0:,Oa?YuR[#V^X#C</d9'PbfZ?m<M:k
g%4t)hr(+9HqaL54p:d?nWho+ItYN^HsQMsnDD01Q)a;ad^6364snak)a:TF+8iL<6u?s-@Mjq'
Be3:)JKZmpp6Y`I^+=`S^Dq\FIa:4t1^f9Ja8Z,L[>D9FVe@H99^t<(o#q%5#lambHnTIp7Puh)
pr?-#oo02RKJN@%9;c&$2-i:?[(#o7i2?JdC]4YuiP1@Z"oLl;q[@r(qIP_CIPLaKfC-*tYC_3\
K%!K"d68^uDcFI#0'@(.-,$FGV52^E2\H]B&4Iki66RTP&&3#.pa3cBXoAA)&+E#kL-K>n"O/<N
Hp8A<?3L&,i<u$c5Oh+V06]FBAC,]mp05&11i''URf<B)Sg(Gj]J$3VMlH?6^.</dq(=&b%fsR.
`_r^8Q=H0A3,D;OA'=2b`7D`T_ptLFiaWg)EL^YM77^IU.Dg.b+]=i#W;A'Yp.`D+XQM4V=qea4
Ya)1`&+ur&BiDt!X%mE+)+mc=>\-M?VbooU16eOkC7Oqr!6R3g<EQ"-$V)C6'4^0^B[1+V-L2Z!
Sn"#maVhoa;?<uc\+Z^!!/"RlCu9rUHB,3+13hut5IB$pj*@K+cui"):P?Iu@(&JpI#EtC?b;rh
p:5/]AgP":]ORYKjKXmaMf%T%,OdAHVsLtk8Uem0T[H&<It9g!ILP$pXUVtaO8KrtBUU!8lJ$BU
po)(pKf,*(&!m&e\U(Oi(s<#MqY[+FpjYGc?;m>$Z'1?^_oB![Mi+q@r#K]gMM8KV<)U;ND#+!X
9:KL19-&Q$iSpE!<sLbs[k8ks4W/@h<,]?AqOdIrrr@Y\rrBl(5@k#Ilol/5e,DM[4=@#+70g`f
MO,d^GJJgX0q0+f-c]k!eFZC7;6V^.2;JI-PlBf9R8o%7]DE:l_:.9P]NqLMrX&P74qgHUP4%mC
D'\o0n;XiJ'DskB=W/]Bmu)W:C'ORU4qt4ek"BcFiS@#E[d]U?23!Tq4K86FJ"P&KIY;_PEQI.#
l,`N&e/lZc=.>e#-OXns.XcLj_pZKJ4(GKLNXm'H^\N->d>EX'/rLH?&I[m^cHNVP1VB_aqS#"m
8hk,[QP1fW0^^IX-rb(`U@#"T3`>tIrl@8*nb7XL./5mAT+HGkpohU73UetcoW)8=_Yu1WY,u9<
G^EfG0,Jc>TquMXFOq:P[^+kV9+7_/W?a7#F%5]'nHo3q#A=&:aiOJ%htBG:./s;4`:3/AZi:"0
pOC"PHscb#rmRGNrK[;-i_->efrOh0nR]1`Cp]0ol/^=m(joud*3!N-rr<m\H"V16Oeqj5>&->-
pu]HLXm@^Doh>h5'-c=IpTe0)8cJbqAt@hdJ*_K-BAe9Y*.u`QnIrgUK8q\t#93i7r-sFq9,5;B
-tV$<[6CpNYCb!g(^sT/-b%"+%OqrG+Ic327WECL"X^qjOnU?@qu$%KUVn,eMoF/#Z)pe6K;4<s
jj!.mI;]WAiq.8f;D4K/RU9e?hLpsNm_;VKi/4-9XSs^L!5VV6!+Ps.%I+M$`KlMR55X>%nApM5
DZ9\Dr"J(nLg"e/@*%=ZCW"k2qcFGtJK05JQW<n^!<3$%&b/;NKYQHIJ$LZoTcuo8Z`AIMn:WG<
$GUKK8&:gR3c:Q,-hui:BV:.i(7%?SpTT-gid'(P_d#Pi2cZQ6k0g-Xl>aUK**Vr.?$W'1jH5,%
S>%kmaXka=);f'E@]:e(IZ6ER,Q0^!c^(!a<#.V',\3,,:Ki0(%T*N"Wdd>-VcWAUrAk\k`.,VR
IKS'lYLkYi5EFY9D-u8jm60D&/T*HK,[+Q8Hjf!7!"\@VLEM\BhHT3L3W^&Qg*53)W#sL%Il8D<
FN91g[(lA`+,%!mAjsH(=7&HGWliHc5a#*o4>lXB`4(n!%Q>pMl%=EeA'Inj%j,<?oVtE@3,R*Y
1X,(&>dqJRR[bmFdF"3S^UnjVI/a0]-qf>:FZWgmF)(^TcPIHdkK]i@4!3Y!;9O)6N,O1J'VA0"
W'J.`.6Wag>RhTkV.G>t0Hd=pJh^/'CWMrk9<3/BYAn>t!]+J([*_!.c&\?/QNahhZlF.Ern(8_
^=QHY\bt@[+7%\@:YJ%l2o2->j%93B5!+-\nAiF2LR,XZn@+6:6/s%'C.Y>fcq1?Q>(-#YYQ?,^
eFe5^ioBD%<f*YW?Y_^9j/&?8@<HW8`da8Wg?\_JZa[9jofii``'47h[JMIWDCo`)0)j3Rl?[<%
U%3IqqnrF6$+r!>B<E1/iN=`74BphD%e`jVIC$h7c+Y\,GsC5_TC>]2LnD/;`*Wmdn#C/,8*op<
:W'mgn41:OL=[(U/T!(e5N0jG5h/%Cpl`Jq[^Wt8nZBcq`S@rOUpBc6_ie`*(=OOg/bN>M;tFq(
IOi9a&S3q*0ZW](.:_nUT=0JZl;!o]"UVnXFK6lhK^h$X`MHe-IohT>W@CnI'l!Z,T(2M<[7OeI
M6&TVReCd@W('mJ9VSX<e)sVg)H(eQI'NCj2Og3VSN-V^Hr9nDK(8j@_,c"7bqiZ)eU#9Rq[$EL
>"?FO"aCR:oqea1&q$'()h/C`Sg\_HfL[^.7rrW'$(//'r2$NF_++G)i1Re.OepXDDBITPq:Obh
pg7A@/>Dtm^72=Z>=LY]7g]9JN*p'YA)I&/fBm_XG^+uC!(6^Q^(>&Y1t/fnW3&0\j5!c(e&&j.
]HM8G6KKeH7H9qQU!f^d*n:.g0+R4SXSAB6@^EtHZn@M#oEk$1rXC[YrrB+R>?lP`rN?,4p_rF"
U6=P.pil5f`W#oN)V(BYSd*cRrHmMJ[.6Uh@n@H#@4\4L3\Y"8f_iY)XqmY[EJoTmg<`F(2%7'M
>Z=[cEHPr&YdLOLSQ\WcUE4ZlVUN*7@;q`BS]00t]\=5t:"m![?!;>\er<#!,.0I0ZW:fRC+WTA
U\WUC!/Bk=\,QHlnpbDXr('VA?i8L,NI4=m_sqg.2Q<S>Ii(?ur($OcXQ\4JkupQYnL)?U-1T9Y
V.l.KS(Y193r]2uqOXU-ARR1N2;GW`d`68"/8&Y?Up9p9;uR4DnD;^eIrBfOH'fQKYM%5e&ao+l
8b$Aa*h/1<C[`kR$JGFZ"Okf6i0[jh^(u)Adf))gIi?YODh]0c`+toR<:Dc#JL8bJVi.a+/T7N,
Vq?6\`6!EBf@V].rn/UJZc;OB!XDP4'p3Kc"D8U34:Xl;_plmX::09*Q;rj[8^jS3cEgNO@&QC@
;blT,>fh#_-IQn%nG`J$jnLjqZRStKKT)nMDKtF]f/2QQ';Z+38N4lEWXkAq]-VOhR_NAt@_WUQ
iG\K:Qi%VQmGqsBnMJ"bLOjY"'dDPSrr<j_?"9h1(BoN<R;[@b+=)RRmu`M*Dm.bWfcN_R=oSJR
8H/\+@N+'*c@b,kpa;DbDDpSCZ-tlmps.=LfE%PDrM5q/73(@g`-Zl&UFa.iVNZqa\5qk\rrD(-
am>XAh6cLQk@Dk2(KncP=^H;fJ(U54GOf+#O3#P/alK$bpSd286PQj=OVD^_(sZ/>/pR3p;H+Ge
RB<V8?bJ907))kLA07jR^:.1tlK=C]X-`_sQf43j_B8P##OG=GM[5IkKD'<[@H(MA5bL<Mj8T)i
_;kOq&6u_BrjqQ&nNHiplq(fT="MSK2>R\f(]OKO3P8XqGj"c*rJUSNV95!*C7hf`^iR%(=]X\.
iNJ$DbP6fP"q1;YQs!W%XVjS/P`#?)^OgO+eZ#'Ne$"7<4O5*1gtrpUQ7Ar7c0*C.r6OY%\hK.O
JW2a<38j;2VersZ#Uip#QIZE4^Y41V[iPSKS%_,^ma=R^lbQp2^+B&jg/TCTG9.^uIH!D!#o&D"
P%umnhni>6%P-?cjr`>j9XrZg@uo?a7^Q)?hQQf4r-QlZ;+B\pS,WJB4tO0s'FmbmNh@f?F,Z,0
T)feT*J/t3aZNlJ1VVYMXT^6N=hC-^>bd%l8iPml$Ec;ER8];Mo=^4U,-W]N(,$g_/(rXhY1YAs
Zk8]HM<("DbXplZR\!X4BVgRV;HVd'!0BfDV&T[ZW@Ggj*3&">"[T&plO*q<*m2mNdB2G;q@W[@
bIY]S,ESj]cKrRYW.;31'@BfGAj(Yk^V?B.h;,4!d/I$L01:97pa?%N!<3%NV0kAoB7t^Upd=(c
J97t$p_UgD#D7CYVB:?G$Z=7\iU71h2OYtN@W&>*B=PK1RVe%k#'nmuR)WZuQXa;cr'Y&p!!R3=
!2BAK+8eY/!/1@Pr1pNLZsWSTfDH==`-OV4iZA^1_r%jc\"N&uD2,BklT/ChIi2SWR^S?Y>/Pcc
l?[U6)KS8i@=Mj."l5`n/C@731igUT*#d<+!/Fs3_+=S+keb)MDu;?H2u`m>D1#=RNt5e^b,,8n
h+&nTNc_R>2`BESS!(CIQ/&RFmsS!.N^&G$@\JY)e.PA'1WT'bUq'H@mE1Sm91s,qp=K41A,cN4
D#XL0qqrRo8,iRBrrDtmXA9K/!5ZM/n5W7#piBg3T87qUp]F@>Hr$JOhAt26:V]2K;#R^kf(Aj!
02f4LU=!"DNQ%14nG/3NFPjW(7=9[d!"QgE!.p@5!7?LLf&-74]PmfMb1])=fH9T\5Pd(;g=uW-
%!R^2!;Thk3CejEP*BoJ*>q;F7S8t?RVCS7d^j/XRb<\\\@JK.-\r[TVO[5^RX-g`eMY*iHaDZj
@RqYs#fbNTME#*NPI<H5@mEWILfFG[jbV%>e5qf+%Ah;<1F2\fo3>M2S2+>8)bU:4j5rp1*I8:4
&4+,SGlIc]YWq'AJ+R/V[C?,Pmi29,o!Y<_rX"#Q!!OTlAP`)/YM.XtNRo9AUO6s#\Oa^ES!0Ao
dOa]2]"W*Jn#uX;@/g6&ET@'!B')>M!KCI\.pr;VQ(R>?q`K,C?\k<T4ph-PRRWTM*IK(+BB(Ee
@S99?M>S$\lV^8UPIS8lXMj2mc:B)0Z.I,?Y_IqmcO9`jhm+V`r-+fL?5<"6L;.>=JY!qQB84&h
@<&.0q?Mh`5DJ#8d^=KB>15*h/p.%j9tn!'de_8J&o29MUl%SNN%=2irY*>h'_0huFPL._Ge?En
\?t8S$Iar=>.S]n8Z%tO=ekh7$RnjZL7H^kSI.-@P%mTeV\^X)m*e\@VQXs5MCXeD.&)S!/'>Re
Hom8GpVCd+IgReH1q37NnB8l0%qfTrjfDcFn=HiB[V*Z("Zh`]p)jsn,LpM218Jk!1'ni7*.uRV
GnkG$:5qkgBtdc8V[ANPo$.kGMtopk9]6nOS0Y9U`__ie)((gJVU+e#][?C:%c1OeG?VG<cW]i*
mH984Rn8m.CL(F:\sl:AXeeJfP$<?(cK5uZJ1C)n4Gp=L[6O.f0A,_irKD`hTq;tjbr84Wcf&g0
0g5!GYD63,5U4aA<q.4(hhp8,Kq_SVMXSI?&8&Z,9p0nnBRVT'jJ>2u"(-r9rTTPYF>KGj!LhuC
SK*(oN[?23q'AoFeYOV"kFktKNCEPU;j:RVBCbJ!Jub5JYuhpdWgHu_.(7[:P[sS>/,boujf''I
1/FnJOFP*H^U@I0Utg?4rIoW+X2ASKCRV(!!$=B3gYL*o6WK\!]+#;1mtNA%N#lh&daLhXc],%`
pbt>/%H?bB@#IaiFoKkkc$ta,_dA6A4SUr,#Jm#I^))$l<:E]%?\c?=e,35(h\G@\XBLpFY3BsC
[C_)_Z<Q,%,]>Q3Tr2595+S`gQWLb!V/::OhV?l-rQbD[rrDP0hsA8N#Jo+ALAq6jSMsdJ!V'Ah
[(!Bmr,L]1$M]7n^BXUAE=?TFCO1)/)7S2pA`.:k>T'\l40<2MVOOJScF+cB^:,MQIL5"pLUj9,
264YU((RK2Q8q96r#QWCX,<U.KHj5lktm*!=/Cb4@laE7cD2uf=\^H:in*HX'?-=g=;lH[B8D9X
VA[N9>X`pY;6*/aE`Ar;?KF2qDGc=k.)JsZ,8TAVTCk9Q,lZU!!4>%E^LIf-;r^sH*THD.87D:7
i6=mc_g61C`[((=O7apHO7<%`2Gh#\gg55d`](IuR^'iBTs^'Op-fbJP=V=:*u.#uipZXg:W'jI
k>h$Ga*i<p*j$D7p:_79;t.EY"ob]R0O2WueGNUGGX''VJ!e.V5,[BJ8>66nPIG9*1]II5Wo*;I
O,UjC;h#Wtg0OE2h[7,2?N=i)lG!in%bbZig:)9pjHfDirrBo_nKV2GNo&+#4u3,_\@Ack/F4s`
nG`K@[-Pp4/K=*Og4lT0C*+V9*ZF5;c=_ltB9qQJbbC)1<6!M0d&D]!>*L;//2eE+Gf$j\Q.#AT
d6lSaMj6lUa[2OoT[3DR/'G.sQ4"Rc`oH>N:r?5KeV/6HW?foo>,=/-EJ5q7ni:d@BgG08.Dt^`
:t2m)CJiT(X_R7,orW",e2<e/rQ/ZcehqfrodsA?R$(*KC,]3Q,bB'14Om%eICM+8p"Dtf,a)=V
Q'+dNP0kT'/W[]:D789Te[N/=g&48;!5Te,$f?E[?gpQ-pahcKN?SS=f<s)%lTQ8p8BeBrGalKU
$EZK8G^@X<:fuLZCE=4s[X]d]d`RFX2>k'R1>G;4l1ZQc3KoC5P+[pm%j:4Ma?5*kYO3M3%5<WN
p^d777-Lp%T,^$8UW2T%P,!CU;"6S%ZEd#sUT4HtX@!&bMZ.;(i2lqYYr8`]#6*BW!#C"r`MLmn
nAE56[J.X9JQdt%-ePg;Kq:-Nmk:baMcn_5B"II9[+_^6[7JdPM6o>``f4BVCu/OD\8s^-*]i>1
+0.7;[4sWLf*<)>p7/Zo!tC6KDnP*9@4%_Oh)NrU\S8L#NcCCbHo&ZcX<W%1To$TeBfF/YNPnl8
\(WU%Yn:j+.6'hC,^t4;0?)Y[_s\Lg0B*4lM&QBoJ:(kc?QEg)4%j?Q%bL@A&nu??rZ=&u!)0kX
[hoTNCB"9?hgh=:]GLH5Hl2Wcn]TnRUDBccYDXG,nE5ip3HGYH:/]-NH=RqP=PYf-<]rfB\XMPN
eLb!Aeln>uh4;DQ4:[#AH`Quirr@X"J&-$jrr?FaDqWV5MRN$[Mn`gDHX+884?]f[<q:#I/bfq;
4`935lW:YuN#Z)IPMs940AZ;>&GTI(@BF3Hh"Udnn@c9,/u>U^\"$bSn:!0MEkE_T/#MXp3CKpi
@:Q--?5!mLqg*?_dWgXJUJ@X8D5U8aZmkTHPra!Ni,0[TjOi2]Ci''9'-=,#>$'dY?B^PM.[Ekr
SE!LdSF("3;j?YQ.7a=LE'=4$1]B4=Hi@[UCVi7;rmUlIZet.5i@@\DIa?mgrZ:uDnC??rG@,4V
5Dcc7@d_3G^_Ze'M]A_!pj5hrS[7RLp6hfC2UD94Mcf&]YB9@P)8r0Al<O<m5Fm9Q<hik0<ci<q
C='(X:,OHNV`Igla_9]qF&AH<SrH;g]-"T4WD9fF;O'dQV_k4WPiiq$EI0[j/]LBSBs^),ht'(m
7L,pm!5=Nhf7j-9rMP-XJ(`:?\a]pFDiNW^4qVL0[dA1cr'9euLO:mt4DHeXYg[_8660!'S\Z@I
Y+93LF"-)s>k)1H8+!#M!!c$ncCYR5[9j:?`Votirr?`9)Q9+Ycf-U;/N&TEhZ\,Te>SE(hTk[2
5DYmlN<jOt9-#Cs>%QEPBY7(Ok.SEoKt)bk.Rp".Q/]&'PI&3=DO(d(WpZ`:[jE.3:Ah8m4I2(f
Sqif&kBU*,#:t$VKc)1Z8"6+_5:B@+buRnh=&A![]VQ@BrDhd%TDRjP!0=Yfl"feWrX!67H2M.H
c2RbH[INGI\ben^G2EinD;dSFg5!^p`Kl@Xl!=bGgV[A)Y-lMM8FVXlCL_-C^5o2GB_ioe2E,j;
gA6Qg52E8GlF2g:ZYTQ]?gqE@pa8T!?)Qn02kLn'^Lsa+qP4mYItp7q,M@;O;1C\6nlt=L4dP5K
LE7^rcXqp^m6"*YWD8p(D&U[O^mBo:4SjbJg6F2mI!d\CD"&<rHj)QuRT+(OF%s%Z.a!\1P?"MM
0M*m0(=FOiH^7X/J>lH^9+*;o%1H8MQ7?jK;Pbh@[$-`fS!rMtE/`lGoY0MU@0#s#f0A85$2A#M
RNA6_Nu.S<6h+N<[>S\(e\!p%>piG"ZlN&i6&BH$*?S:j]@3s#j;^9`2U]U\OApgH`f&gs&&aoJ
VR>CM?VT/EHg&DV>.039CTM6:EA.g,>@6X#gtL'n.8m>`Y+uUp+G3_&%9$'NCp*F_;YJj=e#Y.^
]=l]O)<8!+ZaPQ\c#IrQG0nuJ6P9Ik9/NonM@!omc$]BNK[mWn;DM:\j#G:H/SdpL4'L@9[\p/$
,o;#56;c>-EH,coH8O+:V4%6*J&0%[n4<QZJtK>4KAc4Pqt=Feorl9*LYai^JSXc<ifCr./`m!4
KMTMB.IeIGX6UfCnW/3:B9Hosk)ZRhTk_.tM#8i?+OFr4)k@WA!5mC!>S?<[P(+u>rGI,$aM74D
YCZ]RZp0:m'DiODc@.IpIOOHP')7N)nL*?U`/b8]_lJ#7gL'HIRB5W/'_m+8D\:\r-D0:EgO%b'
;:k_KWG(j.kdk<9G)<!Kl5,nJg9_c*njd'?SfH'=T*aWMce]u.*34Dm@laOt/..rPY7^.dHKO84
m,_1'Q64c$[sPmQIP6^c*;:/QY@=a#;tc+[bOp"7jo+bHamLRTDIj?%21;2j=ea0,[=@/9rBJ63
<Q(2lYD0G:42dRne1P7"gJdV?otIc0gd<2,Up+3.gW^[u]'-9M^St$(3`fX+(&V55K"P"FO["];
AhOqpL.K["&l!;`?4bWI<?7;edpR@`?d-j6+,9b;prW%^iQ&eW$/&%Opm^9HO1ZM&j$L#%)G+gh
0,jVD:@RAVKhtOcNhY,=2Zbr^Q<#.@M#NtF!9!.u*n/$A*.ME>%p0#O4s0`o]R->TD?)WK1k-Hh
>>DXQ%L-@M6\397B2bQ"kCKVg4@6r*<8(C8N>Z=&BZ8/sV)V,6qDS`8Af5]*J#aP`4$R9AA8t?1
l7?LIdckll/oU8Lr=A!Z]o2T/prf^ecG(HM$2f4uid6Y\i5`f4!rP]Cc9.HC+RkGJX>Oin9)sD/
m<ol^7nG+REI:aH*$62ro^jB,4c&_TW;!L'X%Jq/<G5EjSLW.P8us)_Vc#,^+T/&B356efjZ8U%
;AEof`hb]8Ua3F.i?]noH,`E5k)]4"pj(o7$[be?-\K,Xp`EPGf=W!]h[AX31@UmEBYgfnD[lK6
9=<?X9gSoXLR3.\hV1X:Z"7NX?l;KUQ%'!fn3]G8/q8PhAKM3B^TmP#MlQ&#56LQ4l/1F>``T>r
[=n<L#,uemhP9!^*U38Ph.i+#3]`8>`i%dV&a>UJf,b?ho(PW(CnJShVqu)OgJ<>aBQ&GD'g+Kn
ipVW:)86j\qnj4nd9YMmrXejUiBIlf:B[UA7siK:<k+"k$:'b7bYlC<UR!`ZAKSl2=2F^A$g(QM
/gCg3V@2,"i,]1PPd'qa4-f%pCBWT)6Ape<d$%D+;YEkUWQp"@q&^/UF1`MCe8%sB-eZQ+=B@J^
ZmseY>`J>IPEKgS7%@m/?)aem5/p>Jpiuf=K<G4SBh^8!IhY+ZJ([1Te02B5pi3#&S)\_24*u=*
+L9RGEu]W?piiUm7&5`fpj>)uGfNtX,Q^hQYA'=flE6m6r;_>`5X427T<XaL5N$s8+S_)X5E3Du
9ngN7&bm=7a2IgeM)Ccn@?P<+-1U-.U._J"*tGq>DfhrS[\9kZ-FGFtR2:X#/S@mj\$,CEq"sU5
ia;(3nY>)6a5;h:kPQSi&j@c>Re+K>-,59^K#6AIOt0g"7+!RHQ=eTn3T7Xmf1ti0LGZ7eK29lO
b:@b!=dEctr>3='%a6;i_hiFC/Sm$I"%oT/I:A`29,WW*;O%c.8eXfp_pG/VX*(M;.e9JUDJl"`
BC];U`&LlW-'MbQe#eJG:7K4L.B0C3$<)pZ8]iW`eZ2RZ?I&JkP+.ntS2pM)R):1u*QNZI4hCVX
o1uQq5A)Y%e&T515JVd':\K=cm'SY-rrC^[i:`#fh+m7\eBJK.if.lrRN82Q*&87;ZV("8C[hYM
3k(=^QM0#RPU,h[e73+iNl9q]pc;$U-EJWDFg1KPk3X7+MSrE0d"VAHY?IG4B.LS>gAHPV$FlOr
b)@WEVmEF&Q7D?dKdkTR01]!=3PMq^M"oVE+.q`@G+T6A$`\SOplY(3iJ*1E>AHG9^*%YJiT?>F
,)8fs8&kNVd_%5GGk%@N90)ZE\p2O6/0tf8CQ.u.39)6]*gP?)54Q@pnB^)!JA*=SCd<A:nE7h5
&,:^K/^\!CqU^>38#CO#98_f'0"06cl#8q/a:#'^8BM;?%[DI?ZDm29ICHPTZKM"2V^qIgfD@\]
k46%sq)tN:V>[#KIA\a;aiq;tkKA3tTBhj@21Eic$U82uJq"<F!rO#,jfaEO"7YJ>[F"QH=CR7C
2*7a5Iqs:q?+EC*eGN&#I8&I4SfuZ;$f,Q$V<u4LagY_4]@XsXYi#?m$heK:^-34oIhFpNGj@f2
eu-u6Vt%O=bO&?M5D_T5p%O%U2,=a-ZbluHeK\9;a^hlbnHH=r^)ukSUiG['/tm?%-nG#O9SfP"
Ei;m[cA[R:UEuJ`"[u:ObesJ^,iDbn:1ZpLUQ<AmbphXdjsn&7MiKA`@NB_gb+u%YqpL_igpuk&
n'%7q1]!:?;[ZM36<G+&SeKdC@GM/)8Q&DX&Vhuq7Q+M_382V(X@UBHP'[7Yrr<RZo8<PJ2\5[C
n)MucnZVp!ET:C8kW4A8Sr`b2r&4$t_"YFJO@a=P;eZ$RO*kkXX>gmX>0i3QcnC`L(8[b^gV+qa
JGu9-i2bc)?&sNNZ'U$S;t/!(IIWq_^,(5hg7=5cOeV&g)8<EH7tZ7$?ee%X:DWk*eo^/Z1in/@
]=$L\nE/<mj2="8V/HJTh6r*429)=sk?5!(qWEb/m;p6Q.+U6d&GVm:)V1tK58&3n=1N\&>@$b'
]74h#lWVT5G:1^XW9Th:h:;Jjc2P$.i^NrJKcdpO3Pnnr2CcHTAf,i]C,3Y%$'nMl#>VCF??G:5
(83"O)DS'!@nLSdfCm`@$c\WUr56H(q[6S]/=QrL26&.rYDnf-.702q)(K_JQ/_'hce;,ChOh-3
QEk49=7gG2!!H$k0mELaI`*>t>/,XbA.NmeGg#f*pg8=*X#Q6;QLDeA)RT:[ibo.X`u5$(/H-pA
[)c^l,Y92A1LJErIpO5dBhe$QMI3h&Q]Oqf_uB^eQg0RX^<,AqMAF5T!a/=R&RV^N\%R6aiZ9GL
%tl`4D%GZ7X(<-j5P=aYS`R9<IIuZR4thSf_\'g(/3Qefi[NpWoC'e*0#c;+hPAQsKu5R9'N9]r
'1X%Y(_pQoU<!ptj>)Gs_"&<RGm%*:N^:MJI1KgpW1WQ]O4^(%rIt7ODU44_&$0l@Cjm)r8(BI-
N.1r5<Yo%*IfT9$<P6g74?7+)q+\oIcP9*SGW+jBOYg6iQ@jT0,W`?68bmR;:R>S\frbD^R:,0T
L<!`e@VEk?g4`WXE_>(cVVA"H03D24Tdr+0G^.FaC^qs-K<H(0fP7af;-MS9,hFg!?8GWH,d`e>
P0p''$GYNP:YO8fpriOA+5,7DeDNP'5@koNC7Z0(8WlIX[pKKTEN<ig0)0Lj`/NPhp/ZB]Sga),
\fj^<HnfIPY(Grp?i!6qnjWM65A`'4rrB8nm/u=.g(3,5Tknk2/fD#L(O/;KP3@-li_P*t.IF"a
Hk#)FD%E94$hq$8^XDdJAUQq`INYlCp$FmgQHi]-^[sMaMa-.0+0[EcOl>+2/cIDJGMm\aMlTs0
[f-^5DqD@W"Se"t;tAoa0R.BOR]Q3H&FoagpFRlZg5gu2=YHp#7"%]pdI/?-)#jT(]M@BIcN0Qr
F3M)u>8`]<<MteWnC4:8GRRSbc\dH$SM_i_KhBdaC,Pfe.&rlYEfAqI:YIcaMD0:V]+((d0bj-P
llA(El)N3l39"UM>dPeL;e\k".B(^d47folBTnCI0C0E_G`tP"nLfHqG^!/GcdMLR1JlIV-oh1u
L9G/PRsQ%/O@.c.8u*"a#EVDj#%*5E%\_?9[\iTXK&Y3@^H;<j?P[m44ZCM6\4cPie:k)l=6B*:
h7IsX/+`Z3L]7@+`r?%T2SWk)>Nl!7qc<VNf=XIdD^:1tIt\f/pqbu`\^uCA1k19rYJmBo\]>;a
hWX[<&c:mmLGemF$S9OWe`0:U^gjWle<_aL/f)-HMFjj4>#:EBSXXN=DV@V8@PPAD2)dWu.h+h/
:@bSlPrLVO]$<l/Y);u,+6F1*BAo_qn6=n]`;]giSg1\0cX6HCnJB4&%CKtcOci8=4;$Ri:W%!O
>EH1gRiT^CUVep/!`d,[5'0@.j,e/=7:_O1]T*?1rrBj!OndPqn,*rV^j[-q\)T],5O_X%JUS."
:P\rMB+Nbo9\/kbi:0"'VV,`k(\lPMb?3=X"lc(;`3u*UV6+I#?2)95%erCen`H/<eLk1rp=mSX
>hnT<#eu1\rQ15b%l;B_GhGU?i[7OTj!_@+nC`O;:51t@;'s__)];DY)(hI.1;$e/q4BFZI7kN8
_o;5qN7CTb<IS-(>1$?S[GuABg=U]"W3j-6ZUq$Toa:^!Jg:9D3_/R%rr<2TrL3XO%]9KnMZ+H;
.o,jKnJ9,)1NTC;a5I2eVhGgkTKAG3mg@foB>p1>5SIl.rNr5fS:7d%Hi@[UC](^B!8s)kn5QTJ
5O_@=N7s>K/@<%8+8cH?P1jK.`d`[rhSj,QW$[n[8#1Cm_&$15RXUar"2boK2cfXqIaMjn.FBN4
_j]*KAj$r5d6H"tp.G>bJqnfqhmV-kCc24mg#qC>KD\rQgfm,uVssR[e1LSWnOpb90+(?0LPYpM
lVh!^R_jDaAq@+em&tMXW?Z[FbuX\ja#j;$.sQoe)4!RYA$PY[[;0<?lpY/c*u.88W`-dGo6"]!
`Ajd^,t;s?.*AB[?AaE22c3S/5MS4kM(j4X?\ZGIX\PI!L8.Lt=qr<X3r[8O&]@OEJ%Sc*Pc@23
Praq&PZ1m60=A#Irr=kS1gk\0BDcJ8C?%:8J(lD.q/!2IiWmG@L0k8Z8\@^d8)b>:4ra9?h&]4K
GK8Pjd!Qq26Q-$OnmD0Hrr>g&!C/Z`\Kh^e4BL\7V`M/D3cLW]ae]h@/p!5'.)m^EhaEZ@fLg.:
>c0!i0isU8dSX:SDa]l@gX1.*ljnTirrA$+bNo0.O!!nqk?%Amrr@\:^L847Q?o-Xn/gn!rN6&D
6F/slDt**WJafPZoh:L#Xo)5OXG*5DXE#k0J)LOX4Cn%,.[+)/h?j2^i.IZk;LdCjrX)0T+59`6
rr=+C]IB^kh?);X$#.-_^)hM<6lKEeHjccqP>:n8H*"gtUO=HWM0qsqlEb2NCMI&!Lil;C7^@km
h*4E;/SKU1Y68hd)^NFC#!4K0?^K^%*P\c7%uIIZ31:[fC5rp"gY#?7-L+Wc)K)"-K]ajSplOK/
U:+Wgb-9O.@^1(3>CB]*B[ZT2C0$\.Y8?Q/b=YW/KVp[h.7Pgfr=\/gjIbU('N`DJkYXb_!)Z0!
!)Z0!!Vrer!!Q$q!.o9:'E/>3q_`,<$$E;l*t%p?n?(NeN.)$09"D9TUYqac`FC3lOfGOnqeb5B
r*<c-L\tqb>8EZ53_Nan`YgYI#>'1?!6gApK`.Hj1k*T>(48pI6f[okol#VX&j.U^l$K1?CZejc
\oF"qZLKl-240a-5K/'_ee(*nUNi+qP'[SX>KW>el4De(g]%8X4aa7+<rU%PZMsplZf$N+&+)%>
K>RWg'/Z1'F"`=A>Ni4H^DQ`0p?FFRRZE(`CSK.QpnP_#N8@g'N@.]7[(e<6*iE_#!goJM%KZ)A
&]..CFukUfG"G`0Wi=F2I^Oa-2SGq\.]Fi5V)jq)X+d).`ROkR3jbe7b.#?0<sR1"Xc((rL)Vn$
'HH8-Z,FLD$nLnH.*`buZsu"hmRe+LK;\]=<*/e^nZ2Wu1AFkMl8SR+m.L6Zq"qib1<@mHGZWnN
J94SDf%-kUQs7PhT+,R#%s=1m,!ndGrgTonZ=(jq1lBNW!&%H(_54mg,h*Sm;teH16#3<BJ3DJU
n:/K&\ql8/Gq?,2B45Q'!W30"-?q2(:[\u[;W(aNPt.CF%bHss7L(Z-=MNs4(eTmSQX=AdOmONi
q0cQTibDD2=a.8TZCNOA&]._JFQHga9(2/e0&*5-r03@>!QjsS:47n=oWQ_.pa/N/')1FAr"Q3k
op:Fr-Xj%M8)R0tF_akES)^=<::_6q1o,5ZpVU;N\=Ef$M7tD'p:7WY]K9`sa.c.F+,E$Yef$u_
a*mnoIa(+HCJX;4n@qu-nIP!rnLrm7m5of+1cGNR[h2ek-2;+s,(.WNWM0)^rr>mcQEb0M!#o.G
+%9a^(tj+E1euGjkkDlb%t5Mr([s&8i(o*a&Fc%(?\c?+e!A<Jn@+)CI5Ab^(\%EhCRO<h9fGh!
f##iXX"D<G_DRL%)I&]1AXVCRnU+9q/mh6\<scajXc(3KMhEl;70uf-iOP5eXUI@'X5YX"?:`YD
7[,:D3@aPsV(\Ubr&hsD]IW/cVaCti8lELRW2`n#b@eptXZ#EAVY64M;P`Ch.&TeI2?$Gp\*q5l
"8jGC\GlPEDhVO-1i%">r&sghnaFN4!Us]TBdD/3l!>G#NhDgMNLJ15,hEhG.'\q>bGjTKY4&6u
\s82t^jM,JfDA3g8;lLUm32?nr*=nM2W*MLa$5KR5I6]"ml+#3?c3HdlT/:?Z>q5>0'sVj_,:R!
(#kMU:1"@8o)&qXnso$p_-q'/PiUpd<eUm#X!u0!jXEnqb"]>!D7d.GS6W&>(Q+b/UInXGd\dqX
U8c;2S.njm,bi^Y,a-P*+5BBa)H%+D.)4L_Z1=NIIh*57`37&-gcBW"cdojEJ)I@ln4]I0TC>bY
!.ZH4\t.rDK>'-d##.b/?NRqj:MD,tpfk\gG0raWG^IAk>:I884s,%#.n`#i`L;4[CV*/T1p7SW
ED<Lt(3]:u<e%raILWg8rr?Nsg&oAo8$X3TrmVjHRqD"@B".8:_X@J,bj56"NrK)[]SC_X7$1%_
haYZZ2.+HFF.-RDmh)mRcRl=O4td)"_n%_!B&cdD$OoS$AJUeK#rp4q>#S=Q8ogI`Od%.;rr@B(
X;).V#j(hDALQ*&Lr.YA.EcElVBW-58hFfr7e)ur(8V<cat613^W66FM>`pX2ZChU(&UGg9D3r+
#-[Obi\-&IF$>qi.%a8coY39C[.-A62:r`B2oWKCeM\:ecOoBhcY#"sDfdP<-uSB'r'RT9Y%R-'
q\O_*hmU:M:W&gY=5bfe^*VuD`o_[Rrr+@RmhY[_;7_QOqS.W0AYdLZi_Knr?S$%Fg-2?M"n77+
2*5U>?1:)L\bf&"!5YS"hf%"%T@j/Dp7AXH9q#eXZ1r\C7-HQbc!q:gij?2iU[\9-jh!cRP8if%
%ck-"<,8$kG%Qhb`P[-Yj;Epq<--gTf_#stPoVonZKfn1-TY7A7]gJfPJ!GK6oc]s8*`$=VrtV2
LY8O;V!;N7bV60U&Eea0>r]<hB*l(7Y:\1$V(QK8^LI_6j-N9d[;QQ?EU-pOeb*hjlVVNioq)b0
\qYj=8%7pQe[0[m/O_St!"RbG[f[JN?b?96rr?b[qZE[%IaUHf/`rEs7WeO"NaEN5ZLYfb,<!tp
\Y:O[D;%sg?3nN!Xa&1k%F"hPK!>#Fk2IsKi0V@MLj"k?<7H:#n\a>XOPD63Clqlqf(ZuVU8rfH
/@I:;a9?d-??Ko\!!E`1!.q[dg^A6&OYodP>A9Q'ijZ`394e,'Br?H;"Do3[Y'g>S\pRAkfTdA\
chMOa.U99[RH<5n>GZ)BPi2J.Md;C3rl*k8/\u"D]IrkR_;b9$p>-M=,eWQmq#bt,`i"53WN"\.
lC+NE[(<-6F$?G"aMd/HRZ6s+(Xa)e?K$b/C+noKPPn4*69boDi7U?i.G'Q_@>i-+*s"P7=>L&!
HfH3+?gs<9_&ij)H;DFs%X>*.,m-5<D-GIm^/g[WL9K;afjk!j=8e]&$[JUoO7ojRfAf)Vp\*KW
\Y%j\!.a_;4qW0$QJsnl94b/=Y\KWa`(pqH3Wb6k]KtKU!&u\G_6\/@Q'qE4_3nRejda];e;EuS
q-&%.PIK5!8mgqHo(KS^;=iH._/OT1A#>F4lJ\Jp]iQ-')DJk4PU_.]>Mn542nk'<J&+?s<'29&
!!^C@eCs1],EgsChsJ=Z/;i6'ENSLek(=9d*/Qf6;&<[:[h&fJN;iki`Y9#P)&8nR,A>n#UFM88
>o4;bJW)9-*-ACWOnd&q!rNK%Mu+1c6N)T:*pD1)Zff0>*;C`D_%sK:#db$G9RdIRhJ.3p[GChQ
VV^"]Bt*qnV0QXe>.`<p]"Z`6meZ5BrUgK9ir9!+rr<nNi7"=P$V.b>\bHR0<r=?8on'5;D5M\_
n6_(P)=&m(Xg;d!':[u>O$(1pkFFD'M9%5WLg`fhn0]:H`=-)eic?)`p/PqtLbUoU)O;k<GpS0D
#^[jr&OMaV4=WfuW2-=h.9buG]:W$?r%4I=Tp!j?iLW*%>Er%$eX[VCe+V;IVVt.CiDrfi7AgF7
bpT4_YkUHB+2gC!N[4CJnI*D:!H<5bi*RIKX21jKY"EqO=46+V4QVZpf%5mF2#M"]P@cZ?Lu0'K
/pot6J-5[-a'TMXGN0,hJ^?<Ei]duh<\=Vbp?dg/FZ'$sinsMi/,fmpiL-T<2rL=G^E2.H86aCC
Huo(/kr8frnQP_1n%i)`2D_d76mFZRMXu`jp`O5I'tWu#D&;n6eEtnm;a'TgItAHECX*;FbBufk
fK,<eF,Z3YV1,<`.,as-=G=[539i(q=lt!OC<(103mjoCY?NmT4sB""6NlVcY;]=)3(F43E0e24
9u9O%W;M!B<)BNnMP)H!J?#WE$EBa&<DgP3!!1FR7V,#$G#Uk1GB[Ud6rB7oFs0]s%(!KE;9KM$
qD.h5rr<8>J&+X&H$^)"/Bq8S+2FElH@<*Z?1Im^`,0rO9*$3BcorN7f:#^plFA>Ya,G-(R=J>J
6'e_<VtM#.!/#:k!+PEM:Kl.p,(*Y*eGfMa+,_$``P/+Chu$'n[-]7"?\^LCGD^`q90i8HB5snb
\s;rab3%:Pa*Q'j>1rhS],OBNaHBNlZ_%pk5:E?e:GRZ?M,A`J$^L_l[.DJ8Q76#C:)CArSU!p[
\C-jOYLC\)-\sMKMOk;[)D/+<f\bKTX/js/\;<i0BmV]QeYP63kN1=n)jC:%"I8M94uCXd!8sQC
ZsSLTHo%O2RVggYbFT%1*K6;Q`k/3cee@;WT,Y1D-MB:+e$M2"%eB?fpgjp$&RK6S3jntfNFRk'
:U'?-k,%2^n9/IQqac1VTF:kj45u%rF;Xe.iSFcc%b:O-,\n5(WY?ks$8;G[!#,nC!!!#W-jhZ$
!W4Ku_:ehgno?t"p\g3R!/a#;Yrk*TPON2tj1);3$l3W=;5\dg@m^WYVVJ.Z0XU<dVbVmjdW9fb
SP$:.MlBmV8Z9KY0TY#Z*_hC1\1\GF_`'EQi@7p2,a@WHQ7iZE<_7!G,8``R^.NC(H)/oR^QY,_
5P@tQQMr7\fj>Sip^ck/4YH3_?EN-MM&nJBVMhM2I=_tDhY]D'SaVK5n;X<>rrD8OG-g1$>s<*]
6bV"+*?mXM>=eE[Rl`X+]XR^R^Ms2Qi7u*Yr"ZQr-@b5Fq"t'kWhWiAf=cZ"nI@Ug=cm>WQ5btG
0H"Ia)*q5_2)eSGL8e@FS5W0ZEe71\VW3"[oj<sF3,3]ndk8Jfk4VoYDAs*bOn-a`[:iL&MmH#J
12\\@PI8kC+,V!!LTYl/>h49YidDbHnDB)82lg[3%u>TpYA*`77_>=/\kUD7HDZ\'l$'DMH_tPh
D;8#n?Wc,Q*Q>\4b3OY\fRh](1lSlolI+b9b61GcPLZL;JB3/oYs%\cl(e7Y"YBZRJg#Td^[P)L
kP0r\[snL0B]ZIUc9I:P#L[FlQc3ps`3F%-58APdEBT&Kj1B.l"W#Z-b$XA(1=N?.<]7Z;I59YB
3kpmIN.:>5p\Y`WiQeWNDt*Kgpc\0I!'lTdfkXmtpmJ#S4&i_BK,M>k\&B2s/Clak8.sZ[lh\g;
a;@Eq1'&VINt1r[_YMb$S&Jm9A@VV@rF6/$er:#6W3(>A`mj(e<i"jHF&&9:^,e")qt[u1B6e?.
WYfK=NYT\5/4L6^XP@`gX+uHfC3*#&er8j#iMeH%c]h8D$LE?]ThWM76P;eVO&jpPWpW%))*Q59
?a4oir"'P@$K%ji/Xh.1G<1"$Z**b\Mn]C2/0j3bmrCT8cGhT/QAQPT!?k2J5<utr+8@^?p:Be>
V."lN9Di2m;=GsML/`"[7dq\th\^edbmK!L>?bsOnBZXWWMCDcDl2-68JDdZ2!L??JiQ!LB,klF
#*c/ii]O)X9)Q2(D(KgBVOY"I;T)V$p/\'BRTc:p+,4k7<7O$47QN.sgstoc_c'lZXs$]?P4Oh6
l21VX"n?[-U%l7Xc[gQIr#)I.n)@u@2'oKRoLfa*[^NV6<n.%9iZ1aYXaE:j*tI"je9jjI9gHa-
UtA*'m4Hhr[[/*#h>7>)_)QlVrl(M7?)R%O-(^UdaF%QmG_T#J#K/P:P$?]=>4I*'Zsf_So'5Ms
67sDMjI/)i_Hn).AT9>ji@Q]TL3@q8H#l2Mq[.hh2SWg!pa;,SDS.Y"5'Rt4r'den>=7GSMV]qq
Mo6\O]RKRWAVGM!iaZb=[b=0W\<=bH^)sZ.Hn2*e4SrD+m;Fl3^O+T(VhdM]<T9I3YW5s(i::\1
B\.m8e1ir<9foA"MU@*QW7.MbnFT]A/nmAsAaMXO3ZkNoT*W=ZK^h%R:D&sqVWl9hF&BhPSXeo[
aX9u-C=R&UPD]'Q>eKX.r_rgsn5D"8-Z?r\pa6"@m2N5+..KHTWN(=pnI=ocXaC0ESLq4.V>0r'
$ZKX`e*\kh50jb#Hl6]W[Ys1J$(W^.]7LP*>/M\>Y3EE6q;5QFl2+$NbWc0DCO_&Lhnbr=(ZEDi
r[%J,f*l`BV/($@Q^UCECp(31+n3L^B-k!oiGTBD^170CBD@*E^XMj[<0Co1iU(9LhI#=_p9=Ps
K2V[kBpu3*iZHgVj7e=V8)`--k3g:KO6m(:\d+(6aGcOB:"+P=pd7R%FH(YtSZp;s%gM563tQhH
<4\=$n+pr-pplXLn<>VS8R5o<SL?stnWSWt#9;`f<G+@4QdokHgsr*!0Z0krFR$k%<,)8;&9&CL
%:61^-`-L[*D&93%2hTDE67D0W6S96o]#M@-ok;hZtBU&l;.3fd^;566I`-FXUA+Y1`^>Sr]KkE
$W=^dFdkR=J"g]3?,`\9C,^Om\%7N9_':/;6c:(R+700ibos_aiieE8*5#(?1k&BeINnR+nL%Pg
Ul-1>R<6,<`>;Pg6aq[^f():#"\>iGcOg*V_7opLn5djG?CN\H/_bN-4o6JR]IWN5i81H1bVOeo
8U]W9*r7kNW;BVfD!F4\.qB09pac@E#0hY690OWd[]t3Pe%Q?AcTWCjO*dpPgYsN?Nciukb7?Dq
*Y\<W+,HZ)]N!"5gA_/l3YX3^#JGshnb:\-/`>8[N[hdTA/,h:bm?l^K>glK<e%`X7WiLW0BK):
/*N8KO-ZQ&nJ%ka;Tc=:3P.jF2Bn,=h3Yl;ObG'f?M(%YQEJ:"j^G(B?<p[t>"5-(H[hu#gM,AJ
Q).VXGC?E)HB#dG=_[_ERq!/A=5&t8Gr0]qFr"-M?=2O5*#A%g4Gnpe_tN*i!.nVR]Cl[3M>mQd
:PsW>o_Z<Dp4WC=4t-=u\FHbUjh#/$L0b)5HjSd1=29:rFZX8IHPZ.5Q*lYcps/"KQ1Y#J;2`;q
b457Uio9S,7K3@>EW6$T$GU,Tpa?'=VL2%H(]OIW^M')>h.?,/iZ=FpBkQAgj@LT+ItbT>[?gPX
n6FG]+bfh[FaN*i)AmkFB`(M?B5of(F^OW@?hbs4MZ3\7VZ-W"^(^E,n/oT@$2cIH8&HF,&pX+5
GK([Gf).h1hWVHJ$h4IUoj&UX>mB`Bp)D-A[1+JZ.u08Sr4<90OUK8M&'_@c0BK^H--@p/.^R"]
r>\g?AsoM?Puu3E(PT%fN%*`G)-<_hKmD.J3E2lVeXU?O8rP4D<r3k$!+RG<q"jcQ7^d/7N$Eqj
;Of$O&)5L&8PZ=LV`OCH):M26FK*8YC3:g^\prj$?e(M@)K2Y^Iqk%ucU-H?WW(6#"4`'ShYtFf
SMd4&Nr'';&TcU=1!%W.pk6ueR/[/]^%`9@!/APR=8r7R/+nu&#k.cn"@r7;rr<2LrM2Q(nY=,h
*e"uS:%7n:rX<PV$tSl%KKL:8*tRYFqMig[r#Odf5?3m<?.?&/UpILj_md)&^laP@QLYiO_FH)j
TuR"O_ATfiB6eq24N$/5Gap?CLS5V'fZL$oGappA`Cd!C&5E$\XJHZ,9q7_2_`@\u4j.hiS@5OL
'Pg:jW@GE$TaB/<2^Y5%;Khc"ZAX(%T`5#]<R:FeLOd.tV4Y*,h[f2E/3G0IPJC+34t67=nM][`
8`K6KMf(*Z$iL=K.r:2lH/Kba>?b:q?7rLjo.Fl`hb!>rSHSeuLTFmIr6@JjIa>bH5@qTer[IUe
naF8>a2>*;?4aY\[7pm-N'%ob0-d<SLqG[I64TXINsTSVYM+(_'PR)CBpt=!!Tl[n*R1.iqZbZm
T=,j.)uD49h7a#Q^ji_h_Ta=FctT6::C?m&g#UMo+nuiHl8D4Pr"\7?0Yso*:EpR:o"cq+d.LlW
1$^kiUC:Tmr3Lo98]5SBrliT#<Q=*b.QW]G-PqZ`l:p-2n>^Mf.T*/5._&X,ReD`lV,EiF=uH<:
MRYj9HIakY3+9-A77G@5q]&QZP([U1V^PMr8hd@ac13/UE0O?]:]-HVP!p)+A""h.NK.0kUIep(
1P4#q)&VpjWNYX6p6P^YK2B91BfGe_^[-sW9))3$g(PE`Ma%;kJ'r95-/r\g]Z0Ln+o$WH9eTbu
29A756JUJn,JuU'I-DNT,Q:qmU](_drr@YYG\5r+T`(@%*uA.VZDO>R^Q!^LFXp&5*!mjJ>Ob4<
[7!LBW1Qe=5eOI>d!nDj3;\?7)KD`DLiV3DV#?lG]Q3kRQWUhDn#ORP4YI:i\#a-eAq!I3iEd\E
9u<c+N2^Hcn?ec>&mZEA)qq*[Bl_=<ME_c6V5[6=gKV$lo>JHWLE<$a:G3dDICaDr`tV@CNYnOG
1"&$k8>@7tisMETI`?)on3C@U.t4HQ_On,.h2^NJ2QuXli.dj*B8jI3`*$=uY/m-nphT,DL4A]/
:](pA`j_(#j*?,e^OoPlRu<mQHr@ZJNhHdj]HYcf*V`iG\%.k+G"13QUeJ]W>Th3"X@F/tSfSAa
GaB_^eZ*n\(D/l38qgHV,l[k^#5]68iQV/*P[Td<2g[TQ3n0q,^>2mX$`<Jf]0C\Xi0%HR?c$1)
_u9onnB^fDpsZ(]WVA\[e:'?$Ic!u,0h((D"o+QRptt+k=2Q(9n=B4!a>Dcfpg6q3K2L)FAUAd&
c,Q$J6$K*h>(rfnn\+r&"T\Q&Jp%(>rrDO`T8U0c%Xp3I'C$VLeaK\kiDoeedB"s!^crP*=<+\H
l$%(.a.dgedb)Kc9Agg_j83a^\M#P<p9oT+T<6t"UJLe#g\)Q:J)Hn_Z:BWK!+t&:ian1iNDiC<
?]KMBGN+$,_Ugs`ditF)3n`+4d<+b2o30bKjg3CuH"2n3]"EcEo.*N.2LInV`q[I@=5cC2!V$*h
?MIUlX5W5p^*n@jnMD:V[G_W7B\&X7NHqp;@(KQh[!&h+XI7;dG,o+!Y,S;RKXoS#D5W@=?g#)2
`0p,P'la\!,C-I%k.0&-)se6/)5W/-:3";3]sM23<g>TY;O(F*L*@4g-g[`LF_Ui[N8Wp_)'2dR
&SqqqJ]k:-IqmJJ7ClH,).E%Vc;ISmR[5;Y3D,O4.7MN7<9=*@o]TTJm]Gr[UmBU.dC7h:g<1eM
oqU\3XY4'qm]B_6&GG]b^jn]fYO4XKY5\KS<.5>P])Mb0nMff[n^h.C/TGhWQPTT$%"9_k[so'=
!<f^Lm^@EpN%H]imta"?T+EK7Y-QnHQ6l?,p*->^0Dn6<!/#%d!8sj5$,3sZnCN6*%=DHdJY1*7
qucJa6dj]R2*WUgQglS"n/^Rbj,jXn8s=lN"*K(QQ?\J,\YV:2Sp,q*e<9RiAoIQ1V)Ho0Pjoa'
H+e%M)YIOMk%EhDh@JTs'\m8cf#1!AG-2."C(j8-7Pq;L.J-Uh6=&T3a1F"YBD.Y?[.VjhrrCb?
p4T^!eitU*gJ<ho'eScQ/q8&QZ$<Zb=MQ0b<!ij1!FAFY%<#MAD=Q-R>HVb5/C]SrrmL=C[AnJD
;;_?2J$3/C2hA<\i@m:\?`fsii?.hFGM57*rr<IYXDcq(bs)q,#Q:,P`dZ>8!"10tgY[0oNd>bQ
c/;t(2UhX4X5a$"BJo75rr<=R(KsSUk%Yr"ptanu_/,'L?:tfaQ@:s0Ee"d48AdATDY<5-.H'P:
PuXIGod8..FE8G8e<bZ.NEK5MI?JH;M^7:3m6TiZ][CsqV@s`?)gTqbN)K)t8GjAR\N.]NF2uf(
YO+.F%2rgX!/,^mp0<Tp`8@np/!7=lBR^d!Z!O,+Jea(BL`o@+U\8R)!/"&=4"K&+A+mJ3W%WNk
DZn/UScJ_]r&FZoYe*lP(bU7_pu-?9Bs"1>jiH.OK![&JN3bm"D^H?OW,L@!p,2f;Iq$_)bOF]g
B_Y*VItbTW^7NpM?_9oEk53*20%DN2CM5ST)L/kq\C<W4ik85<UmWh&[Co?,lquP4#+lp,]S7@&
T>Zd&\8O7G1"cb0>/"F$`_-Vc<B:egK;,U&gcd>lSfq"4<`2m:,ODAOT=rM:ComX%KD7en^uh"h
f,mbR&saRrm6Yr*;\;mX_c<BL7Z3fs.([(>kGY8gH$M9YqKe#IYNKEgYbI"'!2>?!!2>?!!fj1X
fP&u]ri`?X_-s3TQ</BmTm_%B.sj>s)gQ>i/uOg$*&cBpb;?AH8C<gsY$^/^`1I$W=R_''nH7a2
NBAf_#Jf1AZ\qZ,4CR0]HVErgL:)pgeQt=s5?cJ&DX8uQQ'W[TbJqS5W/_4G&H0+d>eU7;N;iln
*u_Nd!+p-Vrlq&TFm(.W"YR1NL7T]_cYINTCS;*<%SN&hOtlr:^U#<TDu3</a;UnQLqdQZNZShH
&*ck0Ms@`7("V/b>Jq.Y7hFG7Ns'3[l95XH.MdtRlZra$^^o8G)8d!4\22%fgh2r8\?%l&$l12k
Lr3)`$M:/W2C$r(X#dMd;O_fB\8p#;S1.LMP`r"gUqT?T\?;G6ip\d?@:b:jMPX@M=]1]JC.].m
@44T\P,C2#Gfk-aigQF@O7ht_4Uu//i1p!orr@\P5ALc4gXp4IZrb%]K`;#mm4Ei]T+cH&<RlO+
psSYZTr5N1NmG`%$+d[_/W1Vc_m\pmJK/HU^S'/Mn90$Bi;-iIqt<SZT^B.>*a_^MnSc:&h)n?>
Q&et8>HjZnh2in1-76_L_?h\>)<"X:@4JcW.?6/"ZtnUi\2okPk+btb)Xq,,p5M#e%hH]#2-pVc
*q8`8mZo(.LkOgLgaUaKhtSZonis5hERql3rrCuj5O_N7%=Z:RZ2Xf^rYtWB`)^CANr>b926Hd=
pg`:K9:4U>nE5LJlZk<_*dh)([mou]r@>cH($5FciQM$ZYO+OoC)TO3LY<rVe`F+72>s8!i9S.;
^+.O6oKV#ap1NlE_Fr(aBrth6kJa&/c1+/-e!`Ng?g1l*cud#1GZm2m8'M;4f!XKX4X:$_C"J4=
Zi%ObB)'pHBD.,UOlB/prr=$&+F'74GJp[#gdaQ?ipRUhS)$Qr4*>6'FR)J[+gBAd4XpXog,Feo
><P2<dHuG2o^+iu$h*sV$h037Nb*pg\=/s.-5-VfSg$18X\0=``RUe23`)pA9!05$)kA?Z3jYkb
.FIic;fuO?]LU#P(PAoDaer&LLr;VZSh8Ej7[46S/P]9q=Mh14go[MY&VM+dkECrP]XBfJ.+0N1
A8re`)@f)()MF(Nl9Z\pJoYf78YpW%dH$FA7iF4I3TuU"Q?PO6TX"1pSR8DSn40\W-_A$O!!Nf0
YC%YT*E,G@PMdP"]DWQ*([VUi&JM%14=Ocip73/]e9@N9B>bl+[6#%p>?Su.lJKJKpoD=71DZ.*
Ds0m<0u@K]$smS,Wi9D\<%!L*2V%V2["K+fWn!Su.T"uu=i(PL,P$3t%_b.BLV[Dlk?eg!1o\H2
H#G,gT.D-"k;dAr7T+OZIs,2g6f6SRrrDb/rr@X^rle[\f<j_hr*SJ[$=A0onVsWLZJlm?iteb>
j-r,'\B9S]mn</iVr@"ejr$C1'\3d.J[8hbZrMHGBIrPE[^Lo0H[$`*@(3V)+bBu/;&iCu'P`cL
$o+d$$ur#97#6^%W2g[2-^nQ1k.-dB1Tmia0ZIRAPp2dKAVdHLXqC["3OrYR.3n\5"bh[9#DL"C
eehXT*'@G+E`?bmRZmaC\Sh?"$7MXY%\YR>#N\Ob7n$;M&+HJo5R%5P.&)S!.&)S!9FjGb;Jfe/
YN.pbSOEMq"/)BG-igI0=8i]UrrA7FrK"_[L\t$L!7cqbgA^B<pf7=oK<tRXjQ(f#n,":.!#0qU
@X*(29CS#A9:WKj_6ZB)=5jaLj6udjZ(L^`#QFe'Qui'`YM;qK2`(G2g[GmU`#k&TqPn\lr&_+;
:\Zk)r_hM?'E5olO2(OkFkZh_iue(B\=<K93Of!\f0:24n+e&9htAnBJ*K`Qr@6Elq@D[W#GD!n
?A%H+Pq@IpT@3mcW9C6G!WEeu.%gX!.%gX!.%g\mVlGCB!7Kd8J-m]t!fAD!!fAD!!fAD!!g'FR
THC*HZqpg@;:/?l!g\]l!2>?!!2RF&+-eDl!8X^Sebk3t;W&%8IT3[N!C[]!!C[]!!C[]!!C[]!
!C[]!#Nr;g'm%3`'YYfA_)f>Hrr<%H([u%MnH\&\NP5aEQbn1fn99UrL>uUlVst2H)IB1QV-?`8
C6r"AkdMIqg=dghk36a:hTe.LjG!tjb592M$h9S$D\CrP1ZC'@4B:nJ`VO,n>Mo3Sa$(KoHm.KB
3Fd)gQPps%XL-eX2R"EMfh?#]X0BE)m$(I."Fm'8c_bL!IP-)qrr</85%o_hT,YKUr&"2ZTnoP"
4Yu(fJil'R.r/^c43aDkp76UXKS5N323aEu,CIStgt1fg"l_#igcd(f>:NbA/h[t4WRdo%p)'f-
p/L8HW6Ur+<M6*Y8hb.A\YV4L[*i:t`B5CEYgoM*Vi>q9oI0SRe#?!o;4Mpn41?(sFQD5YjHW/E
^!#^@!6;a(^N^JWN!MY1a/pY;V3f-Xpc!Er#u0q2=g"k+!,'PXiJmKrmk)SsDi.m6Hlm)E7O5?%
%(cGAiN$Npr34phd6O]5XBS.Ek$.<L20]$+c#YP+BB/I7b=Y*AD;b2ei-X+lceV`H5D=;_(^#`0
Y2.87ao-[DN>s$@.Fk>d@AVO40N;[tjXM+YWNS4DnjgJqnEW;lX\O.iB_7ND'dNIQZlmid](:9@
kKckbdM2:!FG`23k"<f:Gp`T1EiHR4J@Wca!)7s:mtUiBi7F%b-?b/c%E>Mmqb$Y6,@Jr&pl"0#
3c1D^CmC-1(Z>l4?%ceb=@[Up7R1CPfBD,-&,7E:r"GRnA\YS&rY#4PT*fBs:LGA^:DilA9YC.k
isT(I9![:+G`UiYpPQ@12X>Af'5;L>ZF3@/af^#0NI3BG')J112TJh(jc$.sn?cE`VcKZ=V+;uj
3-pR-28aZWSQ(dK`ZkM=L7HLfX'VN+>[\O*KWVD;X>T9m"MaG%TD0V&m?d]tCK_diD;b@si+MEV
!-<-u2R2f(idQHWBm*S390QuQ%"'"m%6IqlOfHS38h;TsA(,f?']Df`ijaO9/H5_6GP`,(`?,/r
@,HP3&&>B!hAqeRcuf(f<q.i"2-5P,`ZGc)?[$Dk)R#-JCTKr6^\4P:W?o227ZbN)V.dGG]q0qN
f[smR2R]mhCpC!j!!!!5!!!$i70%9@IgYgF_LYLd`;%6g%-NQ1)E<aN%TuDQdZ.OdPbh+!>t1tH
[(0b*XVBKJS8$ELX//.QV)_3@NZ[4b]-*$28"10OS9ZSo.jV%8m<DL*Y8T7P8[P<SbA#Ih;+RF=
/)a:$$7MX!$7MX!$7MX!$7MX!$7MX!$7MX!$N:dTi9]Q8qag_,`$lr1'S"(CJ=lY9Sf[O-m\[^'
q"ae#rlLe?0!jO*&H:'AZerWlN8!0BoZQV@_citV0*ta*NqYri[4B>k$i:AoCV\23CNk+62`&CE
/<`Q+Glo-k_)t#<iI2ufB/ln+nJ#s7Z#o)#&+'7rSg+\FKNrr$TaO=i'W$(,'=Ofm`0j>)mjYH,
dAp$%9!b3;3kX7+fiP(OVoY\d<#Se5<e$7/a8YCSh^A=PpCI64bZ5hT<mQ;LWr`5##S4u480EE(
.G&pupDa,4%YXi^Jms5WMginM!;L@%5Q2k?45fl2'=7BOrL^`PV0l5:-i5EA&bo`'(IPR[XE9L@
pb0Fo?AIM\3n%?<RnM<!m55h_'138)Vd)r-G)C8s]WW9%XD@L!pVnbR29BoUZAqqQd]8aH\D.f[
PpM+WFQ\Lue>!o-QEuo'ANS)#2eA_#T*L[,I@+D`*!S<u3s@TP0pm>^i<<S[;57/,,oH5O9:AI)
/$uJ0hO=D7]a)o6.Tuhf"41M7rd$e3$7MX!$7MX!$7MX!$7MX!$7MX!$7MX!$7MX!$7MX!$7MX!
$7MX!$7MX!$7MX!$7MX!$7MX!$7MX!$7MX!$7MX!$7MX!$7MX!$7MX!$7MX!$7MX!$7MX!$7MX!
$7MX!$7MX!$7MX!$7MX!$7MX!$7MX!$7MX!$7MX!$7MX!$7MX!$7MX!$7MX!$7MX!$7MX!$7MX!
$7MX!$7MX!$7MX!$7MX!$7MX!$7MX!$7MX!5QBC:~>
endstream
endobj
10 0 obj
47239
endobj
4 0 obj
<<
/Type /Page
/MediaBox [0 0 612 792]
/Parent 3 0 R
/Resources <</ProcSet [ /PDF /Text /ImageC ] /Font << /F0 7 0 R /F1 8 0 R >> /XObject << /im1 9 0 R >> >>
/Contents 5 0 R
/CropBox [0 0 612 792]
>>
endobj
2 0 obj
<<
/Type /Catalog
/Pages 3 0 R
>>
endobj
3 0 obj
<<
/Type /Pages
/Kids [ 
4 0 R ]
/Count 1
>>
endobj
xref
0 11
0000000000 65535 f 
0000000009 00000 n 
0000049575 00000 n 
0000049624 00000 n 
0000049359 00000 n 
0000000212 00000 n 
0000001616 00000 n 
0000001636 00000 n 
0000001760 00000 n 
0000001899 00000 n 
0000049337 00000 n 
trailer
<<
/Size 11
/Root 2 0 R
/Info 1 0 R
>>
startxref
49684
%%EOF